2021-02-05 09:22:57.537 6896-7324/com.tencent.mobileqq E/ActivityThread: packages= com.tencent.mobileqq acquireProvider 9876 auth = com.tencent.common.config.provider.QZoneConfigProvider c=android.app.ContextImpl@4b006ee
2021-02-05 09:22:57.537 6896-6927/com.tencent.mobileqq E/OfflineEnvHelper: getSDOfflineDir, initEnv
2021-02-05 09:22:57.538 6896-7324/com.tencent.mobileqq E/ActivityThread: packages= com.tencent.mobileqq acquireProvider 9876 auth = com.tencent.common.config.provider.QZoneConfigProvider c=android.app.ContextImpl@4b006ee
2021-02-05 09:22:57.580 6896-6927/com.tencent.mobileqq E/ApolloConfig_GlobalProcessor: parseApolloConfBean err params
2021-02-05 09:22:57.583 6896-6927/com.tencent.mobileqq E/ApolloConfigDataReport: parseBasicJson file is null
2021-02-05 09:22:57.583 6896-6927/com.tencent.mobileqq E/ApolloConfigDataReport: parseReportConfigJson mBaseJSONObj is null
2021-02-05 09:22:57.583 6896-6927/com.tencent.mobileqq E/ApolloConfigDataReport: storeStabilityWatchCMDList mBaseJSONObj is null
2021-02-05 09:22:57.583 6896-6927/com.tencent.mobileqq E/ApolloConfigDataReport: storeStabilityWatchCMDList mBaseJSONObj is null
2021-02-05 09:22:57.658 6896-6927/com.tencent.mobileqq E/SQLiteLog: (1) no such table: mr_friend_BBBCA2C74347FFE57DBAFDBABFCB5DF0_New in "select * from mr_friend_BBBCA2C74347FFE57DBAFDBABFCB5DF0_New where _id in (select _id from mr_friend_BBBCA2C74347FFE57DBAFDBABFCB5DF0_New order
2021-02-05 09:22:57.688 6896-7268/com.tencent.mobileqq E/DesktopDataManager: query, tempList is null.
2021-02-05 09:22:57.690 6896-7268/com.tencent.mobileqq E/SQLiteLog: (1) no such table: mr_friend_94DACD29F5196982511236CEDAD26525_New in "select * from mr_friend_94DACD29F5196982511236CEDAD26525_New where _id in (select _id from mr_friend_94DACD29F5196982511236CEDAD26525_New order
2021-02-05 09:22:57.690 6896-7268/com.tencent.mobileqq E/SQLiteLog: (1) no such table: mr_friend_94DACD29F5196982511236CEDAD26525_New in "select * from mr_friend_94DACD29F5196982511236CEDAD26525_New where time>=? and time<=? order by time asc"
2021-02-05 09:22:57.687 7263-7263/? E/audit: rate limit exceeded
2021-02-05 09:22:57.774 6896-6896/com.tencent.mobileqq E/SurfaceView: 129815127finished drawing but no pending report draw (extra call to draw completion runnable?)
2021-02-05 09:22:57.978 6896-7324/com.tencent.mobileqq E/SQLiteLog: (1) no such table: mr_friend_D4FCC05BD8205C41FBE4F2645BF0C6B8_New in "select * from mr_friend_D4FCC05BD8205C41FBE4F2645BF0C6B8_New where _id in (select _id from mr_friend_D4FCC05BD8205C41FBE4F2645BF0C6B8_New order
2021-02-05 09:22:57.979 6896-7324/com.tencent.mobileqq E/SQLiteLog: (1) no such table: mr_friend_D4FCC05BD8205C41FBE4F2645BF0C6B8_New in "select * from mr_friend_D4FCC05BD8205C41FBE4F2645BF0C6B8_New where time>=? and time<=? order by time asc"
2021-02-05 09:22:58.196 6896-7284/com.tencent.mobileqq E/MiniSdkUtil: needJumpToMiniApp getConfig isOn = false
2021-02-05 09:22:58.227 6896-7284/com.tencent.mobileqq E/MiniSdkUtil: needJumpToMiniSDK hasMiniAppDecide lastMiniAppDecide = false
2021-02-05 09:22:58.260 6896-6896/com.tencent.mobileqq E/DesktopDittoAreaView: handleExposureReport: data{"refer":"3013","actionType":"desktop","subAction":"quick_game","reservesAction":"expo","dubheReportData":{"appId":"tianshu.78","pageId":"tianshu.78","useMiniAppInfoTianShuId":"true"}}
2021-02-05 09:22:58.266 6896-6896/com.tencent.mobileqq E/com.tencent.component.network.module.common.NetworkState: NetworkStateReceiver ====== android.net.conn.CONNECTIVITY_CHANGE
2021-02-05 09:22:58.313 6896-7126/com.tencent.mobileqq E/VasMonitorHandler: report err appid=individual_v2_font_dpc_fail, errCode=font_dpc_fail, log=AOSP on coral; CPU number: 8; CPU frequency: 1743; RAM: 5731966976, key4=default, value2=0.0
2021-02-05 09:22:58.355 2397-3457/com.android.phone E/LocationAccessPolicy: Allowing com.tencent.mobileqq fine because it doesn't target API 29 yet. Please fix this app. Called from getAllCellInfo
2021-02-05 09:22:58.716 6896-6896/com.tencent.mobileqq E/ThemeSwitcher: beforeSwitch: 1000=>1000
2021-02-05 09:22:58.719 6896-6896/com.tencent.mobileqq E/ThemeSwitcher: needSwitch: normal not changed
2021-02-05 09:22:58.719 6896-6896/com.tencent.mobileqq E/ThemeSwitcher: needRetry: false switchSuccess: true
2021-02-05 09:22:58.721 6896-6896/com.tencent.mobileqq E/ThemeSwitcher: onEndSwitch: 0,false 1000 start 02-05 09:22:57 ,206
2021-02-05 09:22:58.722 6896-6896/com.tencent.mobileqq E/ThemeSwitcher: needRetry: false sIsSwitching: false
2021-02-05 09:22:58.849 6896-7246/com.tencent.mobileqq E/SQLiteLog: (1) no such table: mr_friend_D4FCC05BD8205C41FBE4F2645BF0C6B8_New in "select * from mr_friend_D4FCC05BD8205C41FBE4F2645BF0C6B8_New where time>=? and time<=? order by time asc"
2021-02-05 09:22:58.986 6896-7369/com.tencent.mobileqq E/SQLiteLog: (1) no such table: ContactMatch in "DELETE FROM ContactMatch"
2021-02-05 09:22:58.986 6896-7369/com.tencent.mobileqq E/SQLiteLog: (1) no such table: ContactBinded in "DELETE FROM ContactBinded"
2021-02-05 09:22:58.988 6896-7362/com.tencent.mobileqq E/SQLiteLog: (1) no such table: mr_friend_D4FCC05BD8205C41FBE4F2645BF0C6B8_New in "select * from mr_friend_D4FCC05BD8205C41FBE4F2645BF0C6B8_New where time>=? and time<=? order by time asc"
2021-02-05 09:22:58.988 6896-7225/com.tencent.mobileqq E/SQLiteLog: (1) no such table: mr_friend_D4FCC05BD8205C41FBE4F2645BF0C6B8_New in "select * from mr_friend_D4FCC05BD8205C41FBE4F2645BF0C6B8_New where time>=? and time<=? order by time asc"
2021-02-05 09:22:58.990 6896-7224/com.tencent.mobileqq E/SQLiteLog: (1) no such table: mr_friend_D4FCC05BD8205C41FBE4F2645BF0C6B8_New in "select * from mr_friend_D4FCC05BD8205C41FBE4F2645BF0C6B8_New where time>=? and time<=? order by time asc"
2021-02-05 09:22:58.991 6896-7362/com.tencent.mobileqq E/SQLiteLog: (1) no such table: mr_friend_D4FCC05BD8205C41FBE4F2645BF0C6B8_New in "select * from mr_friend_D4FCC05BD8205C41FBE4F2645BF0C6B8_New where time>=? and time<=? order by time asc"
2021-02-05 09:22:58.991 6896-7246/com.tencent.mobileqq E/SQLiteLog: (1) no such table: mr_friend_D4FCC05BD8205C41FBE4F2645BF0C6B8_New in "select * from mr_friend_D4FCC05BD8205C41FBE4F2645BF0C6B8_New where time>=? and time<=? order by time asc"
2021-02-05 09:22:59.065 6896-6927/com.tencent.mobileqq E/Q.videostory.config.VSEntranceWidgetHelper: handleStyleConfig error!
2021-02-05 09:22:59.065 6896-6927/com.tencent.mobileqq E/Q.videostory.config.VSEntranceWidgetHelper: handleWidgetConfig error!
2021-02-05 09:22:59.720 6896-7434/com.tencent.mobileqq E/WxapkgUnpacker: unpackAtomically wxapkgPath:/data/user/9876/com.tencent.mobileqq/files/mini/1108291530_2.17.0.qapkg outDirPath:/data/user/9876/com.tencent.mobileqq/files/mini/F9ACFDE1995FF6447C73E06212097A9E_e77f3077243d44b3bdae04e50713fa55 uniqueFolderSubPath: isMiniGame:false
2021-02-05 09:22:59.793 6896-7434/com.tencent.mobileqq E/MiniAppGlobal: getExternalPath : /storage/emulated/9876/Android/data/com.tencent.mobileqq
2021-02-05 09:22:59.809 915-1012/? E/soundtrigger: audio_extn_sound_trigger_update_stream_status: invalid input device 0x0, for event 2
2021-02-05 09:22:59.815 6896-7464/com.tencent.mobileqq E/SQLiteLog: (1) no such table: mr_friend_B8C4C8B2271787E2F78B5FE2CE193CAA_New in "select * from mr_friend_B8C4C8B2271787E2F78B5FE2CE193CAA_New order by _id desc limit 40"
2021-02-05 09:22:59.815 6896-7464/com.tencent.mobileqq E/SQLiteLog: (1) no such table: mr_friend_966BC24F56AB8397AB2303E8E4CDB4C7_New in "select * from mr_friend_966BC24F56AB8397AB2303E8E4CDB4C7_New order by _id desc limit 40"
2021-02-05 09:22:59.838 6896-7464/com.tencent.mobileqq E/ActivityThread: packages= com.tencent.mobileqq acquireProvider 9876 auth = qq.friendlist c=android.app.ContextImpl@4b006ee
2021-02-05 09:22:59.843 6896-7464/com.tencent.mobileqq E/ActivityThread: packages= com.tencent.mobileqq acquireProvider 9876 auth = qq.friendlist c=android.app.ContextImpl@4b006ee
2021-02-05 09:22:59.850 6979-7000/com.tencent.mobileqq E/ActivityThread: packages= com.tencent.mobileqq acquireProvider 9876 auth = com.tencent.mqq.shared_file_accessor.ContentProviderImpl c=android.app.ContextImpl@244dc69
2021-02-05 09:22:59.852 6979-7000/com.tencent.mobileqq E/ActivityThread: packages= com.tencent.mobileqq acquireProvider 9876 auth = com.tencent.mqq.shared_file_accessor.ContentProviderImpl c=android.app.ContextImpl@244dc69
2021-02-05 09:22:59.857 6979-7000/com.tencent.mobileqq E/ActivityThread: packages= com.tencent.mobileqq acquireProvider 9876 auth = com.tencent.mqq.shared_file_accessor.ContentProviderImpl c=android.app.ContextImpl@244dc69
2021-02-05 09:22:59.857 6979-7000/com.tencent.mobileqq E/ActivityThread: packages= com.tencent.mobileqq acquireProvider 9876 auth = com.tencent.mqq.shared_file_accessor.ContentProviderImpl c=android.app.ContextImpl@244dc69
2021-02-05 09:22:59.858 6979-7000/com.tencent.mobileqq E/MD5: loadso msfbootV2 true resultCode=262144 cost=0
2021-02-05 09:22:59.896 6896-7126/com.tencent.mobileqq E/Theme.ThemeHandler: engine path old is : null new is null
2021-02-05 09:22:59.896 6896-7126/com.tencent.mobileqq E/Theme.ThemeHandler: clear weekTheme because seriesId=0
2021-02-05 09:22:59.897 6896-7126/com.tencent.mobileqq E/ThemeSwitcher: **4393564 startSwitch: 1000, 204
2021-02-05 09:22:59.897 6896-7126/com.tencent.mobileqq E/Theme.ThemeHandler: onGetServerTheme: 1000,false,false,204
2021-02-05 09:23:00.218 6896-7479/com.tencent.mobileqq E/SQLiteLog: (1) no such table: mr_friend_695B7DDE546385FCF64BC33FAFA46C28_New in "select * from mr_friend_695B7DDE546385FCF64BC33FAFA46C28_New where _id in (select _id from mr_friend_695B7DDE546385FCF64BC33FAFA46C28_New order
2021-02-05 09:23:00.247 6896-7479/com.tencent.mobileqq E/UploadNative: System.loadLibrary failed..
2021-02-05 09:23:00.263 6896-7479/com.tencent.mobileqq E/SQLiteLog: (1) no such table: mr_friend_695B7DDE546385FCF64BC33FAFA46C28_New in "select * from mr_friend_695B7DDE546385FCF64BC33FAFA46C28_New where uniseq=?"
2021-02-05 09:23:00.269 6896-7479/com.tencent.mobileqq E/SQLiteLog: (1) no such table: mr_friend_695B7DDE546385FCF64BC33FAFA46C28_New in "select * from mr_friend_695B7DDE546385FCF64BC33FAFA46C28_New where uniseq=?"
2021-02-05 09:23:00.273 6896-7479/com.tencent.mobileqq E/SQLiteLog: (1) no such table: mr_friend_695B7DDE546385FCF64BC33FAFA46C28_New in "select * from mr_friend_695B7DDE546385FCF64BC33FAFA46C28_New where uniseq=?"
2021-02-05 09:23:00.276 6896-7479/com.tencent.mobileqq E/SQLiteLog: (1) no such table: mr_friend_695B7DDE546385FCF64BC33FAFA46C28_New in "select * from mr_friend_695B7DDE546385FCF64BC33FAFA46C28_New where uniseq=?"
2021-02-05 09:23:00.282 6896-7479/com.tencent.mobileqq E/SQLiteLog: (1) no such table: mr_friend_8C827D5709C01DF7262224B4D50667EF_New in "select * from mr_friend_8C827D5709C01DF7262224B4D50667EF_New where _id in (select _id from mr_friend_8C827D5709C01DF7262224B4D50667EF_New order
2021-02-05 09:23:00.282 6896-7479/com.tencent.mobileqq E/SQLiteLog: (1) no such table: mr_friend_D005CE7AEEF46BD18515F783FB8E87FA_New in "select * from mr_friend_D005CE7AEEF46BD18515F783FB8E87FA_New order by time desc , _id desc"
2021-02-05 09:23:00.283 6896-7479/com.tencent.mobileqq E/SQLiteLog: (1) no such table: mr_friend_ADE1D98C5AB2997E867B1151A5C5028D_New in "select * from mr_friend_ADE1D98C5AB2997E867B1151A5C5028D_New where _id in (select _id from mr_friend_ADE1D98C5AB2997E867B1151A5C5028D_New order
2021-02-05 09:23:00.283 6896-7479/com.tencent.mobileqq E/SQLiteLog: (1) no such table: mr_friend_FCED4F35799409DD854EBEAEA7DB546D_New in "select * from mr_friend_FCED4F35799409DD854EBEAEA7DB546D_New order by time desc , _id desc"
2021-02-05 09:23:00.283 6896-7479/com.tencent.mobileqq E/SQLiteLog: (1) no such table: mr_friend_853573B5A907ED8B2F4FEC25A92406A2_New in "select * from mr_friend_853573B5A907ED8B2F4FEC25A92406A2_New where _id in (select _id from mr_friend_853573B5A907ED8B2F4FEC25A92406A2_New order
2021-02-05 09:23:00.294 6896-7503/com.tencent.mobileqq E/SQLiteLog: (1) no such table: FeedInfo in "DELETE FROM FeedInfo WHERE feedTime<?"
2021-02-05 09:23:00.308 6896-7331/com.tencent.mobileqq E/MSF.C.NativeConfigStore: loadso msfbootV2 true resultCode=262144 cost=0
2021-02-05 09:23:00.338 6896-7250/com.tencent.mobileqq E/ActivityThread: packages= com.tencent.mobileqq acquireProvider 9876 auth = qq.friendlist c=android.app.ContextImpl@4b006ee
2021-02-05 09:23:00.339 6896-7250/com.tencent.mobileqq E/ActivityThread: packages= com.tencent.mobileqq acquireProvider 9876 auth = qq.friendlist c=android.app.ContextImpl@4b006ee
2021-02-05 09:23:00.357 6896-6927/com.tencent.mobileqq E/SQLiteLog: (1) no such table: mr_friend_D4FCC05BD8205C41FBE4F2645BF0C6B8_New in "select * from mr_friend_D4FCC05BD8205C41FBE4F2645BF0C6B8_New where time>=? and time<=? order by time asc"
2021-02-05 09:23:00.422 6896-6896/com.tencent.mobileqq E/DiscPicThumbDownloader<FileAssistant>: [downloadThumb]  ID[4] OnDiscDownloadInfo isSuccess[false],retCode[-7003],retMsg[原文件已失效，无法操作。]
2021-02-05 09:23:00.422 6896-6896/com.tencent.mobileqq E/DiscPicThumbDownloader<FileAssistant>: [downloadThumb]  ID[3] OnDiscDownloadInfo isSuccess[false],retCode[-7003],retMsg[原文件已失效，无法操作。]
2021-02-05 09:23:00.536 6896-6896/com.tencent.mobileqq E/DiscPicThumbDownloader<FileAssistant>: [downloadThumb]  ID[0] OnDiscDownloadInfo isSuccess[false],retCode[-7003],retMsg[原文件已失效，无法操作。]
2021-02-05 09:23:00.538 6896-6896/com.tencent.mobileqq E/DiscPicThumbDownloader<FileAssistant>: [downloadThumb]  ID[1] OnDiscDownloadInfo isSuccess[false],retCode[-7003],retMsg[原文件已失效，无法操作。]
2021-02-05 09:23:00.554 6896-6896/com.tencent.mobileqq E/DiscPicThumbDownloader<FileAssistant>: [downloadThumb]  ID[2] OnDiscDownloadInfo isSuccess[false],retCode[-7003],retMsg[原文件已失效，无法操作。]
2021-02-05 09:23:00.556 6896-6896/com.tencent.mobileqq E/DiscPicThumbDownloader<FileAssistant>: [downloadThumb]  ID[5] OnDiscDownloadInfo isSuccess[false],retCode[-7003],retMsg[原文件已失效，无法操作。]
2021-02-05 09:23:00.582 6896-7250/com.tencent.mobileqq E/SQLiteLog: (1) no such table: mr_friend_B8C4C8B2271787E2F78B5FE2CE193CAA_New in "select * from mr_friend_B8C4C8B2271787E2F78B5FE2CE193CAA_New order by _id desc limit 40"
2021-02-05 09:23:00.583 6896-7250/com.tencent.mobileqq E/SQLiteLog: (1) no such table: mr_friend_966BC24F56AB8397AB2303E8E4CDB4C7_New in "select * from mr_friend_966BC24F56AB8397AB2303E8E4CDB4C7_New order by _id desc limit 40"
2021-02-05 09:23:00.598 6896-7250/com.tencent.mobileqq E/SQLiteLog: (1) no such table: mr_friend_B8C4C8B2271787E2F78B5FE2CE193CAA_New in "select * from (select count() as unReadNum from mr_friend_B8C4C8B2271787E2F78B5FE2CE193CAA_New mr where mr.isread=0),(select count() as hasRepl
2021-02-05 09:23:00.600 6896-7250/com.tencent.mobileqq E/SQLiteLog: (1) no such table: mr_friend_966BC24F56AB8397AB2303E8E4CDB4C7_New in "select * from (select count() as unReadNum from mr_friend_966BC24F56AB8397AB2303E8E4CDB4C7_New mr where mr.isread=0),(select count() as hasRepl
2021-02-05 09:23:00.611 6896-7250/com.tencent.mobileqq E/VasQuickUpdateManager: initEngine: com.tencent.mobileqq.vas.VasQuickUpdateManager@2f314e7
2021-02-05 09:23:00.614 6896-7250/com.tencent.mobileqq E/ActivityThread: packages= com.tencent.mobileqq acquireProvider 9876 auth = telephony c=android.app.ContextImpl@4b006ee
2021-02-05 09:23:00.625 6896-7250/com.tencent.mobileqq E/ActivityThread: packages= com.tencent.mobileqq acquireProvider 9876 auth = telephony c=android.app.ContextImpl@4b006ee
2021-02-05 09:23:00.630 6896-7250/com.tencent.mobileqq E/ActivityThread: packages= com.tencent.mobileqq acquireProvider 9876 auth = telephony c=android.app.ContextImpl@4b006ee
2021-02-05 09:23:00.634 6896-7250/com.tencent.mobileqq E/ActivityThread: packages= com.tencent.mobileqq acquireProvider 9876 auth = telephony c=android.app.ContextImpl@4b006ee
2021-02-05 09:23:00.643 6896-7250/com.tencent.mobileqq E/VIPService: handleGetVipInfoReq, pullPayRuleCfgTime=0
2021-02-05 09:23:00.657 6896-7250/com.tencent.mobileqq E/ArkConfBean: this object is not a ArkPlatformConfigBean object
2021-02-05 09:23:00.658 6896-7250/com.tencent.mobileqq E/ArkConfBean: this object is not a ArkMsgAIDisableConfBean object
2021-02-05 09:23:00.659 6896-7546/com.tencent.mobileqq E/VasQuickUpdateEngine_Native: [2021-02-05 09:23:00][1612488180659][error   ][UpdateMainThreadCallBack:7546][task:371]: CXPTaskBase[0x941ca010], local_context[0x946cd620], Runloop[UpdateMainThreadCallBack], ThreadId[7546]
2021-02-05 09:23:00.659 6896-7547/com.tencent.mobileqq E/VasQuickUpdateEngine_Native: [2021-02-05 09:23:00][1612488180659][error   ][DownloadThread:7547][task:371]: CXPTaskBase[0x941ca410], local_context[0x946cd5d0], Runloop[DownloadThread], ThreadId[7547]
2021-02-05 09:23:00.659 6896-7545/com.tencent.mobileqq E/VasQuickUpdateEngine_Native: [2021-02-05 09:23:00][1612488180659][error   ][UpdateMainThread:7545][task:371]: CXPTaskBase[0x941ca290], local_context[0x946cd210], Runloop[UpdateMainThread], ThreadId[7545]
2021-02-05 09:23:00.660 6896-7545/com.tencent.mobileqq E/VasQuickUpdateEngine_Native: [2021-02-05 09:23:00][1612488180659][error   ][UpdateMainThread:7545][unnamed:252]: CUpdateManager updateAllItem from login
2021-02-05 09:23:00.661 6896-7548/com.tencent.mobileqq E/Ark.WordSegment: RegexJNI::Init, init success
2021-02-05 09:23:00.661 6896-7545/com.tencent.mobileqq E/VasQuickUpdateEngine_Native: [2021-02-05 09:23:00][1612488180661][error   ][UpdateMainThread:7545][unnamed:133]: selectAllItems error: itemList = NULL
2021-02-05 09:23:00.662 6896-7250/com.tencent.mobileqq E/ArkConfBean: this object is not a ArkAIKeyWordConfBean object
2021-02-05 09:23:00.662 6896-7548/com.tencent.mobileqq E/ArkConfBean: this object is not a ArkAIDictConfBean object
2021-02-05 09:23:00.662 6896-6927/com.tencent.mobileqq E/ArkConfBean: this object is not a ArkPlatformConfigBean object
2021-02-05 09:23:00.662 6896-7548/com.tencent.mobileqq E/ArkConfBean: this object is not a ArkAIDictConfBean object
2021-02-05 09:23:00.662 6896-7548/com.tencent.mobileqq E/ArkConfBean: this object is not a ArkAIDictConfBean object
2021-02-05 09:23:00.664 6896-7545/com.tencent.mobileqq E/VasQuickUpdateEngine_Native: [2021-02-05 09:23:00][1612488180664][error   ][UpdateMainThread:7545][unnamed:139]: CTaskSyncTable SendPbRequest seq 0 sync_mode 0 success
2021-02-05 09:23:00.697 6896-7250/com.tencent.mobileqq E/ActivityThread: packages= com.tencent.mobileqq acquireProvider 9876 auth = telephony c=android.app.ContextImpl@4b006ee
2021-02-05 09:23:00.700 6896-7250/com.tencent.mobileqq E/ActivityThread: packages= com.tencent.mobileqq acquireProvider 9876 auth = telephony c=android.app.ContextImpl@4b006ee
2021-02-05 09:23:00.705 6896-7250/com.tencent.mobileqq E/ActivityThread: packages= com.tencent.mobileqq acquireProvider 9876 auth = telephony c=android.app.ContextImpl@4b006ee
2021-02-05 09:23:00.708 6896-7250/com.tencent.mobileqq E/ActivityThread: packages= com.tencent.mobileqq acquireProvider 9876 auth = telephony c=android.app.ContextImpl@4b006ee
2021-02-05 09:23:00.714 6896-7250/com.tencent.mobileqq E/VIPService: handleGetVipInfoReq, pullPayRuleCfgTime=0
2021-02-05 09:23:00.758 6896-7250/com.tencent.mobileqq E/SQLiteLog: (1) no such table: Ability in "INSERT OR REPLACE  INTO Ability(uin,flags) VALUES (?,?)"
2021-02-05 09:23:00.759 6896-7250/com.tencent.mobileqq E/SQLiteDatabase: Error inserting uin=214393564 flags=-1
    android.database.sqlite.SQLiteException: no such table: Ability (code 1 SQLITE_ERROR): , while compiling: INSERT OR REPLACE  INTO Ability(uin,flags) VALUES (?,?)
        at android.database.sqlite.SQLiteConnection.nativePrepareStatement(Native Method)
        at android.database.sqlite.SQLiteConnection.acquirePreparedStatement(SQLiteConnection.java:1045)
        at android.database.sqlite.SQLiteConnection.prepare(SQLiteConnection.java:652)
        at android.database.sqlite.SQLiteSession.prepare(SQLiteSession.java:590)
        at android.database.sqlite.SQLiteProgram.<init>(SQLiteProgram.java:61)
        at android.database.sqlite.SQLiteStatement.<init>(SQLiteStatement.java:33)
        at android.database.sqlite.SQLiteDatabase.insertWithOnConflict(SQLiteDatabase.java:1699)
        at android.database.sqlite.SQLiteDatabase.replace(SQLiteDatabase.java:1617)
        at com.tencent.mobileqq.app.SQLiteDatabase.replace(P:457)
        at com.tencent.mobileqq.persistence.EntityManager.insertOrReplace(P:470)
        at com.tencent.mobileqq.persistence.OGEntityManager.insertOrReplace(P:40)
        at com.tencent.mobileqq.persistence.EntityManager.persistOrReplace(P:442)
        at com.tencent.mobileqq.persistence.EntityManagerFactory.verifyAuthentication(P:108)
        at com.tencent.biz.qqstory.app.QQStoryContext.a(P:148)
        at vca.a(P:210)
        at vbm.<init>(P:763)
        at vca.<init>(P:56)
        at com.tencent.mobileqq.app.QQAppInterface.getManager(P:2924)
        at com.tencent.mobileqq.app.QQAppInterface.a(P:2116)
        at com.tencent.mobileqq.app.QQAppInterface.a(P:2085)
        at com.tencent.mobileqq.app.automator.step.AfterSyncMsg.e(P:423)
        at com.tencent.mobileqq.app.automator.step.AfterSyncMsg.a(P:160)
        at com.tencent.mobileqq.app.automator.AsyncStep.run(P:57)
        at com.tencent.mobileqq.app.automator.LinearGroup.a(P:10)
        at com.tencent.mobileqq.app.automator.AsyncStep.run(P:57)
        at com.tencent.mobileqq.app.automator.Automator.run(P:117)
        at java.util.concurrent.ThreadPoolExecutor.runWorker(ThreadPoolExecutor.java:1167)
        at java.util.concurrent.ThreadPoolExecutor$Worker.run(ThreadPoolExecutor.java:641)
        at java.lang.Thread.run(Thread.java:923)
2021-02-05 09:23:00.761 6896-6940/com.tencent.mobileqq E/Q.qqstory.StoryManager: load my local video count:0, []
2021-02-05 09:23:00.761 6896-6940/com.tencent.mobileqq E/Q.qqstory.user.QQStoryRuntime: get current unionId from sp 0_1000
2021-02-05 09:23:00.764 6896-7250/com.tencent.mobileqq E/MediaPlayerMgr: [TVK_SDKMgr.java]checkASanMode failure! useASan
2021-02-05 09:23:00.764 6896-7250/com.tencent.mobileqq E/MediaPlayerMgr: [SDKUpdateHelper.java]checkFileAndConfig failed! sdkDir:/data/user/9876/com.tencent.mobileqq/files/TencentVideoKitUpdate, configFile: /data/user/9876/com.tencent.mobileqq/files/TencentVideoKitUpdate/TVKConfig.ser
2021-02-05 09:23:00.764 6896-7250/com.tencent.mobileqq E/MediaPlayerMgr: [SDKUpdateHelper.java]checkUpdateLocalFiles checkFileAndConfig failed
2021-02-05 09:23:00.764 6896-7250/com.tencent.mobileqq E/MediaPlayerMgr: [SDKUpdateHelper.java]checkFileAndConfig failed! sdkDir:/data/user/9876/com.tencent.mobileqq/files/TencentVideoKit, configFile: /data/user/9876/com.tencent.mobileqq/files/TencentVideoKit/TVKConfig.ser
2021-02-05 09:23:00.765 6896-7250/com.tencent.mobileqq E/MediaPlayerMgr: [TVK_SDKMgr.java]createProxyFactory, dexClassloader == null!
2021-02-05 09:23:00.765 6896-7250/com.tencent.mobileqq E/MediaPlayerMgr: [TVK_SDKMgr.java]createProxyFactory, exception failed!, error: Attempt to invoke virtual method 'java.lang.Class java.lang.ClassLoader.loadClass(java.lang.String)' on a null object reference
2021-02-05 09:23:00.779 6896-6927/com.tencent.mobileqq E/MiniSdkUtil: needJumpToMiniSDK hasMiniAppDecide lastMiniAppDecide = false
2021-02-05 09:23:00.780 6896-6927/com.tencent.mobileqq E/MiniSdkUtil: needJumpToMiniSDK hasMiniAppDecide lastMiniAppDecide = false
2021-02-05 09:23:00.783 6896-6927/com.tencent.mobileqq E/MiniSdkUtil: needJumpToMiniGame getConfig isOn = false
2021-02-05 09:23:00.795 7587-7587/? E/Zygote: 112 com_android_internal_os_Zygote BindMount(/mnt/user/9876, /storage)
2021-02-05 09:23:00.808 6896-7581/com.tencent.mobileqq E/SQLiteLog: (1) no such table: Ability in "INSERT OR REPLACE  INTO Ability(uin,flags) VALUES (?,?)"
2021-02-05 09:23:00.808 6896-7581/com.tencent.mobileqq E/SQLiteDatabase: Error inserting uin=214393564 flags=-1
    android.database.sqlite.SQLiteException: no such table: Ability (code 1 SQLITE_ERROR): , while compiling: INSERT OR REPLACE  INTO Ability(uin,flags) VALUES (?,?)
        at android.database.sqlite.SQLiteConnection.nativePrepareStatement(Native Method)
        at android.database.sqlite.SQLiteConnection.acquirePreparedStatement(SQLiteConnection.java:1045)
        at android.database.sqlite.SQLiteConnection.prepare(SQLiteConnection.java:652)
        at android.database.sqlite.SQLiteSession.prepare(SQLiteSession.java:590)
        at android.database.sqlite.SQLiteProgram.<init>(SQLiteProgram.java:61)
        at android.database.sqlite.SQLiteStatement.<init>(SQLiteStatement.java:33)
        at android.database.sqlite.SQLiteDatabase.insertWithOnConflict(SQLiteDatabase.java:1699)
        at android.database.sqlite.SQLiteDatabase.replace(SQLiteDatabase.java:1617)
        at com.tencent.mobileqq.app.SQLiteDatabase.replace(P:457)
        at com.tencent.mobileqq.persistence.EntityManager.insertOrReplace(P:470)
        at com.tencent.mobileqq.persistence.OGEntityManager.insertOrReplace(P:40)
        at com.tencent.mobileqq.persistence.EntityManager.persistOrReplace(P:442)
        at com.tencent.mobileqq.persistence.EntityManagerFactory.verifyAuthentication(P:108)
        at com.tencent.mobileqq.mini.apkgEntity.MiniAppEntityManager$1.run(P:57)
        at com.tencent.mobileqq.app.Job.run(P:218)
        at java.util.concurrent.ThreadPoolExecutor.runWorker(ThreadPoolExecutor.java:1167)
        at java.util.concurrent.ThreadPoolExecutor$Worker.run(ThreadPoolExecutor.java:641)
        at java.lang.Thread.run(Thread.java:923)
2021-02-05 09:23:00.820 6896-7545/com.tencent.mobileqq E/VasQuickUpdateEngine_Native: [2021-02-05 09:23:00][1612488180820][error   ][UpdateMainThread:7545][unnamed:221]: CTaskSyncTable OnPbMsgRecv UpdateItem seq 70208 Count 0
2021-02-05 09:23:00.821 6896-7545/com.tencent.mobileqq E/VasQuickUpdateEngine_Native: [2021-02-05 09:23:00][1612488180821][error   ][UpdateMainThread:7545][unnamed:402]: CTaskSyncTable listShouldUpdate count 6
2021-02-05 09:23:00.844 6896-7362/com.tencent.mobileqq E/MediaPlayerMgr: [TVK_SDKMgr.java]createProxyFactory, dexClassloader == null!
2021-02-05 09:23:00.845 6896-7362/com.tencent.mobileqq E/MediaPlayerMgr: [TVK_SDKMgr.java]createProxyFactory, exception failed!, error: Attempt to invoke virtual method 'java.lang.Class java.lang.ClassLoader.loadClass(java.lang.String)' on a null object reference
2021-02-05 09:23:00.855 6896-7126/com.tencent.mobileqq E/SQLiteLog: (1) no such table: mr_friend_38F25FE6E195C1A706D4DFF9EBE39DF5_New in "select * from mr_friend_38F25FE6E195C1A706D4DFF9EBE39DF5_New where _id in (select _id from mr_friend_38F25FE6E195C1A706D4DFF9EBE39DF5_New order
2021-02-05 09:23:00.862 6896-7250/com.tencent.mobileqq E/SQLiteLog: (1) no such table: mr_troop_BD0764FA7E70F07AE01F7F455031B28B_New in "select * from mr_troop_BD0764FA7E70F07AE01F7F455031B28B_New where shmsgseq>=? and shmsgseq<=? order by shmsgseq asc"
2021-02-05 09:23:00.862 6896-7250/com.tencent.mobileqq E/SQLiteLog: (1) no such table: mr_troop_CCEBF3F3D14F5D8BE98DD961D21A56EA_New in "select * from mr_troop_CCEBF3F3D14F5D8BE98DD961D21A56EA_New where shmsgseq>=? and shmsgseq<=? order by shmsgseq asc"
2021-02-05 09:23:00.862 6896-7250/com.tencent.mobileqq E/SQLiteLog: (1) no such table: mr_troop_C2BCC6DAC35EF40998F09747AC13F134_New in "select * from mr_troop_C2BCC6DAC35EF40998F09747AC13F134_New where shmsgseq>=? and shmsgseq<=? order by shmsgseq asc"
2021-02-05 09:23:00.862 6896-7250/com.tencent.mobileqq E/SQLiteLog: (1) no such table: mr_troop_BF1A772F606C412546E8EEB1A3B0C29A_New in "select * from mr_troop_BF1A772F606C412546E8EEB1A3B0C29A_New where shmsgseq>=? and shmsgseq<=? order by shmsgseq asc"
2021-02-05 09:23:00.863 6896-7250/com.tencent.mobileqq E/SQLiteLog: (1) no such table: mr_troop_2BFC1675783D61E2D32E2BF389AFD17D_New in "select * from mr_troop_2BFC1675783D61E2D32E2BF389AFD17D_New where shmsgseq>=? and shmsgseq<=? order by shmsgseq asc"
2021-02-05 09:23:00.863 6896-7250/com.tencent.mobileqq E/SQLiteLog: (1) no such table: mr_troop_C8E7F81CC547F9C5F57DF280C8F05927_New in "select * from mr_troop_C8E7F81CC547F9C5F57DF280C8F05927_New where shmsgseq>=? and shmsgseq<=? order by shmsgseq asc"
2021-02-05 09:23:00.863 6896-7250/com.tencent.mobileqq E/SQLiteLog: (1) no such table: mr_troop_009FF384B542E6B16DFE79BED6D0AE7F_New in "select * from mr_troop_009FF384B542E6B16DFE79BED6D0AE7F_New where shmsgseq>=? and shmsgseq<=? order by shmsgseq asc"
2021-02-05 09:23:00.863 6896-7250/com.tencent.mobileqq E/SQLiteLog: (1) no such table: mr_troop_F6BEBDA5734F489E96648510C49F6138_New in "select * from mr_troop_F6BEBDA5734F489E96648510C49F6138_New where shmsgseq>=? and shmsgseq<=? order by shmsgseq asc"
2021-02-05 09:23:00.864 6896-7250/com.tencent.mobileqq E/SQLiteLog: (1) no such table: mr_troop_DA9E86C5B3F55E02D4D4DDDD977415F5_New in "select * from mr_troop_DA9E86C5B3F55E02D4D4DDDD977415F5_New where shmsgseq>=? and shmsgseq<=? order by shmsgseq asc"
2021-02-05 09:23:00.864 6896-7250/com.tencent.mobileqq E/SQLiteLog: (1) no such table: mr_troop_06959B0853835C92B80B472D449DBDD8_New in "select * from mr_troop_06959B0853835C92B80B472D449DBDD8_New where shmsgseq>=? and shmsgseq<=? order by shmsgseq asc"
2021-02-05 09:23:00.864 6896-7126/com.tencent.mobileqq E/SQLiteLog: (1) no such table: mr_friend_115C343463041F8763D7552FDCE43C9F_New in "select * from mr_friend_115C343463041F8763D7552FDCE43C9F_New order by time desc , _id desc"
2021-02-05 09:23:00.865 6896-7250/com.tencent.mobileqq E/SQLiteLog: (1) no such table: mr_troop_068A57845BC240551671B66F2FD8B488_New in "select * from mr_troop_068A57845BC240551671B66F2FD8B488_New where shmsgseq>=? and shmsgseq<=? order by shmsgseq asc"
2021-02-05 09:23:00.865 6896-7250/com.tencent.mobileqq E/SQLiteLog: (1) no such table: mr_troop_506A47027DB7320903362B8745A29392_New in "select * from mr_troop_506A47027DB7320903362B8745A29392_New where shmsgseq>=? and shmsgseq<=? order by shmsgseq asc"
2021-02-05 09:23:00.865 6896-7250/com.tencent.mobileqq E/SQLiteLog: (1) no such table: mr_troop_2A1AED9E776A76BFC8AE26EA89B177BA_New in "select * from mr_troop_2A1AED9E776A76BFC8AE26EA89B177BA_New where shmsgseq>=? and shmsgseq<=? order by shmsgseq asc"
2021-02-05 09:23:00.865 6896-7250/com.tencent.mobileqq E/SQLiteLog: (1) no such table: mr_troop_D40BDD8E8E4A871A1F3AA63E3829FC5A_New in "select * from mr_troop_D40BDD8E8E4A871A1F3AA63E3829FC5A_New where shmsgseq>=? and shmsgseq<=? order by shmsgseq asc"
2021-02-05 09:23:00.865 6896-7250/com.tencent.mobileqq E/SQLiteLog: (1) no such table: mr_troop_E6FE7C34604889453F20617C622DBB69_New in "select * from mr_troop_E6FE7C34604889453F20617C622DBB69_New where shmsgseq>=? and shmsgseq<=? order by shmsgseq asc"
2021-02-05 09:23:00.866 6896-7250/com.tencent.mobileqq E/SQLiteLog: (1) no such table: mr_troop_766434F4D34311FCDC659B0D6AE803F1_New in "select * from mr_troop_766434F4D34311FCDC659B0D6AE803F1_New where shmsgseq>=? and shmsgseq<=? order by shmsgseq asc"
2021-02-05 09:23:00.866 6896-7250/com.tencent.mobileqq E/SQLiteLog: (1) no such table: mr_troop_F1A40E7A94CEF26E592AA4B7DAB849B7_New in "select * from mr_troop_F1A40E7A94CEF26E592AA4B7DAB849B7_New where shmsgseq>=? and shmsgseq<=? order by shmsgseq asc"
2021-02-05 09:23:00.866 6896-7250/com.tencent.mobileqq E/SQLiteLog: (1) no such table: mr_troop_44F745852EC07C44D2593F988DDC95D0_New in "select * from mr_troop_44F745852EC07C44D2593F988DDC95D0_New where shmsgseq>=? and shmsgseq<=? order by shmsgseq asc"
2021-02-05 09:23:00.866 6896-7250/com.tencent.mobileqq E/SQLiteLog: (1) no such table: mr_troop_A9A579DF2267308E652A4F299A6B6B71_New in "select * from mr_troop_A9A579DF2267308E652A4F299A6B6B71_New where shmsgseq>=? and shmsgseq<=? order by shmsgseq asc"
2021-02-05 09:23:00.866 6896-7250/com.tencent.mobileqq E/SQLiteLog: (1) no such table: mr_troop_4BDF78AB60BD79857F4844D1723B3119_New in "select * from mr_troop_4BDF78AB60BD79857F4844D1723B3119_New where shmsgseq>=? and shmsgseq<=? order by shmsgseq asc"
2021-02-05 09:23:00.866 6896-7250/com.tencent.mobileqq E/SQLiteLog: (1) no such table: mr_troop_06D65E179770B9D1D7B760BE4F7A9C6D_New in "select * from mr_troop_06D65E179770B9D1D7B760BE4F7A9C6D_New where shmsgseq>=? and shmsgseq<=? order by shmsgseq asc"
2021-02-05 09:23:00.867 6896-7250/com.tencent.mobileqq E/SQLiteLog: (1) no such table: mr_troop_CE49048000C8DBEEA0E8CCC412D0A8BD_New in "select * from mr_troop_CE49048000C8DBEEA0E8CCC412D0A8BD_New where shmsgseq>=? and shmsgseq<=? order by shmsgseq asc"
2021-02-05 09:23:00.868 7587-7587/com.tencent.mobileqq E/ActivityThread: packages= com.tencent.mobileqq acquireProvider 9876 auth = com.tencent.mqq.shared_file_accessor.ContentProviderImpl c=android.app.ContextImpl@244dc69
2021-02-05 09:23:00.871 7587-7587/com.tencent.mobileqq E/ActivityThread: packages= com.tencent.mobileqq acquireProvider 9876 auth = com.tencent.mqq.shared_file_accessor.ContentProviderImpl c=android.app.ContextImpl@244dc69
2021-02-05 09:23:00.874 7587-7587/com.tencent.mobileqq E/ActivityThread: packages= com.tencent.mobileqq acquireProvider 9876 auth = com.tencent.mqq.shared_file_accessor.ContentProviderImpl c=android.app.ContextImpl@244dc69
2021-02-05 09:23:00.876 7587-7587/com.tencent.mobileqq E/ActivityThread: packages= com.tencent.mobileqq acquireProvider 9876 auth = com.tencent.mqq.shared_file_accessor.ContentProviderImpl c=android.app.ContextImpl@244dc69
2021-02-05 09:23:00.910 1526-2781/system_process E/TaskPersister: File error accessing recents directory (directory doesn't exist?).
2021-02-05 09:23:00.913 6896-6896/com.tencent.mobileqq E/ArkConfBean: this object is not a ArkPlatformConfigBean object
2021-02-05 09:23:00.910 1526-2781/system_process E/TaskPersister: File error accessing recents directory (directory doesn't exist?).
2021-02-05 09:23:00.924 6896-7254/com.tencent.mobileqq E/SQLiteLog: (1) no such table: MessageRecord_frienduin_null in "select * from MessageRecord_frienduin_null where _id in (select _id from MessageRecord_frienduin_null order by time desc limit 40) order by time desc, _id desc"
2021-02-05 09:23:00.924 6896-7663/com.tencent.mobileqq E/ActivityThread: packages= com.tencent.mobileqq acquireProvider 9876 auth = com.tencent.common.config.provider.QZoneConfigProvider c=android.app.ContextImpl@4b006ee
2021-02-05 09:23:00.929 6896-7254/com.tencent.mobileqq E/SQLiteLog: (1) no such table: mr_friend_CFCD208495D565EF66E7DFF9F98764DA in "select _id, extraflag, frienduin, isread, issend, istroop, msg, NULL as msgData, msgId, msgseq, msgtype, selfuin, senderuin, shmsgseq, time, 0 as v
2021-02-05 09:23:00.932 6896-7663/com.tencent.mobileqq E/ActivityThread: packages= com.tencent.mobileqq acquireProvider 9876 auth = com.tencent.common.config.provider.QZoneConfigProvider c=android.app.ContextImpl@4b006ee
2021-02-05 09:23:00.935 7587-7587/com.tencent.mobileqq E/ActivityThread: packages= com.tencent.mobileqq acquireProvider 9876 auth = com.tencent.mqq.shared_file_accessor.ContentProviderImpl c=android.app.ContextImpl@244dc69
2021-02-05 09:23:00.936 6896-6940/com.tencent.mobileqq E/CareNotificationBar: refresh: care=0 keyword=0
2021-02-05 09:23:00.936 7587-7587/com.tencent.mobileqq E/ActivityThread: packages= com.tencent.mobileqq acquireProvider 9876 auth = com.tencent.mqq.shared_file_accessor.ContentProviderImpl c=android.app.ContextImpl@244dc69
2021-02-05 09:23:00.939 7587-7587/com.tencent.mobileqq E/ActivityThread: packages= com.tencent.mobileqq acquireProvider 9876 auth = com.tencent.mqq.shared_file_accessor.ContentProviderImpl c=android.app.ContextImpl@244dc69
2021-02-05 09:23:00.942 6896-7126/com.tencent.mobileqq E/VipInfoHandler: privExtRsp.payRule  url= update=1 new:
    DBYAJgA2AEYAWgwcKQwLZgB2AIYAkAGsvMzc
    PayRuleCfg{enable=0, aid='', iconText='', iconUrl='', iconJumpUrl='', rule=ShowRule{showType=0, showCount=0, rangTimes=[]}, advId='', iconTextCol='', iosAid='', update=1, userType=0, clubType=0, clickHide=0, payHide=0}
2021-02-05 09:23:00.941 7587-7587/com.tencent.mobileqq E/ActivityThread: packages= com.tencent.mobileqq acquireProvider 9876 auth = com.tencent.mqq.shared_file_accessor.ContentProviderImpl c=android.app.ContextImpl@244dc69
2021-02-05 09:23:00.944 6896-7663/com.tencent.mobileqq E/ActivityThread: packages= com.tencent.mobileqq acquireProvider 9876 auth = com.tencent.common.config.provider.QZoneConfigProvider c=android.app.ContextImpl@4b006ee
2021-02-05 09:23:00.944 6896-7126/com.tencent.mobileqq E/VipInfoHandler: privExtRsp.payRule equals=false old:
    null
2021-02-05 09:23:00.947 6896-7663/com.tencent.mobileqq E/ActivityThread: packages= com.tencent.mobileqq acquireProvider 9876 auth = com.tencent.common.config.provider.QZoneConfigProvider c=android.app.ContextImpl@4b006ee
2021-02-05 09:23:00.949 7587-7587/com.tencent.mobileqq E/ActivityThread: packages= com.tencent.mobileqq acquireProvider 9876 auth = settings c=android.app.ContextImpl@244dc69
2021-02-05 09:23:00.957 6896-7126/com.tencent.mobileqq E/VipInfoHandler: privExtRsp.payRule  url= update=1 new:
    DBYAJgA2AEYAWgwcKQwLZgB2AIYAkAGsvMzc
    PayRuleCfg{enable=0, aid='', iconText='', iconUrl='', iconJumpUrl='', rule=ShowRule{showType=0, showCount=0, rangTimes=[]}, advId='', iconTextCol='', iosAid='', update=1, userType=0, clubType=0, clickHide=0, payHide=0}
2021-02-05 09:23:00.958 6896-7126/com.tencent.mobileqq E/VipInfoHandler: privExtRsp.payRule equals=true old:
    DBYAJgA2AEYAWgwcKQwLZgB2AIYAkAGsvMzc
    PayRuleCfg{enable=0, aid='', iconText='', iconUrl='', iconJumpUrl='', rule=ShowRule{showType=0, showCount=0, rangTimes=[]}, advId='', iconTextCol='', iosAid='', update=1, userType=0, clubType=0, clickHide=0, payHide=0}
2021-02-05 09:23:00.986 7587-7587/com.tencent.mobileqq E/audit: rate limit exceeded
2021-02-05 09:23:01.014 6896-7696/com.tencent.mobileqq E/System:  ******** DEPRECATED FUNCTIONALITY ********
2021-02-05 09:23:01.014 6896-7696/com.tencent.mobileqq E/System:  * The implementation of the KeyFactory.RSA algorithm from
2021-02-05 09:23:01.014 6896-7696/com.tencent.mobileqq E/System:  * the BC provider is deprecated in this version of Android.
2021-02-05 09:23:01.014 6896-7696/com.tencent.mobileqq E/System:  * It will be removed in a future version of Android and your
2021-02-05 09:23:01.014 6896-7696/com.tencent.mobileqq E/System:  * application will no longer be able to request it.  Please see
2021-02-05 09:23:01.014 6896-7696/com.tencent.mobileqq E/System:  * https://android-developers.googleblog.com/2018/03/cryptography-changes-in-android-p.html
2021-02-05 09:23:01.014 6896-7696/com.tencent.mobileqq E/System:  * for more details.
2021-02-05 09:23:01.040 7587-7735/com.tencent.mobileqq E/ActivityThread: packages= com.tencent.mobileqq acquireProvider 9876 auth = settings c=android.app.ContextImpl@244dc69
2021-02-05 09:23:01.042 6896-7734/com.tencent.mobileqq E/ActivityThread: packages= com.tencent.mobileqq acquireProvider 9876 auth = com.tencent.common.config.provider.QZoneConfigProvider c=android.app.ContextImpl@4b006ee
2021-02-05 09:23:01.046 7587-7735/com.tencent.mobileqq E/System:  ******** DEPRECATED FUNCTIONALITY ********
2021-02-05 09:23:01.046 7587-7735/com.tencent.mobileqq E/System:  * The implementation of the KeyFactory.RSA algorithm from
2021-02-05 09:23:01.046 7587-7735/com.tencent.mobileqq E/System:  * the BC provider is deprecated in this version of Android.
2021-02-05 09:23:01.046 7587-7735/com.tencent.mobileqq E/System:  * It will be removed in a future version of Android and your
2021-02-05 09:23:01.046 7587-7735/com.tencent.mobileqq E/System:  * application will no longer be able to request it.  Please see
2021-02-05 09:23:01.047 7587-7735/com.tencent.mobileqq E/System:  * https://android-developers.googleblog.com/2018/03/cryptography-changes-in-android-p.html
2021-02-05 09:23:01.047 7587-7735/com.tencent.mobileqq E/System:  * for more details.
2021-02-05 09:23:01.045 6896-7734/com.tencent.mobileqq E/ActivityThread: packages= com.tencent.mobileqq acquireProvider 9876 auth = com.tencent.common.config.provider.QZoneConfigProvider c=android.app.ContextImpl@4b006ee
2021-02-05 09:23:01.074 7587-7587/com.tencent.mobileqq E/ActivityThread: packages= com.tencent.mobileqq acquireProvider 9876 auth = com.tencent.mqq.shared_file_accessor.ContentProviderImpl c=android.app.ContextImpl@244dc69
2021-02-05 09:23:01.080 7587-7587/com.tencent.mobileqq E/ActivityThread: packages= com.tencent.mobileqq acquireProvider 9876 auth = com.tencent.mqq.shared_file_accessor.ContentProviderImpl c=android.app.ContextImpl@244dc69
2021-02-05 09:23:01.083 7587-7746/com.tencent.mobileqq E/ActivityThread: packages= com.tencent.mobileqq acquireProvider 9876 auth = com.tencent.mqq.shared_file_accessor.ContentProviderImpl c=android.app.ContextImpl@244dc69
2021-02-05 09:23:01.083 7587-7746/com.tencent.mobileqq E/ActivityThread: packages= com.tencent.mobileqq acquireProvider 9876 auth = com.tencent.mqq.shared_file_accessor.ContentProviderImpl c=android.app.ContextImpl@244dc69
2021-02-05 09:23:01.089 6979-6979/com.tencent.mobileqq E/ActivityThread: packages= com.tencent.mobileqq acquireProvider 9876 auth = com.tencent.mqq.shared_file_accessor.ContentProviderImpl c=android.app.ContextImpl@244dc69
2021-02-05 09:23:01.090 6979-6979/com.tencent.mobileqq E/ActivityThread: packages= com.tencent.mobileqq acquireProvider 9876 auth = com.tencent.mqq.shared_file_accessor.ContentProviderImpl c=android.app.ContextImpl@244dc69
2021-02-05 09:23:01.097 7587-7587/com.tencent.mobileqq E/ActivityThread: packages= com.tencent.mobileqq acquireProvider 9876 auth = com.tencent.mqq.shared_file_accessor.ContentProviderImpl c=android.app.ContextImpl@244dc69
2021-02-05 09:23:01.108 7587-7587/com.tencent.mobileqq E/qiqili: InitMemoryCache BaseApplicationImpl.sProcessId =-1BaseApplicationImpl.processName=com.tencent.mobileqq:mini_internal
2021-02-05 09:23:01.098 7587-7587/com.tencent.mobileqq E/ActivityThread: packages= com.tencent.mobileqq acquireProvider 9876 auth = com.tencent.mqq.shared_file_accessor.ContentProviderImpl c=android.app.ContextImpl@244dc69
2021-02-05 09:23:01.132 7587-7587/com.tencent.mobileqq E/ActivityThread: packages= com.tencent.mobileqq acquireProvider 9876 auth = com.tencent.mqq.shared_file_accessor.ContentProviderImpl c=android.app.ContextImpl@244dc69
2021-02-05 09:23:01.136 7587-7587/com.tencent.mobileqq E/ActivityThread: packages= com.tencent.mobileqq acquireProvider 9876 auth = com.tencent.mqq.shared_file_accessor.ContentProviderImpl c=android.app.ContextImpl@244dc69
2021-02-05 09:23:01.137 7587-7658/com.tencent.mobileqq E/ActivityThread: packages= com.tencent.mobileqq acquireProvider 9876 auth = com.tencent.mqq.shared_file_accessor.ContentProviderImpl c=android.app.ContextImpl@244dc69
2021-02-05 09:23:01.138 7587-7658/com.tencent.mobileqq E/ActivityThread: packages= com.tencent.mobileqq acquireProvider 9876 auth = com.tencent.mqq.shared_file_accessor.ContentProviderImpl c=android.app.ContextImpl@244dc69
2021-02-05 09:23:01.139 7587-7658/com.tencent.mobileqq E/ActivityThread: packages= com.tencent.mobileqq acquireProvider 9876 auth = com.tencent.mqq.shared_file_accessor.ContentProviderImpl c=android.app.ContextImpl@244dc69
2021-02-05 09:23:01.140 7587-7587/com.tencent.mobileqq E/MiniAppDexLoader:  MiniAppDexLoader : com.tencent.mobileqq.mini.app.AppLoaderManager :
2021-02-05 09:23:01.140 7587-7658/com.tencent.mobileqq E/ActivityThread: packages= com.tencent.mobileqq acquireProvider 9876 auth = com.tencent.mqq.shared_file_accessor.ContentProviderImpl c=android.app.ContextImpl@244dc69
2021-02-05 09:23:01.141 7587-7658/com.tencent.mobileqq E/ActivityThread: packages= com.tencent.mobileqq acquireProvider 9876 auth = com.tencent.mqq.shared_file_accessor.ContentProviderImpl c=android.app.ContextImpl@244dc69
2021-02-05 09:23:01.142 6896-7755/com.tencent.mobileqq E/ActivityThread: packages= com.tencent.mobileqq acquireProvider 9876 auth = com.tencent.common.config.provider.QZoneConfigProvider c=android.app.ContextImpl@4b006ee
2021-02-05 09:23:01.142 6896-7755/com.tencent.mobileqq E/ActivityThread: packages= com.tencent.mobileqq acquireProvider 9876 auth = com.tencent.common.config.provider.QZoneConfigProvider c=android.app.ContextImpl@4b006ee
2021-02-05 09:23:01.142 7587-7658/com.tencent.mobileqq E/ActivityThread: packages= com.tencent.mobileqq acquireProvider 9876 auth = com.tencent.mqq.shared_file_accessor.ContentProviderImpl c=android.app.ContextImpl@244dc69
2021-02-05 09:23:01.143 6896-7755/com.tencent.mobileqq E/ActivityThread: packages= com.tencent.mobileqq acquireProvider 9876 auth = com.tencent.common.config.provider.QZoneConfigProvider c=android.app.ContextImpl@4b006ee
2021-02-05 09:23:01.145 6896-7755/com.tencent.mobileqq E/ActivityThread: packages= com.tencent.mobileqq acquireProvider 9876 auth = com.tencent.common.config.provider.QZoneConfigProvider c=android.app.ContextImpl@4b006ee
2021-02-05 09:23:01.155 7587-7658/com.tencent.mobileqq E/ActivityThread: packages= com.tencent.mobileqq acquireProvider 9876 auth = com.tencent.mqq.shared_file_accessor.ContentProviderImpl c=android.app.ContextImpl@244dc69
2021-02-05 09:23:01.156 7587-7658/com.tencent.mobileqq E/ActivityThread: packages= com.tencent.mobileqq acquireProvider 9876 auth = com.tencent.mqq.shared_file_accessor.ContentProviderImpl c=android.app.ContextImpl@244dc69
2021-02-05 09:23:01.167 6896-7545/com.tencent.mobileqq E/VasQuickUpdateEngine_Native: [2021-02-05 09:23:01][1612488181167][error   ][UpdateMainThread:7545][unnamed:80]: CTaskBatchReq SendPbRequest sucess 1000_keywordList_2.json
2021-02-05 09:23:01.167 6896-7545/com.tencent.mobileqq E/VasQuickUpdateEngine_Native: [2021-02-05 09:23:01][1612488181167][error   ][UpdateMainThread:7545][unnamed:80]: CTaskBatchReq SendPbRequest sucess 1004_kcsdk_4_4_7_3661
2021-02-05 09:23:01.167 6896-7545/com.tencent.mobileqq E/VasQuickUpdateEngine_Native: [2021-02-05 09:23:01][1612488181167][error   ][UpdateMainThread:7545][unnamed:80]: CTaskBatchReq SendPbRequest sucess 16_iRedPacket_v3.char300.json
2021-02-05 09:23:01.167 6896-7545/com.tencent.mobileqq E/VasQuickUpdateEngine_Native: [2021-02-05 09:23:01][1612488181167][error   ][UpdateMainThread:7545][unnamed:80]: CTaskBatchReq SendPbRequest sucess 16_iRedPacket_v3.font.zip
2021-02-05 09:23:01.167 6896-7545/com.tencent.mobileqq E/VasQuickUpdateEngine_Native: [2021-02-05 09:23:01][1612488181167][error   ][UpdateMainThread:7545][unnamed:80]: CTaskBatchReq SendPbRequest sucess 16_iRedPacket_v3.json
2021-02-05 09:23:01.167 6896-7545/com.tencent.mobileqq E/VasQuickUpdateEngine_Native: [2021-02-05 09:23:01][1612488181167][error   ][UpdateMainThread:7545][unnamed:80]: CTaskBatchReq SendPbRequest sucess 16_iRedPacket_v3.specialChar.zip
2021-02-05 09:23:01.230 915-3161/? E/msm8974_platform: platform_check_backends_match: Invalid snd_device =
2021-02-05 09:23:01.230 915-3161/? E/voice: voice_is_in_call_rec_stream: input stream is NULL
2021-02-05 09:23:01.230 915-3161/? E/audio_hw_utils: send_app_type_cfg_for_device: Could not get ctl for mixer cmd - Audio Stream Capture 42 App Type Cfg
2021-02-05 09:23:01.251 613-613/? E/SELinux: avc:  denied  { find } for interface=android.hardware.memtrack::IMemtrack sid=u:r:untrusted_app_27:s0:c660,c806 pid=7587 scontext=u:r:untrusted_app_27:s0:c660,c806 tcontext=u:object_r:hal_memtrack_hwservice:s0 tclass=hwservice_manager permissive=0
2021-02-05 09:23:01.251 7587-7587/com.tencent.mobileqq E/memtrack: Couldn't load memtrack module
2021-02-05 09:23:01.253 7587-7587/com.tencent.mobileqq E/ActivityThread: packages= com.tencent.mobileqq acquireProvider 9876 auth = com.tencent.mqq.shared_file_accessor.ContentProviderImpl c=android.app.ContextImpl@244dc69
2021-02-05 09:23:01.254 6896-7225/com.tencent.mobileqq E/SQLiteLog: (1) no such table: mr_friend_D4FCC05BD8205C41FBE4F2645BF0C6B8_New in "select * from mr_friend_D4FCC05BD8205C41FBE4F2645BF0C6B8_New where time>=? and time<=? order by time asc"
2021-02-05 09:23:01.255 6896-6928/com.tencent.mobileqq E/OfflineEnvHelper: getOfflineDir, isStoreInSD true
2021-02-05 09:23:01.256 7587-7662/com.tencent.mobileqq E/ActivityThread: packages= com.tencent.mobileqq acquireProvider 9876 auth = com.tencent.mqq.shared_file_accessor.ContentProviderImpl c=android.app.ContextImpl@244dc69
2021-02-05 09:23:01.256 6896-6928/com.tencent.mobileqq E/OfflineEnvHelper: getOfflineDir, isStoreInSD true
2021-02-05 09:23:01.256 7587-7587/com.tencent.mobileqq E/ActivityThread: packages= com.tencent.mobileqq acquireProvider 9876 auth = com.tencent.mqq.shared_file_accessor.ContentProviderImpl c=android.app.ContextImpl@244dc69
2021-02-05 09:23:01.257 7587-7662/com.tencent.mobileqq E/ActivityThread: packages= com.tencent.mobileqq acquireProvider 9876 auth = com.tencent.mqq.shared_file_accessor.ContentProviderImpl c=android.app.ContextImpl@244dc69
2021-02-05 09:23:01.258 6896-7761/com.tencent.mobileqq E/ActivityThread: packages= com.tencent.mobileqq acquireProvider 9876 auth = com.tencent.common.config.provider.QZoneConfigProvider c=android.app.ContextImpl@4b006ee
2021-02-05 09:23:01.260 6896-7761/com.tencent.mobileqq E/ActivityThread: packages= com.tencent.mobileqq acquireProvider 9876 auth = com.tencent.common.config.provider.QZoneConfigProvider c=android.app.ContextImpl@4b006ee
2021-02-05 09:23:01.260 915-3161/? E/soundtrigger: audio_extn_sound_trigger_update_stream_status: invalid input device 0x0, for event 3
2021-02-05 09:23:01.261 915-3161/? E/ACDB-LOADER: [acdb_loader_adsp_set_audio_cal] active device/stream not found (result=-100) for topology 0x10000aaa and apptype 0x11130
2021-02-05 09:23:01.261 915-3161/? E/ACDB-LOADER: [acdb_loader_adsp_set_audio_cal] set parameters failed with status -100
2021-02-05 09:23:01.264 7587-7587/com.tencent.mobileqq E/ActivityThread: packages= com.tencent.mobileqq acquireProvider 9876 auth = com.tencent.mqq.shared_file_accessor.ContentProviderImpl c=android.app.ContextImpl@244dc69
2021-02-05 09:23:01.264 6896-7761/com.tencent.mobileqq E/ActivityThread: packages= com.tencent.mobileqq acquireProvider 9876 auth = com.tencent.common.config.provider.QZoneConfigProvider c=android.app.ContextImpl@4b006ee
