2021-02-05 09:22:29.634 6979-7032/com.tencent.mobileqq E/nt.mobileqq:MS: No implementation found for int oicq.wlogin_sdk.tools.RSACrypt.genrsakey() (tried Java_oicq_wlogin_1sdk_tools_RSACrypt_genrsakey and Java_oicq_wlogin_1sdk_tools_RSACrypt_genrsakey__)
2021-02-05 09:22:29.661 6979-6979/com.tencent.mobileqq E/MSF.C.CodecWarpper: loadso codecwrapperV2 true resultCode=262144 cost=1
2021-02-05 09:22:29.663 6979-7032/com.tencent.mobileqq E/ActivityThread: packages= com.tencent.mobileqq acquireProvider 9876 auth = com.tencent.mqq.shared_file_accessor.ContentProviderImpl c=android.app.ContextImpl@244dc69
2021-02-05 09:22:29.664 6979-7032/com.tencent.mobileqq E/ActivityThread: packages= com.tencent.mobileqq acquireProvider 9876 auth = com.tencent.mqq.shared_file_accessor.ContentProviderImpl c=android.app.ContextImpl@244dc69
2021-02-05 09:22:29.666 6979-7032/com.tencent.mobileqq E/ActivityThread: packages= com.tencent.mobileqq acquireProvider 9876 auth = com.tencent.mqq.shared_file_accessor.ContentProviderImpl c=android.app.ContextImpl@244dc69
2021-02-05 09:22:29.672 6979-7032/com.tencent.mobileqq E/ActivityThread: packages= com.tencent.mobileqq acquireProvider 9876 auth = com.tencent.mqq.shared_file_accessor.ContentProviderImpl c=android.app.ContextImpl@244dc69
2021-02-05 09:22:29.673 6979-7032/com.tencent.mobileqq E/ActivityThread: packages= com.tencent.mobileqq acquireProvider 9876 auth = com.tencent.mqq.shared_file_accessor.ContentProviderImpl c=android.app.ContextImpl@244dc69
2021-02-05 09:22:29.678 6979-7041/com.tencent.mobileqq E/ActivityThread: packages= com.tencent.mobileqq acquireProvider 9876 auth = com.tencent.mqq.shared_file_accessor.ContentProviderImpl c=android.app.ContextImpl@244dc69
2021-02-05 09:22:29.679 6979-6979/com.tencent.mobileqq E/ActivityThread: packages= com.tencent.mobileqq acquireProvider 9876 auth = com.tencent.mqq.shared_file_accessor.ContentProviderImpl c=android.app.ContextImpl@244dc69
2021-02-05 09:22:29.679 6979-7041/com.tencent.mobileqq E/ActivityThread: packages= com.tencent.mobileqq acquireProvider 9876 auth = com.tencent.mqq.shared_file_accessor.ContentProviderImpl c=android.app.ContextImpl@244dc69
2021-02-05 09:22:29.680 6979-6979/com.tencent.mobileqq E/ActivityThread: packages= com.tencent.mobileqq acquireProvider 9876 auth = com.tencent.mqq.shared_file_accessor.ContentProviderImpl c=android.app.ContextImpl@244dc69
2021-02-05 09:22:29.682 6979-7057/com.tencent.mobileqq E/ActivityThread: packages= com.tencent.mobileqq acquireProvider 9876 auth = com.tencent.mqq.shared_file_accessor.ContentProviderImpl c=android.app.ContextImpl@244dc69
2021-02-05 09:22:29.686 6979-7057/com.tencent.mobileqq E/ActivityThread: packages= com.tencent.mobileqq acquireProvider 9876 auth = com.tencent.mqq.shared_file_accessor.ContentProviderImpl c=android.app.ContextImpl@244dc69
2021-02-05 09:22:29.680 7050-7050/? E/audit: rate limit exceeded
2021-02-05 09:22:29.690 6979-7057/com.tencent.mobileqq E/ActivityThread: packages= com.tencent.mobileqq acquireProvider 9876 auth = com.tencent.mqq.shared_file_accessor.ContentProviderImpl c=android.app.ContextImpl@244dc69
2021-02-05 09:22:29.766 6979-7050/com.tencent.mobileqq E/ActivityThread: packages= com.tencent.mobileqq acquireProvider 9876 auth = com.tencent.mqq.shared_file_accessor.ContentProviderImpl c=android.app.ContextImpl@244dc69
2021-02-05 09:22:29.798 6979-7068/com.tencent.mobileqq E/System:  ******** DEPRECATED FUNCTIONALITY ********
2021-02-05 09:22:29.798 6979-7068/com.tencent.mobileqq E/System:  * The implementation of the KeyFactory.RSA algorithm from
2021-02-05 09:22:29.798 6979-7068/com.tencent.mobileqq E/System:  * the BC provider is deprecated in this version of Android.
2021-02-05 09:22:29.798 6979-7068/com.tencent.mobileqq E/System:  * It will be removed in a future version of Android and your
2021-02-05 09:22:29.798 6979-7068/com.tencent.mobileqq E/System:  * application will no longer be able to request it.  Please see
2021-02-05 09:22:29.798 6979-7068/com.tencent.mobileqq E/System:  * https://android-developers.googleblog.com/2018/03/cryptography-changes-in-android-p.html
2021-02-05 09:22:29.798 6979-7068/com.tencent.mobileqq E/System:  * for more details.
2021-02-05 09:22:29.817 621-638/? E/QC-time-services: Receive Passed == base = 13, unit = 1, operation = 2, result = 0
2021-02-05 09:22:29.818 741-977/? E/QC-time-services: Daemon: Time-services: Waiting to acceptconnection
2021-02-05 09:22:29.818 741-977/? E/QC-time-services: Daemon: Time-services: Waiting to acceptconnection
2021-02-05 09:22:29.800 6979-7050/com.tencent.mobileqq E/ActivityThread: packages= com.tencent.mobileqq acquireProvider 9876 auth = com.tencent.mqq.shared_file_accessor.ContentProviderImpl c=android.app.ContextImpl@244dc69
2021-02-05 09:22:30.458 1526-2781/system_process E/TaskPersister: File error accessing recents directory (directory doesn't exist?).
2021-02-05 09:22:30.459 1526-2781/system_process E/TaskPersister: File error accessing recents directory (directory doesn't exist?).
2021-02-05 09:22:30.642 6979-7100/com.tencent.mobileqq E/health_manager: step counter load file failed:java.lang.NullPointerException: Attempt to invoke virtual method 'byte[] java.lang.String.getBytes()' on a null object reference
2021-02-05 09:22:30.647 6979-7050/com.tencent.mobileqq E/ActivityThread: packages= com.tencent.mobileqq acquireProvider 9876 auth = com.tencent.mqq.shared_file_accessor.ContentProviderImpl c=android.app.ContextImpl@244dc69
2021-02-05 09:22:30.652 6979-7050/com.tencent.mobileqq E/ActivityThread: packages= com.tencent.mobileqq acquireProvider 9876 auth = com.tencent.mqq.shared_file_accessor.ContentProviderImpl c=android.app.ContextImpl@244dc69
2021-02-05 09:22:31.620 6896-6896/com.tencent.mobileqq E/UserGuide: showUserGuide false, , 4590
2021-02-05 09:22:31.671 6959-6959/? E/audit: rate limit exceeded
2021-02-05 09:22:31.948 915-1012/? E/soundtrigger: audio_extn_sound_trigger_update_stream_status: invalid input device 0x0, for event 2
2021-02-05 09:22:32.527 6896-6927/com.tencent.mobileqq E/NativeMemoryMonitor: load so res: true
2021-02-05 09:22:32.538 6979-7006/com.tencent.mobileqq E/ActivityThread: packages= com.tencent.mobileqq acquireProvider 9876 auth = com.tencent.mqq.shared_file_accessor.ContentProviderImpl c=android.app.ContextImpl@244dc69
2021-02-05 09:22:32.541 6979-7006/com.tencent.mobileqq E/ActivityThread: packages= com.tencent.mobileqq acquireProvider 9876 auth = com.tencent.mqq.shared_file_accessor.ContentProviderImpl c=android.app.ContextImpl@244dc69
2021-02-05 09:22:32.554 6979-7006/com.tencent.mobileqq E/ActivityThread: packages= com.tencent.mobileqq acquireProvider 9876 auth = com.tencent.mqq.shared_file_accessor.ContentProviderImpl c=android.app.ContextImpl@244dc69
2021-02-05 09:22:32.565 6979-7137/com.tencent.mobileqq E/mqq: waitInit when empty:
    java.lang.RuntimeException:
        at mqq.app.MobileQQ.waitAppRuntime(P:929)
        at zmv.a(P:9)
        at com.tencent.common.app.BaseApplicationImpl.getRuntime(P:212)
        at com.tencent.mobileqq.app.DeviceProfileManager.a(P:285)
        at com.tencent.mobileqq.statistics.UnifiedMonitor.h(P:1256)
        at com.tencent.mobileqq.statistics.UnifiedMonitor.handleMessage(P:1096)
        at android.os.Handler.dispatchMessage(Handler.java:102)
        at android.os.Looper.loop(Looper.java:223)
        at android.os.HandlerThread.run(HandlerThread.java:67)
2021-02-05 09:22:32.563 6979-7006/com.tencent.mobileqq E/ActivityThread: packages= com.tencent.mobileqq acquireProvider 9876 auth = com.tencent.mqq.shared_file_accessor.ContentProviderImpl c=android.app.ContextImpl@244dc69
2021-02-05 09:22:32.565 6979-7137/com.tencent.mobileqq E/ActivityThread: packages= com.tencent.mobileqq acquireProvider 9876 auth = com.tencent.mqq.shared_file_accessor.ContentProviderImpl c=android.app.ContextImpl@244dc69
2021-02-05 09:22:32.671 6979-7137/com.tencent.mobileqq E/ActivityThread: packages= com.tencent.mobileqq acquireProvider 9876 auth = com.tencent.mqq.shared_file_accessor.ContentProviderImpl c=android.app.ContextImpl@244dc69
2021-02-05 09:22:32.685 6979-7138/com.tencent.mobileqq E/ActivityThread: packages= com.tencent.mobileqq acquireProvider 9876 auth = com.tencent.common.config.provider.QZoneConfigProvider c=android.app.ContextImpl@244dc69
2021-02-05 09:22:32.694 6979-7138/com.tencent.mobileqq E/ActivityThread: packages= com.tencent.mobileqq acquireProvider 9876 auth = com.tencent.common.config.provider.QZoneConfigProvider c=android.app.ContextImpl@244dc69
2021-02-05 09:22:33.159 915-3161/? E/msm8974_platform: platform_check_backends_match: Invalid snd_device =
2021-02-05 09:22:33.160 915-3161/? E/voice: voice_is_in_call_rec_stream: input stream is NULL
2021-02-05 09:22:33.160 915-3161/? E/audio_hw_utils: send_app_type_cfg_for_device: Could not get ctl for mixer cmd - Audio Stream Capture 42 App Type Cfg
2021-02-05 09:22:33.181 915-3161/? E/soundtrigger: audio_extn_sound_trigger_update_stream_status: invalid input device 0x0, for event 3
2021-02-05 09:22:33.182 915-3161/? E/ACDB-LOADER: [acdb_loader_adsp_set_audio_cal] active device/stream not found (result=-100) for topology 0x10000aaa and apptype 0x11130
2021-02-05 09:22:33.183 915-3161/? E/ACDB-LOADER: [acdb_loader_adsp_set_audio_cal] set parameters failed with status -100
2021-02-05 09:22:34.133 5980-5980/com.android.inputmethod.latin E/ActivityThread: packages= com.android.inputmethod.latin acquireProvider 9876 auth = settings c=android.app.ContextImpl@89835d5
2021-02-05 09:22:34.692 6979-7057/com.tencent.mobileqq E/MSFAliveManager: boot type uninit
2021-02-05 09:22:35.220 1526-2781/system_process E/TaskPersister: File error accessing recents directory (directory doesn't exist?).
2021-02-05 09:22:35.221 1526-2781/system_process E/TaskPersister: File error accessing recents directory (directory doesn't exist?).
2021-02-05 09:22:36.419 915-1012/? E/soundtrigger: audio_extn_sound_trigger_update_stream_status: invalid input device 0x0, for event 2
2021-02-05 09:22:41.313 6896-7185/com.tencent.mobileqq E/MD5: loadso msfbootV2 true resultCode=262144 cost=2
2021-02-05 09:22:41.757 6896-7191/com.tencent.mobileqq E/ActivityThread: packages= com.tencent.mobileqq acquireProvider 9876 auth = com.tencent.common.config.provider.QZoneConfigProvider c=android.app.ContextImpl@4b006ee
2021-02-05 09:22:41.757 6896-7191/com.tencent.mobileqq E/ActivityThread: packages= com.tencent.mobileqq acquireProvider 9876 auth = com.tencent.common.config.provider.QZoneConfigProvider c=android.app.ContextImpl@4b006ee
2021-02-05 09:22:53.791 915-3161/? E/msm8974_platform: platform_check_backends_match: Invalid snd_device =
2021-02-05 09:22:53.791 915-3161/? E/voice: voice_is_in_call_rec_stream: input stream is NULL
2021-02-05 09:22:53.791 915-3161/? E/audio_hw_utils: send_app_type_cfg_for_device: Could not get ctl for mixer cmd - Audio Stream Capture 42 App Type Cfg
2021-02-05 09:22:53.816 915-3161/? E/soundtrigger: audio_extn_sound_trigger_update_stream_status: invalid input device 0x0, for event 3
2021-02-05 09:22:53.817 915-3161/? E/ACDB-LOADER: [acdb_loader_adsp_set_audio_cal] active device/stream not found (result=-100) for topology 0x10000aaa and apptype 0x11130
2021-02-05 09:22:53.817 915-3161/? E/ACDB-LOADER: [acdb_loader_adsp_set_audio_cal] set parameters failed with status -100
2021-02-05 09:22:55.854 2397-3457/com.android.phone E/PhoneInterfaceManager: [PhoneIntfMgr] getCarrierPackageNamesForIntentAndPhone: No UICC
2021-02-05 09:22:56.624 4400-4400/com.android.permissioncontroller E/ActivityThread: packages= com.android.permissioncontroller acquireProvider 9876 auth = settings c=android.app.ContextImpl@e8adaa8
2021-02-05 09:22:57.074 6979-7229/com.tencent.mobileqq E/System:  ******** DEPRECATED FUNCTIONALITY ********
2021-02-05 09:22:57.074 6979-7229/com.tencent.mobileqq E/System:  * The implementation of the KeyFactory.EC algorithm from
2021-02-05 09:22:57.074 6979-7229/com.tencent.mobileqq E/System:  * the BC provider is deprecated in this version of Android.
2021-02-05 09:22:57.074 6979-7229/com.tencent.mobileqq E/System:  * It will be removed in a future version of Android and your
2021-02-05 09:22:57.074 6979-7229/com.tencent.mobileqq E/System:  * application will no longer be able to request it.  Please see
2021-02-05 09:22:57.074 6979-7229/com.tencent.mobileqq E/System:  * https://android-developers.googleblog.com/2018/03/cryptography-changes-in-android-p.html
2021-02-05 09:22:57.074 6979-7229/com.tencent.mobileqq E/System:  * for more details.
2021-02-05 09:22:57.082 6979-7229/com.tencent.mobileqq E/System:  ******** DEPRECATED FUNCTIONALITY ********
2021-02-05 09:22:57.082 6979-7229/com.tencent.mobileqq E/System:  * The implementation of the KeyAgreement.ECDH algorithm from
2021-02-05 09:22:57.082 6979-7229/com.tencent.mobileqq E/System:  * the BC provider is deprecated in this version of Android.
2021-02-05 09:22:57.082 6979-7229/com.tencent.mobileqq E/System:  * It will be removed in a future version of Android and your
2021-02-05 09:22:57.082 6979-7229/com.tencent.mobileqq E/System:  * application will no longer be able to request it.  Please see
2021-02-05 09:22:57.082 6979-7229/com.tencent.mobileqq E/System:  * https://android-developers.googleblog.com/2018/03/cryptography-changes-in-android-p.html
2021-02-05 09:22:57.082 6979-7229/com.tencent.mobileqq E/System:  * for more details.
2021-02-05 09:22:57.140 6979-7231/com.tencent.mobileqq E/ActivityThread: packages= com.tencent.mobileqq acquireProvider 9876 auth = com.tencent.mqq.shared_file_accessor.ContentProviderImpl c=android.app.ContextImpl@244dc69
2021-02-05 09:22:57.143 6979-7231/com.tencent.mobileqq E/ActivityThread: packages= com.tencent.mobileqq acquireProvider 9876 auth = com.tencent.mqq.shared_file_accessor.ContentProviderImpl c=android.app.ContextImpl@244dc69
2021-02-05 09:22:57.145 6979-7231/com.tencent.mobileqq E/ActivityThread: packages= com.tencent.mobileqq acquireProvider 9876 auth = com.tencent.mqq.shared_file_accessor.ContentProviderImpl c=android.app.ContextImpl@244dc69
2021-02-05 09:22:57.156 6896-7126/com.tencent.mobileqq E/System:  ******** DEPRECATED FUNCTIONALITY ********
2021-02-05 09:22:57.156 6896-7126/com.tencent.mobileqq E/System:  * The implementation of the KeyPairGenerator.EC algorithm from
2021-02-05 09:22:57.156 6896-7126/com.tencent.mobileqq E/System:  * the BC provider is deprecated in this version of Android.
2021-02-05 09:22:57.156 6896-7126/com.tencent.mobileqq E/System:  * It will be removed in a future version of Android and your
2021-02-05 09:22:57.156 6896-7126/com.tencent.mobileqq E/System:  * application will no longer be able to request it.  Please see
2021-02-05 09:22:57.156 6896-7126/com.tencent.mobileqq E/System:  * https://android-developers.googleblog.com/2018/03/cryptography-changes-in-android-p.html
2021-02-05 09:22:57.156 6896-7126/com.tencent.mobileqq E/System:  * for more details.
2021-02-05 09:22:57.174 6896-7126/com.tencent.mobileqq E/System:  ******** DEPRECATED FUNCTIONALITY ********
2021-02-05 09:22:57.174 6896-7126/com.tencent.mobileqq E/System:  * The implementation of the KeyFactory.EC algorithm from
2021-02-05 09:22:57.174 6896-7126/com.tencent.mobileqq E/System:  * the BC provider is deprecated in this version of Android.
2021-02-05 09:22:57.174 6896-7126/com.tencent.mobileqq E/System:  * It will be removed in a future version of Android and your
2021-02-05 09:22:57.174 6896-7126/com.tencent.mobileqq E/System:  * application will no longer be able to request it.  Please see
2021-02-05 09:22:57.174 6896-7126/com.tencent.mobileqq E/System:  * https://android-developers.googleblog.com/2018/03/cryptography-changes-in-android-p.html
2021-02-05 09:22:57.174 6896-7126/com.tencent.mobileqq E/System:  * for more details.
2021-02-05 09:22:57.175 6896-7126/com.tencent.mobileqq E/System:  ******** DEPRECATED FUNCTIONALITY ********
2021-02-05 09:22:57.175 6896-7126/com.tencent.mobileqq E/System:  * The implementation of the KeyAgreement.ECDH algorithm from
2021-02-05 09:22:57.175 6896-7126/com.tencent.mobileqq E/System:  * the BC provider is deprecated in this version of Android.
2021-02-05 09:22:57.175 6896-7126/com.tencent.mobileqq E/System:  * It will be removed in a future version of Android and your
2021-02-05 09:22:57.175 6896-7126/com.tencent.mobileqq E/System:  * application will no longer be able to request it.  Please see
2021-02-05 09:22:57.175 6896-7126/com.tencent.mobileqq E/System:  * https://android-developers.googleblog.com/2018/03/cryptography-changes-in-android-p.html
2021-02-05 09:22:57.175 6896-7126/com.tencent.mobileqq E/System:  * for more details.
2021-02-05 09:22:57.191 6896-7126/com.tencent.mobileqq E/mqq: java.io.FileNotFoundException: /data/user/9876/com.tencent.mobileqq/files/Properties: open failed: ENOENT (No such file or directory)
        at libcore.io.IoBridge.open(IoBridge.java:492)
        at java.io.FileInputStream.<init>(FileInputStream.java:160)
        at android.app.ContextImpl.openFileInput(ContextImpl.java:636)
        at android.content.ContextWrapper.openFileInput(ContextWrapper.java:216)
        at com.tencent.mobileqq.qfix.ApplicationDelegate.openFileInput(P:213)
        at mqq.app.MobileQQ.ensureInitProperty(P:1057)
        at mqq.app.MobileQQ.setProperty(P:1000)
        at mqq.app.BuiltInServlet.onReceive(P:744)
        at mqq.app.MSFServlet.onReceive(P:36)
        at mqq.app.ServletContainer.notifyMSFServlet(P:120)
        at mqq.app.MainService.receiveMessageFromMSF(P:280)
        at mqq.app.MainService.access$500(P:67)
        at mqq.app.MainService$7.onRecvLoginResp(P:1082)
        at com.tencent.mobileqq.msf.sdk.MsfRespHandleUtil.handleRespMsg(P:228)
        at mqq.app.MainService$2.handleResp(P:531)
        at mqq.app.MainService$2.run(P:494)
        at java.lang.Thread.run(Thread.java:923)
     Caused by: android.system.ErrnoException: open failed: ENOENT (No such file or directory)
        at libcore.io.Linux.open(Native Method)
        at libcore.io.ForwardingOs.open(ForwardingOs.java:166)
        at libcore.io.BlockGuardOs.open(BlockGuardOs.java:254)
        at libcore.io.ForwardingOs.open(ForwardingOs.java:166)
        at android.app.ActivityThread$AndroidOs.open(ActivityThread.java:7562)
        at libcore.io.IoBridge.open(IoBridge.java:478)
        at java.io.FileInputStream.<init>(FileInputStream.java:160) 
        at android.app.ContextImpl.openFileInput(ContextImpl.java:636) 
        at android.content.ContextWrapper.openFileInput(ContextWrapper.java:216) 
        at com.tencent.mobileqq.qfix.ApplicationDelegate.openFileInput(P:213) 
        at mqq.app.MobileQQ.ensureInitProperty(P:1057) 
        at mqq.app.MobileQQ.setProperty(P:1000) 
        at mqq.app.BuiltInServlet.onReceive(P:744) 
        at mqq.app.MSFServlet.onReceive(P:36) 
        at mqq.app.ServletContainer.notifyMSFServlet(P:120) 
        at mqq.app.MainService.receiveMessageFromMSF(P:280) 
        at mqq.app.MainService.access$500(P:67) 
        at mqq.app.MainService$7.onRecvLoginResp(P:1082) 
        at com.tencent.mobileqq.msf.sdk.MsfRespHandleUtil.handleRespMsg(P:228) 
        at mqq.app.MainService$2.handleResp(P:531) 
        at mqq.app.MainService$2.run(P:494) 
        at java.lang.Thread.run(Thread.java:923) 
2021-02-05 09:22:57.212 6896-7250/com.tencent.mobileqq E/Theme.ThemeUtil: initTheme: had send auth
2021-02-05 09:22:57.216 6896-6896/com.tencent.mobileqq E/ThemeSwitcher: **4393564 startSwitch: 1000, 206
2021-02-05 09:22:57.220 6896-7249/com.tencent.mobileqq E/KandianConfigServlet: addAllConfigs version : 0  mCurrentUin : 214393564
2021-02-05 09:22:57.250 6896-7224/com.tencent.mobileqq E/SecurityUtile: loadso true, resultCode:262144 cost:0
2021-02-05 09:22:57.250 6896-7224/com.tencent.mobileqq E/SecurityUtile: isKeyFileExists = false
2021-02-05 09:22:57.252 6896-7250/com.tencent.mobileqq E/encent.mobileq: The String#value field is not present on Android versions >= 6.0
2021-02-05 09:22:57.252 6896-7224/com.tencent.mobileqq E/encent.mobileq: The String#value field is not present on Android versions >= 6.0
2021-02-05 09:22:57.255 6896-7250/com.tencent.mobileqq E/PreDownloadScheduler:  pre download bSampledLastTime = false
2021-02-05 09:22:57.256 6896-7250/com.tencent.mobileqq E/PreDownloadScheduler:  pre download random = 0.07947001450995339
2021-02-05 09:22:57.257 6896-6927/com.tencent.mobileqq E/SQLiteLog: (1) no such table: conversation_info in "DELETE FROM conversation_info WHERE uin=?"
2021-02-05 09:22:57.257 6896-6927/com.tencent.mobileqq E/SQLiteLog: (1) no such table: mr_friend_0602940F23884F782058EFAC46F64B0F_New in "DELETE FROM mr_friend_0602940F23884F782058EFAC46F64B0F_New WHERE frienduin=?"
2021-02-05 09:22:57.259 6896-7250/com.tencent.mobileqq E/PreDownloadScheduler:  pre download set mNeedReport = false
2021-02-05 09:22:57.263 6896-7246/com.tencent.mobileqq E/ExtendFriendManager: downloadQuestionRes, config or url is empty!
2021-02-05 09:22:57.264 6896-7263/com.tencent.mobileqq E/SQLiteLog: (1) no such table: conversation_info in "DELETE FROM conversation_info WHERE uin=?"
2021-02-05 09:22:57.266 6896-7263/com.tencent.mobileqq E/SQLiteLog: (1) no such table: mr_friend_05D8CCCB5F47E5072F0A05B5F514941A_New in "DELETE FROM mr_friend_05D8CCCB5F47E5072F0A05B5F514941A_New WHERE frienduin=?"
2021-02-05 09:22:57.289 4459-4596/com.android.providers.media.module E/ActivityThread: packages= com.android.providers.media.module acquireProvider 9876 auth = media c=android.app.ContextImpl@434b61
2021-02-05 09:22:57.310 6896-7277/com.tencent.mobileqq E/.troop.trooplink: config not find!
2021-02-05 09:22:57.328 6896-6927/com.tencent.mobileqq E/ArkApp: JNI_OnLoad begin !!
2021-02-05 09:22:57.332 6896-6927/com.tencent.mobileqq E/ArkApp: JNI_OnLoad return success !!
2021-02-05 09:22:57.340 6896-6927/com.tencent.mobileqq E/ArkApp.ArkAppCenterUtil: ArkFold.checkArkSize model=AOSP on coral,screenWidth=1440,sDisplayWith=1440,scene=1
2021-02-05 09:22:57.358 6896-7225/com.tencent.mobileqq E/FlashChat: handleFlashChatConfig failedorg.json.JSONException: End of input at character 0 of
2021-02-05 09:22:57.363 6896-7307/com.tencent.mobileqq E/AladdinConfig: loadFromDisk: 112 /data/user/9876/com.tencent.mobileqq/files/aladdin_configs/214393564/112.xml: open failed: ENOENT (No such file or directory)
2021-02-05 09:22:57.363 6896-7307/com.tencent.mobileqq E/AladdinConfig: loadFromDisk: 116 /data/user/9876/com.tencent.mobileqq/files/aladdin_configs/214393564/116.xml: open failed: ENOENT (No such file or directory)
2021-02-05 09:22:57.364 6896-7307/com.tencent.mobileqq E/AladdinConfig: loadFromDisk: 119 /data/user/9876/com.tencent.mobileqq/files/aladdin_configs/214393564/119.xml: open failed: ENOENT (No such file or directory)
2021-02-05 09:22:57.364 6896-7307/com.tencent.mobileqq E/AladdinConfig: loadFromDisk: 124 /data/user/9876/com.tencent.mobileqq/files/aladdin_configs/214393564/124.xml: open failed: ENOENT (No such file or directory)
2021-02-05 09:22:57.364 6896-7307/com.tencent.mobileqq E/AladdinConfig: loadFromDisk: 131 /data/user/9876/com.tencent.mobileqq/files/aladdin_configs/214393564/131.xml: open failed: ENOENT (No such file or directory)
2021-02-05 09:22:57.364 6896-7307/com.tencent.mobileqq E/AladdinConfig: loadFromDisk: 136 /data/user/9876/com.tencent.mobileqq/files/aladdin_configs/214393564/136.xml: open failed: ENOENT (No such file or directory)
2021-02-05 09:22:57.364 6896-7307/com.tencent.mobileqq E/AladdinConfig: loadFromDisk: 139 /data/user/9876/com.tencent.mobileqq/files/aladdin_configs/214393564/139.xml: open failed: ENOENT (No such file or directory)
2021-02-05 09:22:57.364 6896-7307/com.tencent.mobileqq E/AladdinConfig: loadFromDisk: 144 /data/user/9876/com.tencent.mobileqq/files/aladdin_configs/214393564/144.xml: open failed: ENOENT (No such file or directory)
2021-02-05 09:22:57.365 6896-7307/com.tencent.mobileqq E/AladdinConfig: loadFromDisk: 140 /data/user/9876/com.tencent.mobileqq/files/aladdin_configs/214393564/140.xml: open failed: ENOENT (No such file or directory)
2021-02-05 09:22:57.365 6896-7307/com.tencent.mobileqq E/AladdinConfig: loadFromDisk: 145 /data/user/9876/com.tencent.mobileqq/files/aladdin_configs/214393564/145.xml: open failed: ENOENT (No such file or directory)
2021-02-05 09:22:57.365 6896-7307/com.tencent.mobileqq E/AladdinConfig: loadFromDisk: 151 /data/user/9876/com.tencent.mobileqq/files/aladdin_configs/214393564/151.xml: open failed: ENOENT (No such file or directory)
2021-02-05 09:22:57.365 6896-7307/com.tencent.mobileqq E/AladdinConfig: loadFromDisk: 152 /data/user/9876/com.tencent.mobileqq/files/aladdin_configs/214393564/152.xml: open failed: ENOENT (No such file or directory)
2021-02-05 09:22:57.365 6896-7307/com.tencent.mobileqq E/AladdinConfig: loadFromDisk: 153 /data/user/9876/com.tencent.mobileqq/files/aladdin_configs/214393564/153.xml: open failed: ENOENT (No such file or directory)
2021-02-05 09:22:57.367 6896-7307/com.tencent.mobileqq E/AladdinConfig: loadFromDisk: 154 /data/user/9876/com.tencent.mobileqq/files/aladdin_configs/214393564/154.xml: open failed: ENOENT (No such file or directory)
2021-02-05 09:22:57.367 6896-7307/com.tencent.mobileqq E/AladdinConfig: loadFromDisk: 157 /data/user/9876/com.tencent.mobileqq/files/aladdin_configs/214393564/157.xml: open failed: ENOENT (No such file or directory)
2021-02-05 09:22:57.367 6896-7307/com.tencent.mobileqq E/AladdinConfig: loadFromDisk: 159 /data/user/9876/com.tencent.mobileqq/files/aladdin_configs/214393564/159.xml: open failed: ENOENT (No such file or directory)
2021-02-05 09:22:57.367 6896-7307/com.tencent.mobileqq E/AladdinConfig: loadFromDisk: 160 /data/user/9876/com.tencent.mobileqq/files/aladdin_configs/214393564/160.xml: open failed: ENOENT (No such file or directory)
2021-02-05 09:22:57.368 6896-7307/com.tencent.mobileqq E/AladdinConfig: loadFromDisk: 161 /data/user/9876/com.tencent.mobileqq/files/aladdin_configs/214393564/161.xml: open failed: ENOENT (No such file or directory)
2021-02-05 09:22:57.368 6896-7307/com.tencent.mobileqq E/AladdinConfig: loadFromDisk: 162 /data/user/9876/com.tencent.mobileqq/files/aladdin_configs/214393564/162.xml: open failed: ENOENT (No such file or directory)
2021-02-05 09:22:57.368 6896-7307/com.tencent.mobileqq E/AladdinConfig: loadFromDisk: 164 /data/user/9876/com.tencent.mobileqq/files/aladdin_configs/214393564/164.xml: open failed: ENOENT (No such file or directory)
2021-02-05 09:22:57.368 6896-7307/com.tencent.mobileqq E/AladdinConfig: loadFromDisk: 165 /data/user/9876/com.tencent.mobileqq/files/aladdin_configs/214393564/165.xml: open failed: ENOENT (No such file or directory)
2021-02-05 09:22:57.368 6896-7307/com.tencent.mobileqq E/AladdinConfig: loadFromDisk: 167 /data/user/9876/com.tencent.mobileqq/files/aladdin_configs/214393564/167.xml: open failed: ENOENT (No such file or directory)
2021-02-05 09:22:57.369 6896-7307/com.tencent.mobileqq E/AladdinConfig: loadFromDisk: 168 /data/user/9876/com.tencent.mobileqq/files/aladdin_configs/214393564/168.xml: open failed: ENOENT (No such file or directory)
2021-02-05 09:22:57.369 6896-7307/com.tencent.mobileqq E/AladdinConfig: loadFromDisk: 169 /data/user/9876/com.tencent.mobileqq/files/aladdin_configs/214393564/169.xml: open failed: ENOENT (No such file or directory)
2021-02-05 09:22:57.369 6896-7307/com.tencent.mobileqq E/AladdinConfig: loadFromDisk: 171 /data/user/9876/com.tencent.mobileqq/files/aladdin_configs/214393564/171.xml: open failed: ENOENT (No such file or directory)
2021-02-05 09:22:57.369 6896-7307/com.tencent.mobileqq E/AladdinConfig: loadFromDisk: 172 /data/user/9876/com.tencent.mobileqq/files/aladdin_configs/214393564/172.xml: open failed: ENOENT (No such file or directory)
2021-02-05 09:22:57.370 6896-7307/com.tencent.mobileqq E/AladdinConfig: loadFromDisk: 173 /data/user/9876/com.tencent.mobileqq/files/aladdin_configs/214393564/173.xml: open failed: ENOENT (No such file or directory)
2021-02-05 09:22:57.370 6896-7307/com.tencent.mobileqq E/AladdinConfig: loadFromDisk: 174 /data/user/9876/com.tencent.mobileqq/files/aladdin_configs/214393564/174.xml: open failed: ENOENT (No such file or directory)
2021-02-05 09:22:57.370 6896-7307/com.tencent.mobileqq E/AladdinConfig: loadFromDisk: 176 /data/user/9876/com.tencent.mobileqq/files/aladdin_configs/214393564/176.xml: open failed: ENOENT (No such file or directory)
2021-02-05 09:22:57.371 6896-7307/com.tencent.mobileqq E/AladdinConfig: loadFromDisk: 177 /data/user/9876/com.tencent.mobileqq/files/aladdin_configs/214393564/177.xml: open failed: ENOENT (No such file or directory)
2021-02-05 09:22:57.371 6896-7307/com.tencent.mobileqq E/AladdinConfig: loadFromDisk: 178 /data/user/9876/com.tencent.mobileqq/files/aladdin_configs/214393564/178.xml: open failed: ENOENT (No such file or directory)
2021-02-05 09:22:57.372 6896-7307/com.tencent.mobileqq E/AladdinConfig: loadFromDisk: 180 /data/user/9876/com.tencent.mobileqq/files/aladdin_configs/214393564/180.xml: open failed: ENOENT (No such file or directory)
2021-02-05 09:22:57.372 6896-7307/com.tencent.mobileqq E/AladdinConfig: loadFromDisk: 179 /data/user/9876/com.tencent.mobileqq/files/aladdin_configs/214393564/179.xml: open failed: ENOENT (No such file or directory)
2021-02-05 09:22:57.372 6896-7307/com.tencent.mobileqq E/AladdinConfig: loadFromDisk: 182 /data/user/9876/com.tencent.mobileqq/files/aladdin_configs/214393564/182.xml: open failed: ENOENT (No such file or directory)
2021-02-05 09:22:57.373 6896-7307/com.tencent.mobileqq E/AladdinConfig: loadFromDisk: 183 /data/user/9876/com.tencent.mobileqq/files/aladdin_configs/214393564/183.xml: open failed: ENOENT (No such file or directory)
2021-02-05 09:22:57.373 6896-7307/com.tencent.mobileqq E/AladdinConfig: loadFromDisk: 186 /data/user/9876/com.tencent.mobileqq/files/aladdin_configs/214393564/186.xml: open failed: ENOENT (No such file or directory)
2021-02-05 09:22:57.373 6896-7307/com.tencent.mobileqq E/AladdinConfig: loadFromDisk: 194 /data/user/9876/com.tencent.mobileqq/files/aladdin_configs/214393564/194.xml: open failed: ENOENT (No such file or directory)
2021-02-05 09:22:57.374 6896-7307/com.tencent.mobileqq E/AladdinConfig: loadFromDisk: 190 /data/user/9876/com.tencent.mobileqq/files/aladdin_configs/214393564/190.xml: open failed: ENOENT (No such file or directory)
2021-02-05 09:22:57.374 6896-7307/com.tencent.mobileqq E/AladdinConfig: loadFromDisk: 189 /data/user/9876/com.tencent.mobileqq/files/aladdin_configs/214393564/189.xml: open failed: ENOENT (No such file or directory)
2021-02-05 09:22:57.374 6896-7307/com.tencent.mobileqq E/AladdinConfig: loadFromDisk: 192 /data/user/9876/com.tencent.mobileqq/files/aladdin_configs/214393564/192.xml: open failed: ENOENT (No such file or directory)
2021-02-05 09:22:57.375 6896-7307/com.tencent.mobileqq E/AladdinConfig: loadFromDisk: 193 /data/user/9876/com.tencent.mobileqq/files/aladdin_configs/214393564/193.xml: open failed: ENOENT (No such file or directory)
2021-02-05 09:22:57.375 6896-7307/com.tencent.mobileqq E/AladdinConfig: loadFromDisk: 191 /data/user/9876/com.tencent.mobileqq/files/aladdin_configs/214393564/191.xml: open failed: ENOENT (No such file or directory)
2021-02-05 09:22:57.375 6896-7307/com.tencent.mobileqq E/AladdinConfig: loadFromDisk: 196 /data/user/9876/com.tencent.mobileqq/files/aladdin_configs/214393564/196.xml: open failed: ENOENT (No such file or directory)
2021-02-05 09:22:57.375 6896-7307/com.tencent.mobileqq E/AladdinConfig: loadFromDisk: 199 /data/user/9876/com.tencent.mobileqq/files/aladdin_configs/214393564/199.xml: open failed: ENOENT (No such file or directory)
2021-02-05 09:22:57.376 6896-7307/com.tencent.mobileqq E/AladdinConfig: loadFromDisk: 201 /data/user/9876/com.tencent.mobileqq/files/aladdin_configs/214393564/201.xml: open failed: ENOENT (No such file or directory)
2021-02-05 09:22:57.376 6896-7307/com.tencent.mobileqq E/AladdinConfig: loadFromDisk: 204 /data/user/9876/com.tencent.mobileqq/files/aladdin_configs/214393564/204.xml: open failed: ENOENT (No such file or directory)
2021-02-05 09:22:57.376 6896-7307/com.tencent.mobileqq E/AladdinConfig: loadFromDisk: 205 /data/user/9876/com.tencent.mobileqq/files/aladdin_configs/214393564/205.xml: open failed: ENOENT (No such file or directory)
2021-02-05 09:22:57.376 6896-7307/com.tencent.mobileqq E/AladdinConfig: loadFromDisk: 206 /data/user/9876/com.tencent.mobileqq/files/aladdin_configs/214393564/206.xml: open failed: ENOENT (No such file or directory)
2021-02-05 09:22:57.377 6896-7307/com.tencent.mobileqq E/AladdinConfig: loadFromDisk: 207 /data/user/9876/com.tencent.mobileqq/files/aladdin_configs/214393564/207.xml: open failed: ENOENT (No such file or directory)
2021-02-05 09:22:57.377 6896-7307/com.tencent.mobileqq E/AladdinConfig: loadFromDisk: 208 /data/user/9876/com.tencent.mobileqq/files/aladdin_configs/214393564/208.xml: open failed: ENOENT (No such file or directory)
2021-02-05 09:22:57.377 6896-7307/com.tencent.mobileqq E/AladdinConfig: loadFromDisk: 209 /data/user/9876/com.tencent.mobileqq/files/aladdin_configs/214393564/209.xml: open failed: ENOENT (No such file or directory)
2021-02-05 09:22:57.377 6896-7307/com.tencent.mobileqq E/AladdinConfig: loadFromDisk: 211 /data/user/9876/com.tencent.mobileqq/files/aladdin_configs/214393564/211.xml: open failed: ENOENT (No such file or directory)
2021-02-05 09:22:57.378 6896-7307/com.tencent.mobileqq E/AladdinConfig: loadFromDisk: 212 /data/user/9876/com.tencent.mobileqq/files/aladdin_configs/214393564/212.xml: open failed: ENOENT (No such file or directory)
2021-02-05 09:22:57.378 6896-7307/com.tencent.mobileqq E/AladdinConfig: loadFromDisk: 214 /data/user/9876/com.tencent.mobileqq/files/aladdin_configs/214393564/214.xml: open failed: ENOENT (No such file or directory)
2021-02-05 09:22:57.378 6896-7307/com.tencent.mobileqq E/AladdinConfig: loadFromDisk: 215 /data/user/9876/com.tencent.mobileqq/files/aladdin_configs/214393564/215.xml: open failed: ENOENT (No such file or directory)
2021-02-05 09:22:57.378 6896-7307/com.tencent.mobileqq E/AladdinConfig: loadFromDisk: 216 /data/user/9876/com.tencent.mobileqq/files/aladdin_configs/214393564/216.xml: open failed: ENOENT (No such file or directory)
2021-02-05 09:22:57.379 6896-7307/com.tencent.mobileqq E/AladdinConfig: loadFromDisk: 218 /data/user/9876/com.tencent.mobileqq/files/aladdin_configs/214393564/218.xml: open failed: ENOENT (No such file or directory)
2021-02-05 09:22:57.379 6896-7307/com.tencent.mobileqq E/AladdinConfig: loadFromDisk: 219 /data/user/9876/com.tencent.mobileqq/files/aladdin_configs/214393564/219.xml: open failed: ENOENT (No such file or directory)
2021-02-05 09:22:57.379 6896-7307/com.tencent.mobileqq E/AladdinConfig: loadFromDisk: 217 /data/user/9876/com.tencent.mobileqq/files/aladdin_configs/214393564/217.xml: open failed: ENOENT (No such file or directory)
2021-02-05 09:22:57.380 6896-7307/com.tencent.mobileqq E/AladdinConfig: loadFromDisk: 220 /data/user/9876/com.tencent.mobileqq/files/aladdin_configs/214393564/220.xml: open failed: ENOENT (No such file or directory)
2021-02-05 09:22:57.380 6896-7307/com.tencent.mobileqq E/AladdinConfig: loadFromDisk: 222 /data/user/9876/com.tencent.mobileqq/files/aladdin_configs/214393564/222.xml: open failed: ENOENT (No such file or directory)
2021-02-05 09:22:57.380 6896-7307/com.tencent.mobileqq E/AladdinConfig: loadFromDisk: 197 /data/user/9876/com.tencent.mobileqq/files/aladdin_configs/214393564/197.xml: open failed: ENOENT (No such file or directory)
2021-02-05 09:22:57.381 6896-7307/com.tencent.mobileqq E/AladdinConfig: loadFromDisk: 223 /data/user/9876/com.tencent.mobileqq/files/aladdin_configs/214393564/223.xml: open failed: ENOENT (No such file or directory)
2021-02-05 09:22:57.381 6896-7307/com.tencent.mobileqq E/AladdinConfig: loadFromDisk: 225 /data/user/9876/com.tencent.mobileqq/files/aladdin_configs/214393564/225.xml: open failed: ENOENT (No such file or directory)
2021-02-05 09:22:57.381 6896-7307/com.tencent.mobileqq E/AladdinConfig: loadFromDisk: 226 /data/user/9876/com.tencent.mobileqq/files/aladdin_configs/214393564/226.xml: open failed: ENOENT (No such file or directory)
2021-02-05 09:22:57.382 6896-7307/com.tencent.mobileqq E/AladdinConfig: loadFromDisk: 246 /data/user/9876/com.tencent.mobileqq/files/aladdin_configs/214393564/246.xml: open failed: ENOENT (No such file or directory)
2021-02-05 09:22:57.382 6896-7307/com.tencent.mobileqq E/AladdinConfig: loadFromDisk: 227 /data/user/9876/com.tencent.mobileqq/files/aladdin_configs/214393564/227.xml: open failed: ENOENT (No such file or directory)
2021-02-05 09:22:57.382 6896-7307/com.tencent.mobileqq E/AladdinConfig: loadFromDisk: 228 /data/user/9876/com.tencent.mobileqq/files/aladdin_configs/214393564/228.xml: open failed: ENOENT (No such file or directory)
2021-02-05 09:22:57.383 6896-7307/com.tencent.mobileqq E/AladdinConfig: loadFromDisk: 230 /data/user/9876/com.tencent.mobileqq/files/aladdin_configs/214393564/230.xml: open failed: ENOENT (No such file or directory)
2021-02-05 09:22:57.383 6896-7307/com.tencent.mobileqq E/AladdinConfig: loadFromDisk: 232 /data/user/9876/com.tencent.mobileqq/files/aladdin_configs/214393564/232.xml: open failed: ENOENT (No such file or directory)
2021-02-05 09:22:57.383 6896-7307/com.tencent.mobileqq E/AladdinConfig: loadFromDisk: 234 /data/user/9876/com.tencent.mobileqq/files/aladdin_configs/214393564/234.xml: open failed: ENOENT (No such file or directory)
2021-02-05 09:22:57.383 6896-7307/com.tencent.mobileqq E/AladdinConfig: loadFromDisk: 243 /data/user/9876/com.tencent.mobileqq/files/aladdin_configs/214393564/243.xml: open failed: ENOENT (No such file or directory)
2021-02-05 09:22:57.383 6896-7307/com.tencent.mobileqq E/AladdinConfig: loadFromDisk: 238 /data/user/9876/com.tencent.mobileqq/files/aladdin_configs/214393564/238.xml: open failed: ENOENT (No such file or directory)
2021-02-05 09:22:57.383 6896-7307/com.tencent.mobileqq E/AladdinConfig: loadFromDisk: 258 /data/user/9876/com.tencent.mobileqq/files/aladdin_configs/214393564/258.xml: open failed: ENOENT (No such file or directory)
2021-02-05 09:22:57.385 6896-7307/com.tencent.mobileqq E/AladdinConfig: loadFromDisk: 239 /data/user/9876/com.tencent.mobileqq/files/aladdin_configs/214393564/239.xml: open failed: ENOENT (No such file or directory)
2021-02-05 09:22:57.385 6896-7307/com.tencent.mobileqq E/AladdinConfig: loadFromDisk: 242 /data/user/9876/com.tencent.mobileqq/files/aladdin_configs/214393564/242.xml: open failed: ENOENT (No such file or directory)
2021-02-05 09:22:57.385 6896-7307/com.tencent.mobileqq E/AladdinConfig: loadFromDisk: 245 /data/user/9876/com.tencent.mobileqq/files/aladdin_configs/214393564/245.xml: open failed: ENOENT (No such file or directory)
2021-02-05 09:22:57.385 6896-7307/com.tencent.mobileqq E/AladdinConfig: loadFromDisk: 250 /data/user/9876/com.tencent.mobileqq/files/aladdin_configs/214393564/250.xml: open failed: ENOENT (No such file or directory)
2021-02-05 09:22:57.385 6896-7307/com.tencent.mobileqq E/AladdinConfig: loadFromDisk: 252 /data/user/9876/com.tencent.mobileqq/files/aladdin_configs/214393564/252.xml: open failed: ENOENT (No such file or directory)
2021-02-05 09:22:57.385 6896-7307/com.tencent.mobileqq E/AladdinConfig: loadFromDisk: 251 /data/user/9876/com.tencent.mobileqq/files/aladdin_configs/214393564/251.xml: open failed: ENOENT (No such file or directory)
2021-02-05 09:22:57.386 6896-7307/com.tencent.mobileqq E/AladdinConfig: loadFromDisk: 254 /data/user/9876/com.tencent.mobileqq/files/aladdin_configs/214393564/254.xml: open failed: ENOENT (No such file or directory)
2021-02-05 09:22:57.386 6896-7307/com.tencent.mobileqq E/AladdinConfig: loadFromDisk: 253 /data/user/9876/com.tencent.mobileqq/files/aladdin_configs/214393564/253.xml: open failed: ENOENT (No such file or directory)
2021-02-05 09:22:57.386 6896-7307/com.tencent.mobileqq E/AladdinConfig: loadFromDisk: 255 /data/user/9876/com.tencent.mobileqq/files/aladdin_configs/214393564/255.xml: open failed: ENOENT (No such file or directory)
2021-02-05 09:22:57.386 6896-7307/com.tencent.mobileqq E/AladdinConfig: loadFromDisk: 256 /data/user/9876/com.tencent.mobileqq/files/aladdin_configs/214393564/256.xml: open failed: ENOENT (No such file or directory)
2021-02-05 09:22:57.386 6896-7307/com.tencent.mobileqq E/AladdinConfig: loadFromDisk: 259 /data/user/9876/com.tencent.mobileqq/files/aladdin_configs/214393564/259.xml: open failed: ENOENT (No such file or directory)
2021-02-05 09:22:57.386 6896-7307/com.tencent.mobileqq E/AladdinConfig: loadFromDisk: 260 /data/user/9876/com.tencent.mobileqq/files/aladdin_configs/214393564/260.xml: open failed: ENOENT (No such file or directory)
2021-02-05 09:22:57.386 6896-7307/com.tencent.mobileqq E/AladdinConfig: loadFromDisk: 261 /data/user/9876/com.tencent.mobileqq/files/aladdin_configs/214393564/261.xml: open failed: ENOENT (No such file or directory)
2021-02-05 09:22:57.387 6896-7307/com.tencent.mobileqq E/AladdinConfig: loadFromDisk: 263 /data/user/9876/com.tencent.mobileqq/files/aladdin_configs/214393564/263.xml: open failed: ENOENT (No such file or directory)
2021-02-05 09:22:57.387 6896-7307/com.tencent.mobileqq E/AladdinConfig: loadFromDisk: 262 /data/user/9876/com.tencent.mobileqq/files/aladdin_configs/214393564/262.xml: open failed: ENOENT (No such file or directory)
2021-02-05 09:22:57.387 6896-7307/com.tencent.mobileqq E/AladdinConfig: loadFromDisk: 264 /data/user/9876/com.tencent.mobileqq/files/aladdin_configs/214393564/264.xml: open failed: ENOENT (No such file or directory)
2021-02-05 09:22:57.387 6896-7307/com.tencent.mobileqq E/AladdinConfig: loadFromDisk: 265 /data/user/9876/com.tencent.mobileqq/files/aladdin_configs/214393564/265.xml: open failed: ENOENT (No such file or directory)
2021-02-05 09:22:57.387 6896-7307/com.tencent.mobileqq E/AladdinConfig: loadFromDisk: 269 /data/user/9876/com.tencent.mobileqq/files/aladdin_configs/214393564/269.xml: open failed: ENOENT (No such file or directory)
2021-02-05 09:22:57.387 6896-7307/com.tencent.mobileqq E/AladdinConfig: loadFromDisk: 271 /data/user/9876/com.tencent.mobileqq/files/aladdin_configs/214393564/271.xml: open failed: ENOENT (No such file or directory)
2021-02-05 09:22:57.387 6896-7307/com.tencent.mobileqq E/AladdinConfig: loadFromDisk: 272 /data/user/9876/com.tencent.mobileqq/files/aladdin_configs/214393564/272.xml: open failed: ENOENT (No such file or directory)
2021-02-05 09:22:57.387 6896-7307/com.tencent.mobileqq E/AladdinConfig: loadFromDisk: 273 /data/user/9876/com.tencent.mobileqq/files/aladdin_configs/214393564/273.xml: open failed: ENOENT (No such file or directory)
2021-02-05 09:22:57.388 6896-7307/com.tencent.mobileqq E/AladdinConfig: loadFromDisk: 274 /data/user/9876/com.tencent.mobileqq/files/aladdin_configs/214393564/274.xml: open failed: ENOENT (No such file or directory)
2021-02-05 09:22:57.388 6896-7307/com.tencent.mobileqq E/AladdinConfig: loadFromDisk: 267 /data/user/9876/com.tencent.mobileqq/files/aladdin_configs/214393564/267.xml: open failed: ENOENT (No such file or directory)
2021-02-05 09:22:57.388 6896-7307/com.tencent.mobileqq E/AladdinConfig: loadFromDisk: 266 /data/user/9876/com.tencent.mobileqq/files/aladdin_configs/214393564/266.xml: open failed: ENOENT (No such file or directory)
2021-02-05 09:22:57.388 6896-7307/com.tencent.mobileqq E/AladdinConfig: loadFromDisk: 276 /data/user/9876/com.tencent.mobileqq/files/aladdin_configs/214393564/276.xml: open failed: ENOENT (No such file or directory)
2021-02-05 09:22:57.388 6896-7307/com.tencent.mobileqq E/AladdinConfig: loadFromDisk: 277 /data/user/9876/com.tencent.mobileqq/files/aladdin_configs/214393564/277.xml: open failed: ENOENT (No such file or directory)
2021-02-05 09:22:57.388 6896-7307/com.tencent.mobileqq E/AladdinConfig: loadFromDisk: 278 /data/user/9876/com.tencent.mobileqq/files/aladdin_configs/214393564/278.xml: open failed: ENOENT (No such file or directory)
2021-02-05 09:22:57.388 6896-7307/com.tencent.mobileqq E/AladdinConfig: loadFromDisk: 282 /data/user/9876/com.tencent.mobileqq/files/aladdin_configs/214393564/282.xml: open failed: ENOENT (No such file or directory)
2021-02-05 09:22:57.388 6896-7307/com.tencent.mobileqq E/AladdinConfig: loadFromDisk: 279 /data/user/9876/com.tencent.mobileqq/files/aladdin_configs/214393564/279.xml: open failed: ENOENT (No such file or directory)
2021-02-05 09:22:57.389 6896-7307/com.tencent.mobileqq E/AladdinConfig: loadFromDisk: 275 /data/user/9876/com.tencent.mobileqq/files/aladdin_configs/214393564/275.xml: open failed: ENOENT (No such file or directory)
2021-02-05 09:22:57.389 6896-7307/com.tencent.mobileqq E/AladdinConfig: loadFromDisk: 281 /data/user/9876/com.tencent.mobileqq/files/aladdin_configs/214393564/281.xml: open failed: ENOENT (No such file or directory)
2021-02-05 09:22:57.389 6896-7307/com.tencent.mobileqq E/AladdinConfig: loadFromDisk: 283 /data/user/9876/com.tencent.mobileqq/files/aladdin_configs/214393564/283.xml: open failed: ENOENT (No such file or directory)
2021-02-05 09:22:57.389 6896-7307/com.tencent.mobileqq E/AladdinConfig: loadFromDisk: 284 /data/user/9876/com.tencent.mobileqq/files/aladdin_configs/214393564/284.xml: open failed: ENOENT (No such file or directory)
2021-02-05 09:22:57.389 6896-7307/com.tencent.mobileqq E/AladdinConfig: loadFromDisk: 285 /data/user/9876/com.tencent.mobileqq/files/aladdin_configs/214393564/285.xml: open failed: ENOENT (No such file or directory)
2021-02-05 09:22:57.389 6896-7307/com.tencent.mobileqq E/AladdinConfig: loadFromDisk: 286 /data/user/9876/com.tencent.mobileqq/files/aladdin_configs/214393564/286.xml: open failed: ENOENT (No such file or directory)
2021-02-05 09:22:57.389 6896-7307/com.tencent.mobileqq E/AladdinConfig: loadFromDisk: 288 /data/user/9876/com.tencent.mobileqq/files/aladdin_configs/214393564/288.xml: open failed: ENOENT (No such file or directory)
2021-02-05 09:22:57.390 6896-7307/com.tencent.mobileqq E/AladdinConfig: loadFromDisk: 306 /data/user/9876/com.tencent.mobileqq/files/aladdin_configs/214393564/306.xml: open failed: ENOENT (No such file or directory)
2021-02-05 09:22:57.390 6896-7307/com.tencent.mobileqq E/AladdinConfig: loadFromDisk: 289 /data/user/9876/com.tencent.mobileqq/files/aladdin_configs/214393564/289.xml: open failed: ENOENT (No such file or directory)
2021-02-05 09:22:57.390 6896-7307/com.tencent.mobileqq E/AladdinConfig: loadFromDisk: 293 /data/user/9876/com.tencent.mobileqq/files/aladdin_configs/214393564/293.xml: open failed: ENOENT (No such file or directory)
2021-02-05 09:22:57.390 6896-7307/com.tencent.mobileqq E/AladdinConfig: loadFromDisk: 298 /data/user/9876/com.tencent.mobileqq/files/aladdin_configs/214393564/298.xml: open failed: ENOENT (No such file or directory)
2021-02-05 09:22:57.390 6896-7307/com.tencent.mobileqq E/AladdinConfig: loadFromDisk: 296 /data/user/9876/com.tencent.mobileqq/files/aladdin_configs/214393564/296.xml: open failed: ENOENT (No such file or directory)
2021-02-05 09:22:57.391 6896-7307/com.tencent.mobileqq E/AladdinConfig: loadFromDisk: 300 /data/user/9876/com.tencent.mobileqq/files/aladdin_configs/214393564/300.xml: open failed: ENOENT (No such file or directory)
2021-02-05 09:22:57.391 6896-7307/com.tencent.mobileqq E/AladdinConfig: loadFromDisk: 295 /data/user/9876/com.tencent.mobileqq/files/aladdin_configs/214393564/295.xml: open failed: ENOENT (No such file or directory)
2021-02-05 09:22:57.392 6896-7307/com.tencent.mobileqq E/AladdinConfig: loadFromDisk: 301 /data/user/9876/com.tencent.mobileqq/files/aladdin_configs/214393564/301.xml: open failed: ENOENT (No such file or directory)
2021-02-05 09:22:57.392 6896-7307/com.tencent.mobileqq E/AladdinConfig: loadFromDisk: 297 /data/user/9876/com.tencent.mobileqq/files/aladdin_configs/214393564/297.xml: open failed: ENOENT (No such file or directory)
2021-02-05 09:22:57.392 6896-7307/com.tencent.mobileqq E/AladdinConfig: loadFromDisk: 302 /data/user/9876/com.tencent.mobileqq/files/aladdin_configs/214393564/302.xml: open failed: ENOENT (No such file or directory)
2021-02-05 09:22:57.392 6896-7307/com.tencent.mobileqq E/AladdinConfig: loadFromDisk: 303 /data/user/9876/com.tencent.mobileqq/files/aladdin_configs/214393564/303.xml: open failed: ENOENT (No such file or directory)
2021-02-05 09:22:57.392 6896-7307/com.tencent.mobileqq E/AladdinConfig: loadFromDisk: 307 /data/user/9876/com.tencent.mobileqq/files/aladdin_configs/214393564/307.xml: open failed: ENOENT (No such file or directory)
2021-02-05 09:22:57.392 6896-7307/com.tencent.mobileqq E/AladdinConfig: loadFromDisk: 309 /data/user/9876/com.tencent.mobileqq/files/aladdin_configs/214393564/309.xml: open failed: ENOENT (No such file or directory)
2021-02-05 09:22:57.392 6896-7307/com.tencent.mobileqq E/AladdinConfig: loadFromDisk: 312 /data/user/9876/com.tencent.mobileqq/files/aladdin_configs/214393564/312.xml: open failed: ENOENT (No such file or directory)
2021-02-05 09:22:57.392 6896-7307/com.tencent.mobileqq E/AladdinConfig: loadFromDisk: 240 /data/user/9876/com.tencent.mobileqq/files/aladdin_configs/214393564/240.xml: open failed: ENOENT (No such file or directory)
2021-02-05 09:22:57.392 6896-7307/com.tencent.mobileqq E/AladdinConfig: loadFromDisk: 314 /data/user/9876/com.tencent.mobileqq/files/aladdin_configs/214393564/314.xml: open failed: ENOENT (No such file or directory)
2021-02-05 09:22:57.393 6896-7307/com.tencent.mobileqq E/AladdinConfig: loadFromDisk: 315 /data/user/9876/com.tencent.mobileqq/files/aladdin_configs/214393564/315.xml: open failed: ENOENT (No such file or directory)
2021-02-05 09:22:57.498 6896-6896/com.tencent.mobileqq E/QQBlur: onDrawBlur: blured bitmap is null abbcd62
2021-02-05 09:22:57.519 6896-6896/com.tencent.mobileqq E/QQBlur: onDrawBlur: blured bitmap is null abbcd62
2021-02-05 09:22:57.537 6896-6927/com.tencent.mobileqq E/OfflineEnvHelper: getOfflineDir, isStoreInSD true
