
Android系统应用开发工程师岗位

岗位职责：
1.参与需求评审和模块设计，参与工作量评估；
2.按时按质量完成开发任务；
3.项目相关文档的编写及维护。

岗位要求：
1. 2年以上Android开发经验.
2. 熟悉Andriod开发平台及框架原理，精通java 语言.
3. 有较强的责任心、自驱力与独立解决问题的能力，有良好的团队合作精神，沟通协作意识良好，能够承担工作压力.

有以下经验者之一着优先：
1: 有高通,MTK手机系统app开发工作经验者尤佳.
2. 有SystemUI,Keyguard开发开发和维护经验.
3. 有Launcher APP开发和维护经验.
4. 有完整的图库Gallery应用项目开发和维护经验.
5. 有Setting/PackageInstaller APP开发和维护经验.
6. 有phone,mms,contact开发和维护经验.
7. 有内存和app管理app开发和维护经验.
8. 有音视频播放器开发和维护经验.
9. 有原生Camera开发和维护经验
10.有原生输入系统开发和维护经验
11.有MMI测试软件,工厂模式,log工具开发和维护经验
12.有OTA 开发和维护经验
13.有FileManger App开发和维护经验.

------------------------
Androi Framework/系统工程师

岗位职责：
1.Android Framework功能开发、需求分析、框架设计、调试等；
2.负责Android系统模块的优化和系统稳定性维护；


岗位要求：
1.良好的Java/C++语言基础，熟悉设计模式；
2.了解Android基本框架及整个Android基本流程，有2年以上系统Framework开发经验；

有以下工作经验之一者优先
1: 有高通,MTK手机系统FrameWork开发维护经验着尤佳.
2. 有Android编译系统开发,定制,维护经验.
3. 熟悉Android框架层核心服务AMS、WMS、PMS等模块着.
4. 熟悉UserManger,StorageManger,PowerManger模块开发和维护经验.
5. 具有Android系统性能优化,熟悉ams，input，display相关机制,熟悉linux kernel 的调度，内存，文件系统.
6. 有手机功耗处理经验,熟悉手机外设(屏幕，Camera，Audio，RF，memory)工作原理及常用功耗优化手段.
7. 有Android输入系统开发和维护经验,熟悉Android原生输入法.
8. 熟悉蓝牙、WIFI、以太网、Camera、GPS及NFC模块，有相关开发工作经验.
9. 熟悉Android DAC权限管理,selinux权限,runtime权限,fuse文件系统等.
10. 有系统常见异常如重启、卡死、黑屏、闪退、休眠/唤醒、第三方应用报错等工作经验.
11. 有OTA 开发和维护经验, 熟悉dm verity,手机加密等功能.
12. 了解ARM trust Zone,有ＴＥＥ开发经验优先.
















02-05 09:16:11.010  5936  5936 E ActivityThread:  hzy acquireProvider change the user t0 from 9876
02-05 09:16:11.010  1526  1544 W PackageManager: enforceCrossUserPermission 9876 skip the CrossPermission
02-05 09:16:11.010  1526  1544 W ActivityManager:  hzy handleIncomingUser 9876 skip the Permission
02-05 09:16:11.011  5936  5964 E BitmapUtils: createVideoThumbnail
02-05 09:16:11.011  5936  5964 E BitmapUtils: java.lang.reflect.InvocationTargetException
02-05 09:16:11.011  5936  5964 E BitmapUtils: 	at java.lang.reflect.Method.invoke(Native Method)
02-05 09:16:11.011  5936  5964 E BitmapUtils: 	at com.android.gallery3d.common.BitmapUtils.createVideoThumbnail(BitmapUtils.java:199)
02-05 09:16:11.011  5936  5964 E BitmapUtils: 	at com.android.gallery3d.data.LocalVideo$LocalVideoRequest.onDecodeOriginal(LocalVideo.java:171)
02-05 09:16:11.011  5936  5964 E BitmapUtils: 	at com.android.gallery3d.data.ImageCacheRequest.run(ImageCacheRequest.java:79)
02-05 09:16:11.011  5936  5964 E BitmapUtils: 	at com.android.gallery3d.data.ImageCacheRequest.run(ImageCacheRequest.java:28)
02-05 09:16:11.011  5936  5964 E BitmapUtils: 	at com.android.gallery3d.util.ThreadPool$Worker.run(ThreadPool.java:133)
02-05 09:16:11.011  5936  5964 E BitmapUtils: 	at java.util.concurrent.ThreadPoolExecutor.runWorker(ThreadPoolExecutor.java:1167)
02-05 09:16:11.011  5936  5964 E BitmapUtils: 	at java.util.concurrent.ThreadPoolExecutor$Worker.run(ThreadPoolExecutor.java:641)
02-05 09:16:11.011  5936  5964 E BitmapUtils: 	at java.lang.Thread.run(Thread.java:923)
02-05 09:16:11.011  5936  5964 E BitmapUtils: 	at com.android.gallery3d.util.PriorityThreadFactory$1.run(PriorityThreadFactory.java:44)
02-05 09:16:11.011  5936  5964 E BitmapUtils: Caused by: java.lang.IllegalArgumentException: /storage/emulated/0/Movies/screen-20210203-175326.mp4 does not exist
02-05 09:16:11.011  5936  5964 E BitmapUtils: 	at android.media.MediaMetadataRetriever.setDataSource(MediaMetadataRetriever.java:246)
02-05 09:16:11.011  5936  5964 E BitmapUtils: 	... 10 more
02-05 09:16:11.011  5936  5964 W ImageCacheRequest: decode orig failed /local/video/item/25,1612346006,MICROTHUMB
02-05 09:16:11.011  1526  1544 W PackageManager: enforceCrossUserPermission 9876 skip the CrossPermission
02-05 09:16:11.012   934   934 I sensors-hal: [hal]batch_physical_sensor:279, android.sensor.accelerometer/1


-05 09:17:38.354  5936  5936 V StateManager: startStateForResult class com.android.gallery3d.app.FilmstripPage, 2
02-05 09:17:38.401  5936  6005 W DecodeUtils: java.io.FileNotFoundException: /storage/emulated/0/DCIM/Camera/IMG_20210205_091606.jpg: open failed: EPERM (Operation not permitted)
02-05 09:17:38.401  5936  6005 W DecodeUtils: 	at libcore.io.IoBridge.open(IoBridge.java:492)
02-05 09:17:38.401  5936  6005 W DecodeUtils: 	at java.io.FileInputStream.<init>(FileInputStream.java:160)
02-05 09:17:38.401  5936  6005 W DecodeUtils: 	at java.io.FileInputStream.<init>(FileInputStream.java:115)
02-05 09:17:38.401  5936  6005 W DecodeUtils: 	at com.android.gallery3d.data.DecodeUtils.decodeThumbnail(DecodeUtils.java:103)
02-05 09:17:38.401  5936  6005 W DecodeUtils: 	at com.android.gallery3d.data.LocalImage$LocalImageRequest.onDecodeOriginal(LocalImage.java:214)
02-05 09:17:38.401  5936  6005 W DecodeUtils: 	at com.android.gallery3d.data.ImageCacheRequest.run(ImageCacheRequest.java:79)
02-05 09:17:38.401  5936  6005 W DecodeUtils: 	at com.android.gallery3d.data.ImageCacheRequest.run(ImageCacheRequest.java:28)
02-05 09:17:38.401  5936  6005 W DecodeUtils: 	at com.android.gallery3d.app.PhotoDataAdapter$ScreenNailJob.run(PhotoDataAdapter.java:711)
02-05 09:17:38.401  5936  6005 W DecodeUtils: 	at com.android.gallery3d.app.PhotoDataAdapter$ScreenNailJob.run(PhotoDataAdapter.java:691)
02-05 09:17:38.401  5936  6005 W DecodeUtils: 	at com.android.gallery3d.util.ThreadPool$Worker.run(ThreadPool.java:133)
02-05 09:17:38.401  5936  6005 W DecodeUtils: 	at java.util.concurrent.ThreadPoolExecutor.runWorker(ThreadPoolExecutor.java:1167)
02-05 09:17:38.401  5936  6005 W DecodeUtils: 	at java.util.concurrent.ThreadPoolExecutor$Worker.run(ThreadPoolExecutor.java:641)
02-05 09:17:38.401  5936  6005 W DecodeUtils: 	at java.lang.Thread.run(Thread.java:923)
02-05 09:17:38.401  5936  6005 W DecodeUtils: 	at com.android.gallery3d.util.PriorityThreadFactory$1.run(PriorityThreadFactory.java:44)
02-05 09:17:38.401  5936  6005 W DecodeUtils: Caused by: android.system.ErrnoException: open failed: EPERM (Operation not permitted)
02-05 09:17:38.401  5936  6005 W DecodeUtils: 	at libcore.io.Linux.open(Native Method)
02-05 09:17:38.401  5936  6005 W DecodeUtils: 	at libcore.io.ForwardingOs.open(ForwardingOs.java:166)
02-05 09:17:38.401  5936  6005 W DecodeUtils: 	at libcore.io.BlockGuardOs.open(BlockGuardOs.java:254)
02-05 09:17:38.401  5936  6005 W DecodeUtils: 	at libcore.io.ForwardingOs.open(ForwardingOs.java:166)
02-05 09:17:38.401  5936  6005 W DecodeUtils: 	at android.app.ActivityThread$AndroidOs.open(ActivityThread.java:7562)
02-05 09:17:38.401  5936  6005 W DecodeUtils: 	at libcore.io.IoBridge.open(IoBridge.java:478)
02-05 09:17:38.401  5936  6005 W DecodeUtils: 	... 13 more
02-05 09:17:38.401  5936  6005 W ImageCacheRequest: decode orig failed /local/image/item/27,1612487767,THUMB
02-05 09:17:38.414  1526  2081 W PackageManager: enforceCrossUserPermission 9876 skip the CrossPermission
02-05 09:17:38.415  5936  6586 I GLRootView: layout content pane 1440x2774 (compensation 0)
02-05 09:17:38.415  5936  6586 D PhotoView: compensation = 0, CameraRelativeFrame = Rect(0, 0 - 0, 0), mCameraRect = Rect(0, 0 - 0, 0)
02-05 09:17:38.416  5936  5964 W DecodeUtils: java.io.FileNotFoundException: /storage/emulated/0/DCIM/Camera/IMG_20210205_091606.jpg: open failed: EPERM (Operation not permitted)
02-05 09:17:38.416  5936  5964 W DecodeUtils: 	at libcore.io.IoBridge.open(IoBridge.java:492)
02-05 09:17:38.416  5936  5964 W DecodeUtils: 	at java.io.FileInputStream.<init>(FileInputStream.java:160)
02-05 09:17:38.416  5936  5964 W DecodeUtils: 	at java.io.FileInputStream.<init>(FileInputStream.java:115)
02-05 09:17:38.416  5936  5964 W DecodeUtils: 	at android.graphics.BitmapRegionDecoder.newInstance(BitmapRegionDecoder.java:151)
02-05 09:17:38.416  5936  5964 W DecodeUtils: 	at com.android.gallery3d.data.DecodeUtils.createBitmapRegionDecoder(DecodeUtils.java:219)
02-05 09:17:38.416  5936  5964 W DecodeUtils: 	at com.android.gallery3d.data.LocalImage$LocalLargeImageRequest.run(LocalImage.java:233)
02-05 09:17:38.416  5936  5964 W DecodeUtils: 	at com.android.gallery3d.data.LocalImage$LocalLargeImageRequest.run(LocalImage.java:223)
02-05 09:17:38.416  5936  5964 W DecodeUtils: 	at com.android.gallery3d.app.PhotoDataAdapter$FullImageJob.run(PhotoDataAdapter.java:733)
02-05 09:17:38.416  5936  5964 W DecodeUtils: 	at com.android.gallery3d.app.PhotoDataAdapter$FullImageJob.run(PhotoDataAdapter.java:721)
02-05 09:17:38.416  5936  5964 W DecodeUtils: 	at com.android.gallery3d.util.ThreadPool$Worker.run(ThreadPool.java:133)
02-05 09:17:38.416  5936  5964 W DecodeUtils: 	at java.util.concurrent.ThreadPoolExecutor.runWorker(ThreadPoolExecutor.java:1167)
02-05 09:17:38.416  5936  5964 W DecodeUtils: 	at java.util.concurrent.ThreadPoolExecutor$Worker.run(ThreadPoolExecutor.java:641)
02-05 09:17:38.416  5936  5964 W DecodeUtils: 	at java.lang.Thread.run(Thread.java:923)
02-05 09:17:38.416  5936  5964 W DecodeUtils: 	at com.android.gallery3d.util.PriorityThreadFactory$1.run(PriorityThreadFactory.java:44)
02-05 09:17:38.416  5936  5964 W DecodeUtils: Caused by: android.system.ErrnoException: open failed: EPERM (Operation not permitted)
02-05 09:17:38.416  5936  5964 W DecodeUtils: 	at libcore.io.Linux.open(Native Method)
02-05 09:17:38.416  5936  5964 W DecodeUtils: 	at libcore.io.ForwardingOs.open(ForwardingOs.java:166)
02-05 09:17:38.416  5936  5964 W DecodeUtils: 	at libcore.io.BlockGuardOs.open(BlockGuardOs.java:254)
02-05 09:17:38.416  5936  5964 W DecodeUtils: 	at libcore.io.ForwardingOs.open(ForwardingOs.java:166)
02-05 09:17:38.416  5936  5964 W DecodeUtils: 	at android.app.ActivityThread$AndroidOs.open(ActivityThread.java:7562)
02-05 09:17:38.416  5936  5964 W DecodeUtils: 	at libcore.io.IoBridge.open(IoBridge.java:478)
























22.010 6645-6645/? E/Zygote: 112 com_android_internal_os_Zygote BindMount(/data_mirror/cur_profiles/0/com.android.packageinstaller, /data/misc/profiles/cur/0/com.android.packageinstaller)
2021-02-05 09:21:22.016 2397-2397/com.android.phone E/PhoneInterfaceManager: [PhoneIntfMgr] getCarrierPackageNamesForIntentAndPhone: No UICC
2021-02-05 09:21:22.026 2397-2397/com.android.phone E/VvmPkgInstalledRcvr: cannot create TelephonyManager from ComponentInfo{com.android.phone/com.android.services.telephony.TelephonyConnectionService}, ***, UserHandle{0}
2021-02-05 09:21:22.030 2042-6664/com.android.permissioncontroller E/BackupHelper: Could not parse delayed permissions
    java.io.FileNotFoundException: /data/user_de/0/com.android.permissioncontroller/files/delayed_restore_permissions.xml: open failed: ENOENT (No such file or directory)
        at libcore.io.IoBridge.open(IoBridge.java:492)
        at java.io.FileInputStream.<init>(FileInputStream.java:160)
        at android.app.ContextImpl.openFileInput(ContextImpl.java:636)
        at com.android.permissioncontroller.permission.service.BackupHelper.restoreDelayedState(BackupHelper.java:338)
        at com.android.permissioncontroller.permission.service.PermissionControllerServiceImpl.onRestoreDelayedRuntimePermissionsBackup(PermissionControllerServiceImpl.java:413)
        at com.android.permissioncontroller.permission.service.PermissionControllerServiceImpl.lambda$onApplyStagedRuntimePermissionBackup$4(PermissionControllerServiceImpl.java:407)
        at com.android.permissioncontroller.permission.service.PermissionControllerServiceImpl.lambda$onApplyStagedRuntimePermissionBackup$4$PermissionControllerServiceImpl(Unknown Source:0)
        at com.android.permissioncontroller.permission.service.-$$Lambda$PermissionControllerServiceImpl$mE7NqZpMEJTKa_y63m6czFzewlg.run(Unknown Source:8)
        at android.os.AsyncTask$SerialExecutor$1.run(AsyncTask.java:305)
        at java.util.concurrent.ThreadPoolExecutor.runWorker(ThreadPoolExecutor.java:1167)
        at java.util.concurrent.ThreadPoolExecutor$Worker.run(ThreadPoolExecutor.java:641)
        at java.lang.Thread.run(Thread.java:923)
     Caused by: android.system.ErrnoException: open failed: ENOENT (No such file or directory)
        at libcore.io.Linux.open(Native Method)
        at libcore.io.ForwardingOs.open(ForwardingOs.java:166)
        at libcore.io.BlockGuardOs.open(BlockGuardOs.java:254)
        at libcore.io.ForwardingOs.open(ForwardingOs.java:166)
        at android.app.ActivityThread$AndroidOs.open(ActivityThread.java:7562)
        at libcore.io.IoBridge.open(IoBridge.java:478)
        at java.io.FileInputStream.<init>(FileInputStream.java:160) 
        at android.app.ContextImpl.openFileInput(ContextImpl.java:636) 
        at com.android.permissioncontroller.permission.service.BackupHelper.restoreDelayedState(BackupHelper.java:338) 
        at com.android.permissioncontroller.permission.service.PermissionControllerServiceImpl.onRestoreDelayedRuntimePermissionsBackup(PermissionControllerServiceImpl.java:413) 
        at com.android.permissioncontroller.permission.service.PermissionControllerServiceImpl.lambda$onApplyStagedRuntimePermissionBackup$4(PermissionControllerServiceImpl.java:407) 
        at com.android.permissioncontroller.permission.service.PermissionControllerServiceImpl.lambda$onApplyStagedRuntimePermissionBackup$4$PermissionControllerServiceImpl(Unknown Source:0) 
        at com.android.permissioncontroller.permission.service.-$$Lambda$PermissionControllerServiceImpl$mE7NqZpMEJTKa_y63m6czFzewlg.run(Unknown Source:8) 
        at android.os.AsyncTask$SerialExecutor$1.run(AsyncTask.java:305) 
        at java.util.concurrent.ThreadPoolExecutor.runWorker(ThreadPoolExecutor.java:1167) 
        at java.util.concurrent.ThreadPoolExecutor$Worker.run(ThreadPoolExecutor.java:641) 
        at java.lang.Thread.run(Thread.java:923) 
2021-02-05 09:21:22.033 2042-6666/com.android.permissioncontroller E/BackupHelper: Could not parse delayed permissions
    java.io.FileNotFoundException: /data/user_de/9876/com.android.permissioncontroller/files/delayed_restore_permissions.xml: open failed: EACCES (Permission denied)
        at libcore.io.IoBridge.open(IoBridge.java:492)
        at java.io.FileInputStream.<init>(FileInputStream.java:160)
        at android.app.ContextImpl.openFileInput(ContextImpl.java:636)
        at com.android.permissioncontroller.permission.service.BackupHelper.restoreDelayedState(BackupHelper.java:338)
        at com.android.permissioncontroller.permission.service.PermissionControllerServiceImpl.onRestoreDelayedRuntimePermissionsBackup(PermissionControllerServiceImpl.java:413)
        at com.android.permissioncontroller.permission.service.PermissionControllerServiceImpl.lambda$onApplyStagedRuntimePermissionBackup$4(PermissionControllerServiceImpl.java:407)
        at com.android.permissioncontroller.permission.service.PermissionControllerServiceImpl.lambda$onApplyStagedRuntimePermissionBackup$4$PermissionControllerServiceImpl(Unknown Source:0)
        at com.android.permissioncontroller.permission.service.-$$Lambda$PermissionControllerServiceImpl$mE7NqZpMEJTKa_y63m6czFzewlg.run(Unknown Source:8)
        at android.os.AsyncTask$SerialExecutor$1.run(AsyncTask.java:305)
        at java.util.concurrent.ThreadPoolExecutor.runWorker(ThreadPoolExecutor.java:1167)
        at java.util.concurrent.ThreadPoolExecutor$Worker.run(ThreadPoolExecutor.java:641)
        at java.lang.Thread.run(Thread.java:923)
     Caused by: android.system.ErrnoException: open failed: EACCES (Permission denied)
        at libcore.io.Linux.open(Native Method)
        at libcore.io.ForwardingOs.open(ForwardingOs.java:166)
        at libcore.io.BlockGuardOs.open(BlockGuardOs.java:254)
        at libcore.io.ForwardingOs.open(ForwardingOs.java:166)
        at android.app.ActivityThread$AndroidOs.open(ActivityThread.java:7562)
        at libcore.io.IoBridge.open(IoBridge.java:478)
        at java.io.FileInputStream.<init>(FileInputStream.java:160) 
        at android.app.ContextImpl.openFileInput(ContextImpl.java:636) 
        at com.android.permissioncontroller.permission.service.BackupHelper.restoreDelayedState(BackupHelper.java:338) 
        at com.android.permissioncontroller.permission.service.PermissionControllerServiceImpl.onRestoreDelayedRuntimePermissionsBackup(PermissionControllerServiceImpl.java:413) 
        at com.android.permissioncontroller.permission.service.PermissionControllerServiceImpl.lambda$onApplyStagedRuntimePermissionBackup$4(PermissionControllerServiceImpl.java:407) 
        at com.android.permissioncontroller.permission.service.PermissionControllerServiceImpl.lambda$onApplyStagedRuntimePermissionBackup$4$PermissionControllerServiceImpl(Unknown Source:0) 
        at com.android.permissioncontroller.permission.service.-$$Lambda$PermissionControllerServiceImpl$mE7NqZpMEJTKa_y63m6czFzewlg.run(Unknown Source:8) 
        at android.os.AsyncTask$SerialExecutor$1.run(AsyncTask.java:305) 
        at java.util.concurrent.ThreadPoolExecutor.runWorker(ThreadPoolExecutor.java:1167) 
        at java.util.concurrent.ThreadPoolExecutor$Worker.run(ThreadPoolExecutor.java:641) 
        at java.lang.Thread.run(Thread.java:923) 
2021-02-05 09:21:22.047 2397-2397/com.android.phone E/SmsApplication: Package not found: com.android.bluetooth
2021-02-05 09:21:22.067 6672-6672/? E/Zygote: 112 com_android_internal_os_Zygote BindMount(/mnt/user/0, /storage)
2021-02-05 09:21:22.072 6645-6645/com.android.packageinstaller E/ActivityThread: packages= com.android.packageinstaller acquireProvider 0 auth = settings c=android.app.ContextImpl@44f6ec8
2021-02-05 09:21:22.072 2397-2397/com.android.phone E/PhoneInterfaceManager: [PhoneIntfMgr] getCarrierPackageNamesForIntentAndPhone: No UICC
2021-02-05 09:21:22.098 6701-6701/? E/Zygote: 112 com_android_internal_os_Zygote BindMount(/mnt/user/9876, /storage)
2021-02-05 09:21:22.099 6701-6701/? E/Zygote: 112 com_android_internal_os_Zygote BindMount(/data_mirror/data_de/null/9876/com.android.packageinstaller, /data/user_de/9876/com.android.packageinstaller)
2021-02-05 09:21:22.099 6701-6701/? E/Zygote: 112 com_android_internal_os_Zygote BindMount(/data_mirror/data_ce/null/9876/com.android.packageinstaller, /data/user/9876/com.android.packageinstaller)
2021-02-05 09:21:22.099 6701-6701/? E/Zygote: 112 com_android_internal_os_Zygote BindMount(/data_mirror/cur_profiles/9876/com.android.packageinstaller, /data/misc/profiles/cur/9876/com.android.packageinstaller)
2021-02-05 09:21:22.149 1526-2081/system_process E/RoleUserState: Holders of a removed role should have been cleaned up, role: android.app.role.HOME, holders: {com.android.settings}
2021-02-05 09:21:22.149 1526-2081/system_process E/RoleUserState: Holders of a removed role should have been cleaned up, role: android.app.role.SMS, holders: {com.android.messaging}
2021-02-05 09:21:22.155 6701-6701/com.android.packageinstaller E/ActivityThread: packages= com.android.packageinstaller acquireProvider 9876 auth = settings c=android.app.ContextImpl@44f6ec8
2021-02-05 09:21:22.157 6672-6672/com.tencent.mobileqq E/VFS.FileSystemManager: Invalid parcel file size: 0
2021-02-05 09:21:22.195 6672-6672/com.tencent.mobileqq E/qiqili: InitMemoryCache BaseApplicationImpl.sProcessId =1BaseApplicationImpl.processName=com.tencent.mobileqq
2021-02-05 09:21:27.216 6672-6733/com.tencent.mobileqq E/NativeMemoryMonitor: load so res: true
2021-02-05 09:21:29.386 915-1005/? E/soundtrigger: audio_extn_sound_trigger_update_stream_status: invalid input device 0x0, for event 2
2021-02-05 09:21:36.003 915-3161/? E/msm8974_platform: platform_check_backends_match: Invalid snd_device =
2021-02-05 09:21:36.004 915-3161/? E/voice: voice_is_in_call_rec_stream: input stream is NULL
2021-02-05 09:21:36.004 915-3161/? E/audio_hw_utils: send_app_type_cfg_for_device: Could not get ctl for mixer cmd - Audio Stream Capture 42 App Type Cfg
2021-02-05 09:21:36.028 915-3161/? E/soundtrigger: audio_extn_sound_trigger_update_stream_status: invalid input device 0x0, for event 3
2021-02-05 09:21:36.030 915-3161/? E/ACDB-LOADER: [acdb_loader_adsp_set_audio_cal] active device/stream not found (result=-100) for topology 0x10000aaa and apptype 0x11130
2021-02-05 09:21:36.030 915-3161/? E/ACDB-LOADER: [acdb_loader_adsp_set_audio_cal] set parameters failed with status -100
2021-02-05 09:21:38.145 1526-1923/system_process E/WifiNative: Could not get Iface object for interface null
2021-02-05 09:21:38.146 1526-1923/system_process E/HalDevMgr: Should have at least 1 chip!
2021-02-05 09:21:38.170 5895-6755/com.android.settings.intelligence E/ActivityThread: packages= com.android.settings.intelligence acquireProvider 0 auth = com.android.settings.suggestions.status c=android.app.ContextImpl@c8d64e3
2021-02-05 09:21:38.212 2397-2663/com.android.phone E/PhoneInterfaceManager: [PhoneIntfMgr] getCarrierPackageNamesForIntentAndPhone: No UICC
2021-02-05 09:21:38.217 2397-2663/com.android.phone E/PhoneInterfaceManager: [PhoneIntfMgr] getCarrierPackageNamesForIntentAndPhone: No UICC
2021-02-05 09:21:38.220 2397-2663/com.android.phone E/PhoneInterfaceManager: [PhoneIntfMgr] getCarrierPackageNamesForIntentAndPhone: No UICC
2021-02-05 09:21:38.221 2397-2663/com.android.phone E/PhoneInterfaceManager: [PhoneIntfMgr] getCarrierPackageNamesForIntentAndPhone: No UICC
2021-02-05 09:21:38.237 2397-2663/com.android.phone E/PhoneInterfaceManager: [PhoneIntfMgr] getCarrierPackageNamesForIntentAndPhone: No UICC
2021-02-05 09:21:38.249 2397-2663/com.android.phone E/PhoneInterfaceManager: [PhoneIntfMgr] getCarrierPackageNamesForIntentAndPhone: No UICC
2021-02-05 09:21:38.255 2397-2663/com.android.phone E/PhoneInterfaceManager: [PhoneIntfMgr] getCarrierPackageNamesForIntentAndPhone: No UICC
2021-02-05 09:21:38.279 931-931/? E/iaxxx-spi spi5.0: Timeout for wakeup event rc :0 wake flag :0
2021-02-05 09:21:38.331 931-931/? E/libpixelpowerstats: getResults: wlan is unloaded
2021-02-05 09:21:38.336 1526-1923/system_process E/WifiNative: Could not get Iface object for interface null
2021-02-05 09:21:38.338 1526-1923/system_process E/HalDevMgr: Should have at least 1 chip!
2021-02-05 09:21:38.586 661-661/? E/Layer: [Surface(name=Task=48)/@0xf9c89c1 - animation-leash#0] No local sync point found
2021-02-05 09:21:38.586 661-661/? E/Layer: [Surface(name=Task=48)/@0xf9c89c1 - animation-leash#0] No local sync point found
2021-02-05 09:21:38.586 661-661/? E/Layer: [Surface(name=Task=1)/@0xe8a4f06 - animation-leash#0] No local sync point found
2021-02-05 09:21:38.586 661-661/? E/Layer: [Surface(name=Task=1)/@0xe8a4f06 - animation-leash#0] No local sync point found
2021-02-05 09:21:41.269 915-1005/? E/soundtrigger: audio_extn_sound_trigger_update_stream_status: invalid input device 0x0, for event 2
2021-02-05 09:21:41.647 1526-2781/system_process E/TaskPersister: File error accessing recents directory (directory doesn't exist?).
2021-02-05 09:21:41.651 1526-2781/system_process E/TaskPersister: File error accessing recents directory (directory doesn't exist?).
2021-02-05 09:21:41.722 915-3161/? E/msm8974_platform: platform_check_backends_match: Invalid snd_device =
2021-02-05 09:21:41.722 915-3161/? E/voice: voice_is_in_call_rec_stream: input stream is NULL
2021-02-05 09:21:41.722 915-3161/? E/audio_hw_utils: send_app_type_cfg_for_device: Could not get ctl for mixer cmd - Audio Stream Capture 42 App Type Cfg
2021-02-05 09:21:41.744 915-3161/? E/soundtrigger: audio_extn_sound_trigger_update_stream_status: invalid input device 0x0, for event 3
2021-02-05 09:21:41.745 915-3161/? E/ACDB-LOADER: [acdb_loader_adsp_set_audio_cal] active device/stream not found (result=-100) for topology 0x10000aaa and apptype 0x11130
2021-02-05 09:21:41.745 915-3161/? E/ACDB-LOADER: [acdb_loader_adsp_set_audio_cal] set parameters failed with status -100
2021-02-05 09:21:41.748 1526-2076/system_process E/UserRestrictionsUtils: Unknown restriction queried by uid 1000 (com.bn.mmitest et al): null
2021-02-05 09:21:41.767 1526-1923/system_process E/WifiNative: Could not get Iface object for interface null
2021-02-05 09:21:41.768 1526-1923/system_process E/HalDevMgr: Should have at least 1 chip!
2021-02-05 09:21:41.768 1526-1923/system_process E/WifiNative: Could not get Iface object for interface null
2021-02-05 09:21:41.768 1526-1923/system_process E/HalDevMgr: Should have at least 1 chip!
2021-02-05 09:21:41.769 1526-1923/system_process E/WifiNative: Could not get Iface object for interface null
2021-02-05 09:21:41.770 1526-1923/system_process E/HalDevMgr: Should have at least 1 chip!
2021-02-05 09:21:41.772 1526-1923/system_process E/WifiNative: Could not get Iface object for interface null
2021-02-05 09:21:41.772 1526-1923/system_process E/HalDevMgr: Should have at least 1 chip!
2021-02-05 09:21:41.773 1526-1923/system_process E/WifiNative: Could not get Iface object for interface null
2021-02-05 09:21:41.774 1526-1923/system_process E/HalDevMgr: Should have at least 1 chip!
2021-02-05 09:21:41.774 2397-2663/com.android.phone E/ActivityThread: packages= com.qualcomm.qti.telephonyservice acquireProvider 0 auth = telephony c=android.app.ContextImpl@305b47
2021-02-05 09:21:41.774 1526-1923/system_process E/WifiNative: Could not get Iface object for interface null
2021-02-05 09:21:41.774 1526-1923/system_process E/HalDevMgr: Should have at least 1 chip!
2021-02-05 09:21:41.775 1526-6756/system_process E/WifiService: Attempt to retrieve WifiConfiguration with invalid scanResult List
2021-02-05 09:21:41.775 1526-6756/system_process E/WifiService: Attempt to retrieve passpoint with invalid scanResult List
2021-02-05 09:21:41.775 1526-2080/system_process E/WifiService: Attempt to retrieve OsuProviders with invalid scanResult List
2021-02-05 09:21:41.778 2397-2663/com.android.phone E/ActivityThread: packages= com.qualcomm.qti.telephonyservice acquireProvider 0 auth = telephony c=android.app.ContextImpl@305b47
2021-02-05 09:21:41.783 2397-2663/com.android.phone E/ActivityThread: packages= com.qualcomm.qti.telephonyservice acquireProvider 0 auth = telephony c=android.app.ContextImpl@305b47
2021-02-05 09:21:41.823 2397-2663/com.android.phone E/ActivityThread: packages= com.qualcomm.qti.telephonyservice acquireProvider 0 auth = telephony c=android.app.ContextImpl@305b47
2021-02-05 09:21:41.858 2397-2663/com.android.phone E/ActivityThread: packages= com.qualcomm.qti.telephonyservice acquireProvider 0 auth = telephony c=android.app.ContextImpl@305b47
2021-02-05 09:21:42.843 942-942/? E/ipa3_uc_reg_rdyCB: 3107 bad parm. inout=0000000000000000
2021-02-05 09:21:43.058 1526-1923/system_process E/SupplicantStaIfaceHal: checkHalVersionByInterfaceName: called but mServiceManager is null
2021-02-05 09:21:43.058 1526-1923/system_process E/SupplicantStaIfaceHal: checkHalVersionByInterfaceName: called but mServiceManager is null
2021-02-05 09:21:43.058 1526-1923/system_process E/SupplicantStaIfaceHal: Method getKeyMgmtCapabilities is not supported in existing HAL
2021-02-05 09:21:43.062 1526-1923/system_process E/SupplicantStaIfaceHal: checkHalVersionByInterfaceName: called but mServiceManager is null
2021-02-05 09:21:43.178 1526-1923/system_process E/SupplicantStaIfaceHal: Can't call setupIface, ISupplicantStaIface is null
2021-02-05 09:21:43.224 1526-1923/system_process E/WifiScanner: listener cannot be found
2021-02-05 09:21:43.226 1526-1927/system_process E/WifiScanningService: wifi driver loaded received while already loaded
2021-02-05 09:21:43.242 942-942/? E/WifiHAL: ack_handler_nan: called
2021-02-05 09:21:43.246 942-942/? E/WifiHAL: ack_handler_nan: called
2021-02-05 09:21:43.246 942-942/? E/WifiHAL: error_handler_nan: Error code:-22 (Invalid argument)
2021-02-05 09:21:43.246 942-942/? E/WifiHAL: nan_data_interface_delete: requestEvent Error:-5
2021-02-05 09:21:43.246 942-942/? E/WifiHAL: error_handler_nan: Error code:-22 (Invalid argument)
2021-02-05 09:21:43.247 942-942/? E/WifiHAL: nan_data_interface_delete: requestEvent Error:-5
2021-02-05 09:21:43.247 942-6768/? E/vendor.google.wifi_ext@1.0-service-vendor: Callback invoked on an invalid object
2021-02-05 09:21:43.338 1526-1923/system_process E/WifiScoringParams: Invalid frequency(-1), using 5G as default rssi array
2021-02-05 09:21:43.392 1526-2076/system_process E/WifiService: Attempt to retrieve WifiConfiguration with invalid scanResult List
2021-02-05 09:21:43.392 1526-2076/system_process E/WifiService: Attempt to retrieve passpoint with invalid scanResult List
2021-02-05 09:21:43.395 1526-2076/system_process E/WifiService: Attempt to retrieve OsuProviders with invalid scanResult List
2021-02-05 09:21:43.422 1526-2076/system_process E/WifiService: Attempt to retrieve WifiConfiguration with invalid scanResult List
2021-02-05 09:21:43.422 1526-2076/system_process E/WifiService: Attempt to retrieve passpoint with invalid scanResult List
2021-02-05 09:21:43.422 1526-2076/system_process E/WifiService: Attempt to retrieve OsuProviders with invalid scanResult List
2021-02-05 09:21:44.732 1526-2781/system_process E/TaskPersister: File error accessing recents directory (directory doesn't exist?).
2021-02-05 09:21:44.734 1526-2781/system_process E/TaskPersister: File error accessing recents directory (directory doesn't exist?).
2021-02-05 09:21:45.995 915-1005/? E/soundtrigger: audio_extn_sound_trigger_update_stream_status: invalid input device 0x0, for event 2
2021-02-05 09:21:49.257 915-3161/? E/msm8974_platform: platform_check_backends_match: Invalid snd_device =
2021-02-05 09:21:49.257 915-3161/? E/voice: voice_is_in_call_rec_stream: input stream is NULL
2021-02-05 09:21:49.258 915-3161/? E/audio_hw_utils: send_app_type_cfg_for_device: Could not get ctl for mixer cmd - Audio Stream Capture 42 App Type Cfg
2021-02-05 09:21:49.279 915-3161/? E/soundtrigger: audio_extn_sound_trigger_update_stream_status: invalid input device 0x0, for event 3
2021-02-05 09:21:49.280 915-3161/? E/ACDB-LOADER: [acdb_loader_adsp_set_audio_cal] active device/stream not found (result=-100) for topology 0x10000aaa and apptype 0x11130
2021-02-05 09:21:49.280 915-3161/? E/ACDB-LOADER: [acdb_loader_adsp_set_audio_cal] set parameters failed with status -100
2021-02-05 09:21:52.217 6672-6733/com.tencent.mobileqq E/ActivityThread: packages= com.tencent.mobileqq acquireProvider 0 auth = settings c=android.app.ContextImpl@4b006ee
2021-02-05 09:21:52.536 915-1005/? E/soundtrigger: audio_extn_sound_trigger_update_stream_status: invalid input device 0x0, for event 2
2021-02-05 09:21:52.787 1526-2781/system_process E/TaskPersister: File error accessing recents directory (directory doesn't exist?).
2021-02-05 09:21:52.789 1526-2781/system_process E/TaskPersister: File error accessing recents directory (directory doesn't exist?).
2021-02-05 09:21:55.740 915-3161/? E/msm8974_platform: platform_check_backends_match: Invalid snd_device =
2021-02-05 09:21:55.740 915-3161/? E/voice: voice_is_in_call_rec_stream: input stream is NULL
2021-02-05 09:21:55.740 915-3161/? E/audio_hw_utils: send_app_type_cfg_for_device: Could not get ctl for mixer cmd - Audio Stream Capture 42 App Type Cfg
2021-02-05 09:21:55.772 915-3161/? E/soundtrigger: audio_extn_sound_trigger_update_stream_status: invalid input device 0x0, for event 3
2021-02-05 09:21:55.773 915-3161/? E/ACDB-LOADER: [acdb_loader_adsp_set_audio_cal] active device/stream not found (result=-100) for topology 0x10000aaa and apptype 0x11130
2021-02-05 09:21:55.773 915-3161/? E/ACDB-LOADER: [acdb_loader_adsp_set_audio_cal] set parameters failed with status -100
2021-02-05 09:21:59.337 1526-2781/system_process E/TaskPersister: File error accessing recents directory (directory doesn't exist?).
2021-02-05 09:21:59.339 1526-2781/system_process E/TaskPersister: File error accessing recents directory (directory doesn't exist?).
2021-02-05 09:22:03.340 1526-1923/system_process E/WifiScoringParams: Invalid frequency(-1), using 5G as default rssi array
2021-02-05 09:22:03.725 1526-2781/system_process E/TaskPersister: File error accessing recents directory (directory doesn't exist?).
2021-02-05 09:22:03.873 915-1005/? E/soundtrigger: audio_extn_sound_trigger_update_stream_status: invalid input device 0x0, for event 2
2021-02-05 09:22:03.726 1526-2781/system_process E/TaskPersister: File error accessing recents directory (directory doesn't exist?).
2021-02-05 09:22:06.786 915-3161/? E/msm8974_platform: platform_check_backends_match: Invalid snd_device =
2021-02-05 09:22:06.786 915-3161/? E/voice: voice_is_in_call_rec_stream: input stream is NULL
2021-02-05 09:22:06.786 915-3161/? E/audio_hw_utils: send_app_type_cfg_for_device: Could not get ctl for mixer cmd - Audio Stream Capture 42 App Type Cfg
2021-02-05 09:22:06.810 915-3161/? E/soundtrigger: audio_extn_sound_trigger_update_stream_status: invalid input device 0x0, for event 3
2021-02-05 09:22:06.811 915-3161/? E/ACDB-LOADER: [acdb_loader_adsp_set_audio_cal] active device/stream not found (result=-100) for topology 0x10000aaa and apptype 0x11130
2021-02-05 09:22:06.811 915-3161/? E/ACDB-LOADER: [acdb_loader_adsp_set_audio_cal] set parameters failed with status -100
2021-02-05 09:22:10.779 1526-2781/system_process E/TaskPersister: File error accessing recents directory (directory doesn't exist?).
2021-02-05 09:22:11.600 915-1005/? E/soundtrigger: audio_extn_sound_trigger_update_stream_status: invalid input device 0x0, for event 2
2021-02-05 09:22:10.780 1526-2781/system_process E/TaskPersister: File error accessing recents directory (directory doesn't exist?).
2021-02-05 09:22:16.173 915-3161/? E/msm8974_platform: platform_check_backends_match: Invalid snd_device =
2021-02-05 09:22:16.174 915-3161/? E/voice: voice_is_in_call_rec_stream: input stream is NULL
2021-02-05 09:22:16.174 915-3161/? E/audio_hw_utils: send_app_type_cfg_for_device: Could not get ctl for mixer cmd - Audio Stream Capture 42 App Type Cfg
2021-02-05 09:22:16.183 3342-3342/com.android.inputmethod.latin E/RichInputConnection: Unable to connect to the editor to retrieve text.
2021-02-05 09:22:16.184 3342-3342/com.android.inputmethod.latin E/RichInputConnection: Unable to connect to the editor to retrieve text.
2021-02-05 09:22:16.198 915-3161/? E/soundtrigger: audio_extn_sound_trigger_update_stream_status: invalid input device 0x0, for event 3
2021-02-05 09:22:16.200 915-3161/? E/ACDB-LOADER: [acdb_loader_adsp_set_audio_cal] active device/stream not found (result=-100) for topology 0x10000aaa and apptype 0x11130
2021-02-05 09:22:16.200 915-3161/? E/ACDB-LOADER: [acdb_loader_adsp_set_audio_cal] set parameters failed with status -100
2021-02-05 09:22:19.429 915-1005/? E/soundtrigger: audio_extn_sound_trigger_update_stream_status: invalid input device 0x0, for event 2
2021-02-05 09:22:21.337 915-3161/? E/msm8974_platform: platform_check_backends_match: Invalid snd_device =
2021-02-05 09:22:21.338 915-3161/? E/voice: voice_is_in_call_rec_stream: input stream is NULL
2021-02-05 09:22:21.338 915-3161/? E/audio_hw_utils: send_app_type_cfg_for_device: Could not get ctl for mixer cmd - Audio Stream Capture 42 App Type Cfg
2021-02-05 09:22:21.363 1526-1923/system_process E/WifiConfigManager: Cannot find network with networkId -1 or configKey "仲阳的iPhone"WPA_PSK
2021-02-05 09:22:21.363 1526-1923/system_process E/WifiConfigManager: Cannot find network with networkId -1 or configKey "仲阳的iPhone"WPA_PSK
2021-02-05 09:22:21.370 915-3161/? E/soundtrigger: audio_extn_sound_trigger_update_stream_status: invalid input device 0x0, for event 3
2021-02-05 09:22:21.371 915-3161/? E/ACDB-LOADER: [acdb_loader_adsp_set_audio_cal] active device/stream not found (result=-100) for topology 0x10000aaa and apptype 0x11130
2021-02-05 09:22:21.371 915-3161/? E/ACDB-LOADER: [acdb_loader_adsp_set_audio_cal] set parameters failed with status -100
2021-02-05 09:22:21.378 621-638/? E/QC-time-services: Receive Passed == base = 13, unit = 1, operation = 2, result = 0
2021-02-05 09:22:21.379 741-977/? E/QC-time-services: Daemon: Time-services: Waiting to acceptconnection
2021-02-05 09:22:21.382 741-977/? E/QC-time-services: Daemon: Time-services: Waiting to acceptconnection
2021-02-05 09:22:21.402 1526-1923/system_process E/WifiConfigManager: Cannot find network with configKey "仲阳的iPhone"WPA_PSK
2021-02-05 09:22:21.554 1526-1923/system_process E/WifiScanRequestProxy: Scan failure received. reason: -1,description: Scan failed
2021-02-05 09:22:21.616 1161-1161/? E/wificond: NL80211_CMD_TRIGGER_SCAN failed: Device or resource busy
2021-02-05 09:22:21.617 1526-1927/system_process E/WificondScannerImpl: Failed to start scan, freqs=null
2021-02-05 09:22:21.618 1526-1923/system_process E/WifiScanRequestProxy: Scan failure received. reason: -1,description: Scan failed
2021-02-05 09:22:21.703 1203-1203/? E/cnss-daemon: wlan_service_update_sys_param: unable to open /proc/sys/net/ipv4/tcp_adv_win_scale
2021-02-05 09:22:21.725 898-1058/? E/Netd: no such netId 100
2021-02-05 09:22:21.725 1526-1928/system_process E/ConnectivityService: Exception adding interface: java.lang.IllegalStateException: android.os.ServiceSpecificException: Machine is not on the network (code 64)
2021-02-05 09:22:21.726 898-1058/? E/Netd: no such netId 100
2021-02-05 09:22:21.753 942-6768/? E/WifiHAL: Few pkt stats messages missed: rcvd = 0, prev = 0
2021-02-05 09:22:21.804 898-1058/? E/Netd: no such netId 100
2021-02-05 09:22:21.805 1526-1928/system_process E/ConnectivityService: Exception in networkAddRouteParcel for non-gateway: android.os.ServiceSpecificException: Machine is not on the network (code 64)
2021-02-05 09:22:21.805 898-1058/? E/Netd: no such netId 100
2021-02-05 09:22:21.806 1526-1928/system_process E/ConnectivityService: Exception in networkAddRouteParcel for gateway: android.os.ServiceSpecificException: Machine is not on the network (code 64)
2021-02-05 09:22:21.854 1203-1203/? E/cnss-daemon: wlan_service_update_sys_param: unable to open /proc/sys/net/ipv4/neigh/wlan0/ucast_solicit
2021-02-05 09:22:21.854 1203-1203/? E/cnss-daemon: wlan_service_update_sys_param: unable to open /proc/sys/net/ipv6/neigh/wlan0/ucast_solicit
2021-02-05 09:22:21.854 1203-1203/? E/cnss-daemon: wlan_service_update_sys_param: unable to open /proc/sys/net/ipv4/neigh/wlan0/retrans_time_ms
2021-02-05 09:22:21.854 1203-1203/? E/cnss-daemon: wlan_service_update_sys_param: unable to open /proc/sys/net/ipv6/neigh/wlan0/retrans_time_ms
2021-02-05 09:22:21.854 1526-1923/system_process E/WifiVendorHal: stopRssiMonitoring(l.2100) failed {.code = ERROR_NOT_AVAILABLE, .description = }
2021-02-05 09:22:21.858 898-1048/? E/NetlinkEvent: NetlinkEvent::FindParam(): Parameter 'INTERFACE' not found
2021-02-05 09:22:21.859 898-1048/? E/NetlinkEvent: NetlinkEvent::FindParam(): Parameter 'STATE' not found
2021-02-05 09:22:21.859 898-1048/? E/NetlinkEvent: NetlinkEvent::FindParam(): Parameter 'TIME_NS' not found
2021-02-05 09:22:21.859 898-1048/? E/NetlinkEvent: NetlinkEvent::FindParam(): Parameter 'UID' not found
2021-02-05 09:22:21.911 2423-2423/com.android.settings E/PreferenceGroup: Found duplicated key: "StandardWifiEntry:仲阳的iPhone,2". This can cause unintended behaviour, please use unique keys for every preference.
2021-02-05 09:22:22.540 2013-6862/com.android.systemui E/ActivityThread: packages= com.android.systemui acquireProvider 0 auth = settings c=android.app.ContextImpl@619de85
2021-02-05 09:22:22.541 2013-6862/com.android.systemui E/ActivityThread: packages= com.android.systemui acquireProvider 0 auth = settings c=android.app.ContextImpl@619de85
2021-02-05 09:22:23.065 1149-6875/? E/FMQ: grantorIdx must be less than 3
2021-02-05 09:22:23.065 1149-6875/? E/FMQ: grantorIdx must be less than 3
2021-02-05 09:22:23.066 1187-2108/? E/FMQ: grantorIdx must be less than 3
2021-02-05 09:22:23.066 1187-2108/? E/FMQ: grantorIdx must be less than 3
2021-02-05 09:22:23.069 1149-6875/? E/FMQ: grantorIdx must be less than 3
2021-02-05 09:22:23.069 1187-2108/? E/FMQ: grantorIdx must be less than 3
2021-02-05 09:22:23.072 1187-6876/? E/FMQ: grantorIdx must be less than 3
2021-02-05 09:22:23.073 1149-6067/? E/FMQ: grantorIdx must be less than 3
2021-02-05 09:22:23.140 915-1012/? E/soundtrigger: audio_extn_sound_trigger_update_stream_status: invalid input device 0x0, for event 2
2021-02-05 09:22:23.147 915-1012/? E/voice: voice_is_in_call_rec_stream: input stream is NULL
2021-02-05 09:22:23.147 915-1012/? E/audio_hw_utils: send_app_type_cfg_for_device: Could not get ctl for mixer cmd - Audio Stream Capture 42 App Type Cfg
2021-02-05 09:22:23.167 915-1012/? E/soundtrigger: audio_extn_sound_trigger_update_stream_status: invalid input device 0x0, for event 3
2021-02-05 09:22:23.290 2388-2754/com.qualcomm.qti.cne E/QCNEJ/WlanStaInfoRelay: update link properties given null lp
2021-02-05 09:22:23.290 4433-4491/com.qualcomm.qti.cne E/QCNEJ/WlanStaInfoRelay: update link properties given null lp
2021-02-05 09:22:23.292 898-6848/? E/Netd: Error adding route ::/0 -> fe80::100c:75b2:5cdc:8997 wlan0 to table 1030: File exists
2021-02-05 09:22:24.847 1526-2781/system_process E/TaskPersister: File error accessing recents directory (directory doesn't exist?).
2021-02-05 09:22:25.756 915-1012/? E/soundtrigger: audio_extn_sound_trigger_update_stream_status: invalid input device 0x0, for event 2
2021-02-05 09:22:25.767 915-1012/? E/voice: voice_is_in_call_rec_stream: input stream is NULL
2021-02-05 09:22:25.767 915-1012/? E/audio_hw_utils: send_app_type_cfg_for_device: Could not get ctl for mixer cmd - Audio Stream Capture 42 App Type Cfg
2021-02-05 09:22:25.788 915-1012/? E/soundtrigger: audio_extn_sound_trigger_update_stream_status: invalid input device 0x0, for event 3
2021-02-05 09:22:24.848 1526-2781/system_process E/TaskPersister: File error accessing recents directory (directory doesn't exist?).
2021-02-05 09:22:27.450 6896-6896/? E/Zygote: 112 com_android_internal_os_Zygote BindMount(/mnt/user/9876, /storage)
2021-02-05 09:22:27.495 6896-6896/com.tencent.mobileqq E/VFS.FileSystemManager: Invalid parcel file size: 0
2021-02-05 09:22:27.515 6896-6896/com.tencent.mobileqq E/qiqili: InitMemoryCache BaseApplicationImpl.sProcessId =1BaseApplicationImpl.processName=com.tencent.mobileqq
2021-02-05 09:22:27.534 6896-6896/com.tencent.mobileqq E/ActivityThread: packages= com.tencent.mobileqq acquireProvider 9876 auth = settings c=android.app.ContextImpl@248ee4
2021-02-05 09:22:27.655 6896-6896/com.tencent.mobileqq E/ActivityThread: packages= com.tencent.mobileqq acquireProvider 9876 auth = settings c=android.app.ContextImpl@4b006ee
2021-02-05 09:22:27.731 5980-6008/com.android.inputmethod.latin E/ActivityThread: packages= com.android.inputmethod.latin acquireProvider 9876 auth = user_dictionary c=android.app.ContextImpl@89835d5
2021-02-05 09:22:27.741 5980-6008/com.android.inputmethod.latin E/ActivityThread: packages= com.android.inputmethod.latin acquireProvider 9876 auth = user_dictionary c=android.app.ContextImpl@89835d5
2021-02-05 09:22:27.744 5980-6008/com.android.inputmethod.latin E/ActivityThread: packages= com.android.inputmethod.latin acquireProvider 9876 auth = com.android.inputmethod.dictionarypack.aosp c=android.app.ContextImpl@89835d5
2021-02-05 09:22:28.066 661-661/? E/Layer: [Surface(name=Task=1)/@0xe8a4f06 - animation-leash#0] No local sync point found
2021-02-05 09:22:28.066 661-661/? E/Layer: [Surface(name=Task=1)/@0xe8a4f06 - animation-leash#0] No local sync point found
2021-02-05 09:22:28.066 661-661/? E/Layer: [Surface(name=Task=49)/@0x6d56d4 - animation-leash#0] No local sync point found
2021-02-05 09:22:28.066 661-661/? E/Layer: [Surface(name=Task=49)/@0x6d56d4 - animation-leash#0] No local sync point found
2021-02-05 09:22:28.397 1203-1203/? E/cnss-daemon: wlan_service_update_sys_param: unable to open /proc/sys/net/ipv4/neigh/wlan0/ucast_solicit
2021-02-05 09:22:28.397 1203-1203/? E/cnss-daemon: wlan_service_update_sys_param: unable to open /proc/sys/net/ipv6/neigh/wlan0/ucast_solicit
2021-02-05 09:22:28.397 1203-1203/? E/cnss-daemon: wlan_service_update_sys_param: unable to open /proc/sys/net/ipv4/neigh/wlan0/retrans_time_ms
2021-02-05 09:22:28.397 1203-1203/? E/cnss-daemon: wlan_service_update_sys_param: unable to open /proc/sys/net/ipv6/neigh/wlan0/retrans_time_ms
2021-02-05 09:22:28.781 6896-6896/com.tencent.mobileqq E/ActivityThread: packages= com.tencent.mobileqq acquireProvider 9876 auth = settings c=android.app.ContextImpl@4b006ee
2021-02-05 09:22:29.026 6896-6927/com.tencent.mobileqq E/ActivityThread: packages= com.tencent.mobileqq acquireProvider 9876 auth = settings c=android.app.ContextImpl@4b006ee
2021-02-05 09:22:29.084 6896-6960/com.tencent.mobileqq E/System:  ******** DEPRECATED FUNCTIONALITY ********
2021-02-05 09:22:29.084 6896-6960/com.tencent.mobileqq E/System:  * The implementation of the KeyFactory.RSA algorithm from
2021-02-05 09:22:29.084 6896-6960/com.tencent.mobileqq E/System:  * the BC provider is deprecated in this version of Android.
2021-02-05 09:22:29.084 6896-6960/com.tencent.mobileqq E/System:  * It will be removed in a future version of Android and your
2021-02-05 09:22:29.084 6896-6960/com.tencent.mobileqq E/System:  * application will no longer be able to request it.  Please see
2021-02-05 09:22:29.084 6896-6960/com.tencent.mobileqq E/System:  * https://android-developers.googleblog.com/2018/03/cryptography-changes-in-android-p.html
2021-02-05 09:22:29.084 6896-6960/com.tencent.mobileqq E/System:  * for more details.
2021-02-05 09:22:29.467 6896-6927/com.tencent.mobileqq E/AutoMonitor: UPDATE_STEPS true
2021-02-05 09:22:29.476 6979-6979/? E/Zygote: 112 com_android_internal_os_Zygote BindMount(/mnt/user/9876, /storage)
2021-02-05 09:22:29.477 6896-6927/com.tencent.mobileqq E/mqq: can not send intent ,false|true|false
2021-02-05 09:22:29.523 6979-6979/com.tencent.mobileqq E/ActivityThread: packages= com.tencent.mobileqq acquireProvider 9876 auth = com.tencent.mqq.shared_file_accessor.ContentProviderImpl c=android.app.ContextImpl@244dc69
2021-02-05 09:22:29.525 6979-6979/com.tencent.mobileqq E/ActivityThread: packages= com.tencent.mobileqq acquireProvider 9876 auth = com.tencent.mqq.shared_file_accessor.ContentProviderImpl c=android.app.ContextImpl@244dc69
2021-02-05 09:22:29.544 6979-6979/com.tencent.mobileqq E/ActivityThread: packages= com.tencent.mobileqq acquireProvider 9876 auth = com.tencent.mqq.shared_file_accessor.ContentProviderImpl c=android.app.ContextImpl@244dc69
2021-02-05 09:22:29.554 6979-7018/com.tencent.mobileqq E/ActivityThread: packages= com.tencent.mobileqq acquireProvider 9876 auth = settings c=android.app.ContextImpl@244dc69
2021-02-05 09:22:29.555 6896-6940/com.tencent.mobileqq E/Theme.ThemeUtil: initTheme null app
2021-02-05 09:22:29.564 6979-6979/com.tencent.mobileqq E/ActivityThread: packages= com.tencent.mobileqq acquireProvider 9876 auth = settings c=android.app.ContextImpl@244dc69
2021-02-05 09:22:29.573 6979-6979/com.tencent.mobileqq E/MSF.C.NativeConfigStore: loadso msfbootV2 true resultCode=262144 cost=1
2021-02-05 09:22:29.602 6979-6979/com.tencent.mobileqq E/ActivityThread: packages= com.tencent.mobileqq acquireProvider 9876 auth = com.tencent.mqq.shared_file_accessor.ContentProviderImpl c=android.app.ContextImpl@244dc69
2021-02-05 09:22:29.604 6979-6979/com.tencent.mobileqq E/System:  ******** DEPRECATED FUNCTIONALITY ********
2021-02-05 09:22:29.605 6979-6979/com.tencent.mobileqq E/System:  * The implementation of the KeyPairGenerator.EC algorithm from
2021-02-05 09:22:29.605 6979-6979/com.tencent.mobileqq E/System:  * the BC provider is deprecated in this version of Android.
2021-02-05 09:22:29.605 6979-6979/com.tencent.mobileqq E/System:  * It will be removed in a future version of Android and your
2021-02-05 09:22:29.605 6979-6979/com.tencent.mobileqq E/System:  * application will no longer be able to request it.  Please see
2021-02-05 09:22:29.605 6979-6979/com.tencent.mobileqq E/System:  * https://android-developers.googleblog.com/2018/03/cryptography-changes-in-android-p.html
2021-02-05 09:22:29.605 6979-6979/com.tencent.mobileqq E/System:  * for more details.
2021-02-05 09:22:29.621 6979-6979/com.tencent.mobileqq E/System:  ******** DEPRECATED FUNCTIONALITY ********
2021-02-05 09:22:29.621 6979-6979/com.tencent.mobileqq E/System:  * The implementation of the KeyFactory.EC algorithm from
2021-02-05 09:22:29.621 6979-6979/com.tencent.mobileqq E/System:  * the BC provider is deprecated in this version of Android.
2021-02-05 09:22:29.621 6979-6979/com.tencent.mobileqq E/System:  * It will be removed in a future version of Android and your
2021-02-05 09:22:29.622 6979-6979/com.tencent.mobileqq E/System:  * application will no longer be able to request it.  Please see
2021-02-05 09:22:29.622 6979-6979/com.tencent.mobileqq E/System:  * https://android-developers.googleblog.com/2018/03/cryptography-changes-in-android-p.html
2021-02-05 09:22:29.622 6979-6979/com.tencent.mobileqq E/System:  * for more details.
2021-02-05 09:22:29.622 6979-6979/com.tencent.mobileqq E/System:  ******** DEPRECATED FUNCTIONALITY ********
2021-02-05 09:22:29.622 6979-6979/com.tencent.mobileqq E/System:  * The implementation of the KeyAgreement.ECDH algorithm from
2021-02-05 09:22:29.622 6979-6979/com.tencent.mobileqq E/System:  * the BC provider is deprecated in this version of Android.
2021-02-05 09:22:29.622 6979-6979/com.tencent.mobileqq E/System:  * It will be removed in a future version of Android and your
2021-02-05 09:22:29.622 6979-6979/com.tencent.mobileqq E/System:  * application will no longer be able to request it.  Please see
2021-02-05 09:22:29.622 6979-6979/com.tencent.mobileqq E/System:  * https://android-developers.googleblog.com/2018/03/cryptography-changes-in-android-p.html
2021-02-05 09:22:29.622 6979-6979/com.tencent.mobileqq E/System:  * for more details.
2021-02-05 09:22:29.603 6979-6979/com.tencent.mobileqq E/ActivityThread: packages= com.tencent.mobileqq acquireProvider 9876 auth = com.tencent.mqq.shared_file_accessor.ContentProviderImpl c=android.app.ContextImpl@244dc69
2021-02-05 09:22:29.628 6979-7032/com.tencent.mobileqq E/ActivityThread: packages= com.tencent.mobileqq acquireProvider 9876 auth = com.tencent.mqq.shared_file_accessor.ContentProviderImpl c=android.app.ContextImpl@244dc69
