01-12 11:08:32.323  1475  1512 V StorageManagerService: Package com.android.mtp does not have legacy storage
01-12 11:08:32.323  1475  1512 V StorageManagerService: Package com.android.nfc does not have legacy storage
01-12 11:08:32.323  1475  1512 V StorageManagerService: Package com.android.ons does not have legacy storage
01-12 11:08:32.323  1475  1512 V StorageManagerService: Package com.android.stk does not have legacy storage
01-12 11:08:32.323  1475  1512 V StorageManagerService: Package com.android.launcher3 does not have legacy storage
01-12 11:08:32.323   621   670 D vold    : Finished restorecon of /data/misc_ce/9876
01-12 11:08:32.323   621   670 D vold    : /system/bin/vold_prepare_subdirs
01-12 11:08:32.323   621   670 D vold    :     prepare
01-12 11:08:32.323   621   670 D vold    :
01-12 11:08:32.323   621   670 D vold    :     9876
01-12 11:08:32.323   621   670 D vold    :     2
01-12 11:08:32.323  1475  1512 V StorageManagerService: Package com.android.backupconfirm does not have legacy storage
01-12 11:08:32.323  1475  1512 V StorageManagerService: Package com.android.settings.auto_generated_rro_vendor__ does not have legacy storage
01-12 11:08:32.323  1475  1512 V StorageManagerService: Package com.android.systemui.auto_generated_rro_vendor__ does not have legacy storage
01-12 11:08:32.323  1475  1512 V StorageManagerService: Package com.android.provision does not have legacy storage
01-12 11:08:32.323  1475  1512 V StorageManagerService: Package org.codeaurora.ims does not have legacy storage
01-12 11:08:32.323  1475  1512 V StorageManagerService: Package com.android.statementservice does not have legacy storage
01-12 11:08:32.323  1475  1512 V StorageManagerService: Package com.android.settings.intelligence does not have legacy storage
01-12 11:08:32.324  1475  1512 V StorageManagerService: Package com.android.calendar does not have legacy storage
01-12 11:08:32.324  1475  1512 V StorageManagerService: Package com.android.internal.systemui.navbar.gestural_extra_wide_back does not have legacy storage
01-12 11:08:32.324  1475  1512 V StorageManagerService: Package com.qualcomm.qcrilmsgtunnel does not have legacy storage
01-12 11:08:32.324  1475  1512 V StorageManagerService: Package com.android.providers.settings does not have legacy storage
01-12 11:08:32.324  1475  1512 V StorageManagerService: Package com.android.sharedstoragebackup does not have legacy storage
01-12 11:08:32.324  1475  1512 V StorageManagerService: Package com.android.printspooler does not have legacy storage
01-12 11:08:32.324  1475  1512 V StorageManagerService: Package com.android.theme.icon_pack.filled.settings does not have legacy storage
01-12 11:08:32.324  1475  1512 V StorageManagerService: Package com.android.dreams.basic does not have legacy storage
01-12 11:08:32.324  1475  1512 V StorageManagerService: Package com.android.webview does not have legacy storage
01-12 11:08:32.324  1475  1512 V StorageManagerService: Package com.android.se does not have legacy storage
01-12 11:08:32.324  1475  1512 V StorageManagerService: Package com.android.inputdevices does not have legacy storage
01-12 11:08:32.324  1475  1512 V StorageManagerService: Package com.android.recovery_l10n does not have legacy storage
01-12 11:08:32.324  1475  1512 V StorageManagerService: Package com.android.bips does not have legacy storage
01-12 11:08:32.324  1475  1512 V StorageManagerService: Package com.android.theme.icon_pack.circular.settings does not have legacy storage
01-12 11:08:32.324  1475  1512 V StorageManagerService: Package com.android.musicfx does not have legacy storage
01-12 11:08:32.324  1475  1512 V StorageManagerService: Package com.android.cellbroadcastreceiver does not have legacy storage
01-12 11:08:32.324  1475  1512 V StorageManagerService: Package com.android.theme.icon.teardrop does not have legacy storage
01-12 11:08:32.324  1475  1512 V StorageManagerService: Package android.ext.shared does not have legacy storage
01-12 11:08:32.324  1475  1512 V StorageManagerService: Package com.android.onetimeinitializer does not have legacy storage
01-12 11:08:32.324  1475  1512 V StorageManagerService: Package com.android.server.telecom does not have legacy storage
01-12 11:08:32.325  1475  1512 V StorageManagerService: Package com.android.cellbroadcastservice does not have legacy storage
01-12 11:08:32.325  1475  1512 V StorageManagerService: Package com.android.theme.icon_pack.rounded.themepicker does not have legacy storage
01-12 11:08:32.325  1475  1512 V StorageManagerService: Package com.android.keychain does not have legacy storage
01-12 11:08:32.325  1475  1512 V StorageManagerService: Package com.android.service.ims does not have legacy storage
01-12 11:08:32.325  1475  1512 V StorageManagerService: Package com.android.printservice.recommendation does not have legacy storage
01-12 11:08:32.325  1475  1512 V StorageManagerService: Package com.android.dialer does not have legacy storage
01-12 11:08:32.325  1475  1512 V StorageManagerService: Package com.android.gallery3d has legacy storage
01-12 11:08:32.325  1475  1512 V StorageManagerService: Package com.android.theme.icon_pack.filled.systemui does not have legacy storage
01-12 11:08:32.325  1475  1512 V StorageManagerService: Package android.ext.services does not have legacy storage
01-12 11:08:32.325  1475  1512 V StorageManagerService: Package com.android.wifi.resources does not have legacy storage
01-12 11:08:32.325  1475  1512 V StorageManagerService: Package com.android.calllogbackup does not have legacy storage
01-12 11:08:32.325  1475  1512 V StorageManagerService: Package com.android.safetyregulatoryinfo does not have legacy storage
01-12 11:08:32.325  1475  1512 V StorageManagerService: Package com.tencent.mobileqq has legacy storage
01-12 11:08:32.325  1475  1512 V StorageManagerService: Package com.android.localtransport does not have legacy storage
01-12 11:08:32.325  1475  1512 V StorageManagerService: Package com.android.packageinstaller does not have legacy storage
01-12 11:08:32.325  1475  1512 V StorageManagerService: Package com.android.carrierdefaultapp does not have legacy storage
01-12 11:08:32.325  1475  1512 V StorageManagerService: Package com.android.theme.font.notoserifsource does not have legacy storage
01-12 11:08:32.325  1475  1512 V StorageManagerService: Package com.android.theme.icon_pack.filled.android does not have legacy storage
01-12 11:08:32.325  1475  1512 V StorageManagerService: Package com.android.proxyhandler does not have legacy storage
01-12 11:08:32.325  1475  1512 V StorageManagerService: Package com.android.internal.display.cutout.emulation.waterfall does not have legacy storage
01-12 11:08:32.325  1475  1512 V StorageManagerService: Package com.android.theme.icon_pack.circular.systemui does not have legacy storage
01-12 11:08:32.325  1475  1512 V StorageManagerService: Package com.android.inputmethod.latin has legacy storage
01-12 11:08:32.325  1475  1512 V StorageManagerService: Package org.chromium.webview_shell does not have legacy storage
01-12 11:08:32.325  1475  1512 V StorageManagerService: Package com.android.managedprovisioning does not have legacy storage
01-12 11:08:32.325  1475  1512 V StorageManagerService: Package com.android.networkstack.tethering does not have legacy storage
01-12 11:08:32.325  1475  1512 V StorageManagerService: Package com.android.soundpicker does not have legacy storage
01-12 11:08:32.325  1475  1512 V StorageManagerService: Package com.android.dreams.phototable does not have legacy storage
01-12 11:08:32.325  1475  1512 V StorageManagerService: Package com.google.pixel.coral.gpuprofiling.vulkanlayer does not have legacy storage
01-12 11:08:32.325  1475  1512 V StorageManagerService: Package com.android.providers.partnerbookmarks does not have legacy storage
01-12 11:08:32.325  1475  1512 V StorageManagerService: Package com.android.service.ims.presence does not have legacy storage
01-12 11:08:32.325  1475  1512 V StorageManagerService: Package com.android.wallpaper.livepicker does not have legacy storage
01-12 11:08:32.325  1475  1512 V StorageManagerService: Package com.android.cellbroadcastreceiver.module does not have legacy storage
01-12 11:08:32.325  1475  1512 V StorageManagerService: Package com.android.phone.auto_generated_rro_vendor__ does not have legacy storage
01-12 11:08:32.326  1475  1512 V StorageManagerService: Package com.android.apps.tag does not have legacy storage
01-12 11:08:32.326  1475  1512 V StorageManagerService: Package com.android.wifi.resources.pixel does not have legacy storage
01-12 11:08:32.326  1475  1512 V StorageManagerService: Package com.android.theme.icon.squircle does not have legacy storage
01-12 11:08:32.326  1475  1512 V StorageManagerService: Package com.android.storagemanager does not have legacy storage
01-12 11:08:32.326  1475  1512 V StorageManagerService: Package com.android.bookmarkprovider does not have legacy storage
01-12 11:08:32.326  1475  1512 V StorageManagerService: Package com.android.settings does not have legacy storage
01-12 11:08:32.326  1475  1512 V StorageManagerService: Package com.qualcomm.qti.cne does not have legacy storage
01-12 11:08:32.326  1475  1512 V StorageManagerService: Package com.android.theme.icon_pack.filled.launcher does not have legacy storage
01-12 11:08:32.326  1475  1512 V StorageManagerService: Package com.android.networkstack.permissionconfig does not have legacy storage
01-12 11:08:32.326  1475  1512 V StorageManagerService: Package com.android.cts.ctsshim does not have legacy storage
01-12 11:08:32.326  1475  1512 V StorageManagerService: Package com.android.nfc.auto_generated_rro_vendor__ does not have legacy storage
01-12 11:08:32.326  1475  1512 V StorageManagerService: Package com.example.android.systemupdatersample does not have legacy storage
01-12 11:08:32.326  1475  1512 V StorageManagerService: Package com.android.theme.icon_pack.circular.launcher does not have legacy storage
01-12 11:08:32.326  1475  1512 V StorageManagerService: Package com.android.vpndialogs does not have legacy storage
01-12 11:08:32.326  1475  1512 V StorageManagerService: Package com.android.music does not have legacy storage
01-12 11:08:32.326  1475  1512 V StorageManagerService: Package com.android.phone does not have legacy storage
01-12 11:08:32.326  1475  1512 V StorageManagerService: Package com.android.shell does not have legacy storage
01-12 11:08:32.326  1475  1512 V StorageManagerService: Package com.android.theme.icon_pack.filled.themepicker does not have legacy storage
01-12 11:08:32.326  1475  1512 V StorageManagerService: Package com.android.wallpaperbackup does not have legacy storage
01-12 11:08:32.326  1475  1512 V StorageManagerService: Package com.android.providers.blockednumber does not have legacy storage
01-12 11:08:32.326  1475  1512 V StorageManagerService: Package com.android.providers.userdictionary does not have legacy storage
01-12 11:08:32.326  1475  1512 V StorageManagerService: Package com.android.providers.media.module does not have legacy storage
01-12 11:08:32.326  1475  1512 V StorageManagerService: Package com.android.emergency does not have legacy storage
01-12 11:08:32.326  1475  1512 V StorageManagerService: Package com.android.hotspot2.osulogin does not have legacy storage
01-12 11:08:32.326  1475  1512 V StorageManagerService: Package com.android.internal.systemui.navbar.gestural does not have legacy storage
01-12 11:08:32.326  1475  1512 V StorageManagerService: Package com.android.location.fused does not have legacy storage
01-12 11:08:32.326  1475  1512 V StorageManagerService: Package com.android.theme.color.orchid does not have legacy storage
01-12 11:08:32.326  1475  1512 V StorageManagerService: Package com.android.deskclock does not have legacy storage
01-12 11:08:32.326  1475  1512 V StorageManagerService: Package com.android.systemui does not have legacy storage
01-12 11:08:32.326  1475  1512 V StorageManagerService: Package com.android.theme.color.purple does not have legacy storage
01-12 11:08:32.326  1475  1512 V StorageManagerService: Package com.android.bluetoothmidiservice does not have legacy storage
01-12 11:08:32.326  1475  1512 V StorageManagerService: Package com.android.permissioncontroller does not have legacy storage
01-12 11:08:32.326  1475  1512 V StorageManagerService: Package com.android.traceur does not have legacy storage
01-12 11:08:32.326  1475  1512 V StorageManagerService: Package com.android.bluetooth does not have legacy storage
01-12 11:08:32.327  1475  1512 V StorageManagerService: Package com.qualcomm.timeservice does not have legacy storage
01-12 11:08:32.327  1475  1512 V StorageManagerService: Package com.android.wallpaperpicker does not have legacy storage
01-12 11:08:32.327  1475  1512 V StorageManagerService: Package com.android.providers.contacts does not have legacy storage
01-12 11:08:32.327  1475  1512 V StorageManagerService: Package com.android.captiveportallogin does not have legacy storage
01-12 11:08:32.327  1475  1512 V StorageManagerService: Package com.android.theme.icon.roundedrect does not have legacy storage
01-12 11:08:32.327  1475  1512 V StorageManagerService: Package com.android.server.backup.robotests does not have legacy storage
01-12 11:08:32.327  1475  1512 V StorageManagerService: Package com.android.internal.systemui.navbar.gestural_narrow_back does not have legacy storage
01-12 11:08:32.327  1475  1512 V StorageManagerService: Package com.android.theme.icon_pack.rounded.settings does not have legacy storage
01-12 11:08:32.327  1475  1512 V StorageManagerService: Package android.auto_generated_rro_vendor__ does not have legacy storage
01-12 11:08:32.327  1475  1512 V StorageManagerService: Package com.android.theme.icon_pack.circular.android does not have legacy storage
01-12 11:08:32.327  1475  1512 D SystemServerTimingAsync: ssm.onStartUser-9876_com.android.server.StorageManagerService$Lifecycle took to complete: 8ms
01-12 11:08:32.330  3172  3172 D vold_prepare_subdirs: Setting up mode 700 uid 0 gid 0 context u:object_r:vold_data_file:s0 on path: /data/misc_ce/9876/vold
01-12 11:08:32.331  3172  3172 D vold_prepare_subdirs: Setting up mode 700 uid 0 gid 0 context u:object_r:storaged_data_file:s0 on path: /data/misc_ce/9876/storaged
01-12 11:08:32.331  3172  3172 D vold_prepare_subdirs: Setting up mode 700 uid 0 gid 0 context u:object_r:rollback_data_file:s0 on path: /data/misc_ce/9876/rollback
01-12 11:08:32.332  3172  3172 D vold_prepare_subdirs: Setting up mode 700 uid 0 gid 0 context u:object_r:apex_rollback_data_file:s0 on path: /data/misc_ce/9876/apexrollback
01-12 11:08:32.332  3172  3172 D vold_prepare_subdirs: Setting up mode 711 uid 0 gid 0 context u:object_r:apex_module_data_file:s0 on path: /data/misc_ce/9876/apexdata
01-12 11:08:32.332  3172  3172 D vold_prepare_subdirs: Setting up mode 771 uid 0 gid 1000 context u:object_r:apex_module_data_file:s0 on path: /data/misc_ce/9876/apexdata/com.android.mediaprovider
01-12 11:08:32.333  3172  3172 D vold_prepare_subdirs: Setting up mode 771 uid 0 gid 1000 context u:object_r:apex_permission_data_file:s0 on path: /data/misc_ce/9876/apexdata/com.android.permission
01-12 11:08:32.333  3172  3172 D vold_prepare_subdirs: Setting up mode 771 uid 0 gid 1000 context u:object_r:apex_module_data_file:s0 on path: /data/misc_ce/9876/apexdata/com.android.sdkext
01-12 11:08:32.333  3172  3172 D vold_prepare_subdirs: Setting up mode 771 uid 0 gid 1000 context u:object_r:apex_module_data_file:s0 on path: /data/misc_ce/9876/apexdata/com.android.ipsec
01-12 11:08:32.333  3172  3172 D vold_prepare_subdirs: Setting up mode 771 uid 0 gid 1000 context u:object_r:apex_module_data_file:s0 on path: /data/misc_ce/9876/apexdata/com.android.conscrypt
01-12 11:08:32.334  3172  3172 D vold_prepare_subdirs: Setting up mode 771 uid 0 gid 1000 context u:object_r:apex_module_data_file:s0 on path: /data/misc_ce/9876/apexdata/com.android.apex.cts.shim
01-12 11:08:32.334  3172  3172 D vold_prepare_subdirs: Setting up mode 771 uid 0 gid 1000 context u:object_r:apex_module_data_file:s0 on path: /data/misc_ce/9876/apexdata/com.android.tethering
01-12 11:08:32.334  3172  3172 D vold_prepare_subdirs: Setting up mode 771 uid 0 gid 1000 context u:object_r:apex_module_data_file:s0 on path: /data/misc_ce/9876/apexdata/com.android.media.swcodec
01-12 11:08:32.335  3172  3172 D vold_prepare_subdirs: Setting up mode 771 uid 0 gid 1000 context u:object_r:apex_module_data_file:s0 on path: /data/misc_ce/9876/apexdata/com.android.neuralnetworks
01-12 11:08:32.335  3172  3172 D vold_prepare_subdirs: Setting up mode 771 uid 0 gid 1000 context u:object_r:apex_module_data_file:s0 on path: /data/misc_ce/9876/apexdata/com.android.cellbroadcast
01-12 11:08:32.335  3172  3172 D vold_prepare_subdirs: Setting up mode 771 uid 0 gid 1000 context u:object_r:apex_wifi_data_file:s0 on path: /data/misc_ce/9876/apexdata/com.android.wifi
01-12 11:08:32.336  3172  3172 D vold_prepare_subdirs: Setting up mode 771 uid 0 gid 1000 context u:object_r:apex_module_data_file:s0 on path: /data/misc_ce/9876/apexdata/com.android.resolv
01-12 11:08:32.336  3172  3172 D vold_prepare_subdirs: Setting up mode 771 uid 0 gid 1000 context u:object_r:apex_module_data_file:s0 on path: /data/misc_ce/9876/apexdata/com.android.adbd
01-12 11:08:32.336  3172  3172 D vold_prepare_subdirs: Setting up mode 771 uid 0 gid 1000 context u:object_r:apex_module_data_file:s0 on path: /data/misc_ce/9876/apexdata/com.android.media
01-12 11:08:32.337  3172  3172 D vold_prepare_subdirs: Setting up mode 771 uid 0 gid 1000 context u:object_r:apex_module_data_file:s0 on path: /data/misc_ce/9876/apexdata/com.android.extservices
01-12 11:08:32.337  3172  3172 D vold_prepare_subdirs: Setting up mode 771 uid 0 gid 1000 context u:object_r:apex_module_data_file:s0 on path: /data/misc_ce/9876/apexdata/com.android.vndk.v30
01-12 11:08:32.337  3172  3172 D vold_prepare_subdirs: Setting up mode 771 uid 0 gid 1000 context u:object_r:apex_module_data_file:s0 on path: /data/misc_ce/9876/apexdata/com.android.os.statsd
01-12 11:08:32.338  3172  3172 D vold_prepare_subdirs: Setting up mode 771 uid 0 gid 1000 context u:object_r:apex_module_data_file:s0 on path: /data/misc_ce/9876/apexdata/com.android.art
01-12 11:08:32.338  3172  3172 D vold_prepare_subdirs: Setting up mode 771 uid 0 gid 1000 context u:object_r:apex_module_data_file:s0 on path: /data/misc_ce/9876/apexdata/com.android.runtime
01-12 11:08:32.338  3172  3172 D vold_prepare_subdirs: Setting up mode 771 uid 0 gid 1000 context u:object_r:apex_module_data_file:s0 on path: /data/misc_ce/9876/apexdata/com.android.i18n
01-12 11:08:32.338  3172  3172 D vold_prepare_subdirs: Setting up mode 771 uid 0 gid 1000 context u:object_r:apex_module_data_file:s0 on path: /data/misc_ce/9876/apexdata/com.android.tzdata
01-12 11:08:32.339  3172  3172 D vold_prepare_subdirs: Setting up mode 700 uid 1000 gid 1000 context u:object_r:backup_data_file:s0 on path: /data/system_ce/9876/backup
01-12 11:08:32.339  3172  3172 D vold_prepare_subdirs: Setting up mode 700 uid 1000 gid 1000 context u:object_r:backup_data_file:s0 on path: /data/system_ce/9876/backup_stage
01-12 11:08:32.339  3172  3172 D vold_prepare_subdirs: Setting up mode 700 uid 1000 gid 1000 context u:object_r:face_vendor_data_file:s0 on path: /data/vendor_ce/9876/facedata
01-12 11:08:32.438  1475  1512 I SystemServerTimingAsync: ssm.onUnlockingUser-9876_com.android.server.StorageManagerService$Lifecycle
01-12 11:08:32.438  1475  1512 D StorageManagerService: onUnlockUser 9876
01-12 11:08:32.674   621   621 I vold    : Bind mounting /mnt/runtime/default/emulated/0/Android/data on /mnt/user/0/emulated/0/Android/data
01-12 11:08:32.676   621   621 I vold    : Bind mounted /mnt/runtime/default/emulated/0/Android/data on /mnt/user/0/emulated/0/Android/data
01-12 11:08:32.676   621   621 I vold    : Bind mounting /mnt/runtime/default/emulated/0/Android/obb on /mnt/user/0/emulated/0/Android/obb
01-12 11:08:32.678   621   621 I vold    : Bind mounted /mnt/runtime/default/emulated/0/Android/obb on /mnt/user/0/emulated/0/Android/obb
01-12 11:08:32.678   621   621 I vold    : Bind mounting /mnt/runtime/write/emulated/0/Android/obb on /mnt/installer/0/emulated/0/Android/obb
01-12 11:08:32.678   621   621 I vold    : Bind mounted /mnt/runtime/write/emulated/0/Android/obb on /mnt/installer/0/emulated/0/Android/obb
01-12 11:08:32.679   621   621 I vold    : Configuring read_ahead of /mnt/user/0/emulated fuse filesystem to 256kb
01-12 11:08:32.679   621   621 I vold    : Writing 256 to /sys/class/bdi/0:68/read_ahead_kb
01-12 11:08:32.679   621   621 I vold    : Configuring max_ratio of /mnt/user/0/emulated fuse filesystem to 40
01-12 11:08:32.679   621   621 I vold    : Writing 40 to /sys/class/bdi/0:68/max_ratio
01-12 11:08:32.679   621   670 I vold    : onUserStarted: 9876
01-12 11:08:32.679  1475  1656 I StorageManagerService: Mounted volume VolumeInfo{emulated;0}:
01-12 11:08:32.679  1475  1656 I StorageManagerService:     type=EMULATED diskId=null partGuid= mountFlags=PRIMARY|VISIBLE
01-12 11:08:32.679  1475  1656 I StorageManagerService:     mountUserId=0 state=CHECKING
01-12 11:08:32.679  1475  1656 I StorageManagerService:     fsType=null fsUuid=null fsLabel=null
01-12 11:08:32.679  1475  1656 I StorageManagerService:     path=/storage/emulated internalPath=/data/media
01-12 11:08:32.680  1475  1512 W SystemServiceManager: Service com.android.server.StorageManagerService$Lifecycle took 243 ms in onUnlockingUser-9876
01-12 11:08:32.680  1475  1512 D SystemServerTimingAsync: ssm.onUnlockingUser-9876_com.android.server.StorageManagerService$Lifecycle took to complete: 243ms
01-12 11:08:32.682  1475  1788 W StorageManagerService: Reporting emulated;0 unmounted due to system locked
01-12 11:08:32.689  1475  1789 V StorageManagerService: Found primary storage at VolumeInfo{emulated;9876}:
01-12 11:08:32.689  1475  1789 V StorageManagerService:     type=EMULATED diskId=null partGuid= mountFlags=0 mountUserId=9876
01-12 11:08:32.689  1475  1789 V StorageManagerService:     state=UNMOUNTED
01-12 11:08:32.689  1475  1789 V StorageManagerService:     fsType=null fsUuid=null fsLabel=null
01-12 11:08:32.689  1475  1789 V StorageManagerService:     path=null internalPath=null
01-12 11:08:32.709  1475  1512 I SystemServerTimingAsync: ssm.onUnlockedUser-9876_com.android.server.StorageManagerService$Lifecycle
01-12 11:08:32.709  1475  1512 D SystemServerTimingAsync: ssm.onUnlockedUser-9876_com.android.server.StorageManagerService$Lifecycle took to complete: 0ms
01-12 11:08:32.715  1475  1916 W StorageManagerService: Reporting emulated;0 unmounted due to system locked
01-12 11:08:32.737  1475  1475 W StorageManagerService: Reporting emulated;0 unmounted due to system locked
01-12 11:08:32.737  1475  1475 W StorageManagerService: Reporting emulated;0 unmounted due to system locked
01-12 11:08:32.741  1475  2798 W StorageManagerService: Reporting emulated;0 unmounted due to system locked
01-12 11:08:32.743  1475  1475 W StorageManagerService: Reporting emulated;0 unmounted due to system locked
01-12 11:08:32.746  1475  1475 W StorageManagerService: Reporting emulated;0 unmounted due to system locked
01-12 11:08:32.769  1475  2798 W StorageManagerService: Reporting emulated;9876 unmounted due to system locked
01-12 11:08:32.771  1475  1916 W StorageManagerService: Reporting emulated;9876 unmounted due to system locked
01-12 11:08:32.808  1475  1656 I StorageManagerService: Mounting volume VolumeInfo{emulated;9876}:
01-12 11:08:32.808  1475  1656 I StorageManagerService:     type=EMULATED diskId=null partGuid= mountFlags=PRIMARY|VISIBLE
01-12 11:08:32.808  1475  1656 I StorageManagerService:     mountUserId=9876 state=UNMOUNTED
01-12 11:08:32.808  1475  1656 I StorageManagerService:     fsType=null fsUuid=null fsLabel=null
01-12 11:08:32.808  1475  1656 I StorageManagerService:     path=null internalPath=null
01-12 11:08:32.808   621   670 I vold    : Mounting emulated fuse volume
01-12 11:08:32.815   621   670 I vold    : Bind mounting /mnt/runtime/full/emulated to /mnt/pass_through/9876/emulated





01-12 11:08:32.815  1475  1656 E StorageManagerService: hzy2 fd =java.io.FileDescriptor@5fc4340path=/storage/emulated,vol.internalPath /data/media
01-12 11:08:32.816  1475  1656 E StorageManagerService: Failed to mount volume VolumeInfo{emulated;9876}:
01-12 11:08:32.816  1475  1656 E StorageManagerService:     type=EMULATED diskId=null partGuid= mountFlags=PRIMARY|VISIBLE
01-12 11:08:32.816  1475  1656 E StorageManagerService:     mountUserId=9876 state=CHECKING
01-12 11:08:32.816  1475  1656 E StorageManagerService:     fsType=null fsUuid=null fsLabel=null
01-12 11:08:32.816  1475  1656 E StorageManagerService:     path=/storage/emulated internalPath=/data/media
01-12 11:08:32.816  1475  1656 E StorageManagerService:
01-12 11:08:32.816  1475  1656 E StorageManagerService: com.android.server.storage.StorageSessionController$ExternalStorageServiceException: Failed to bind to the ExternalStorageService for user 9876
01-12 11:08:32.816  1475  1656 E StorageManagerService: 	at com.android.server.storage.StorageUserConnection$
.bind(StorageUserConnection.java:456)
01-12 11:08:32.816  1475  1656 E StorageManagerService: 	at com.android.server.storage.StorageUserConnection.prepareRemote(StorageUserConnection.java:208)
01-12 11:08:32.816  1475  1656 E StorageManagerService: 	at com.android.server.storage.StorageUserConnection.startSession(StorageUserConnection.java:104)
01-12 11:08:32.816  1475  1656 E StorageManagerService: 	at com.android.server.storage.StorageSessionController.onVolumeMount(StorageSessionController.java:103)
01-12 11:08:32.816  1475  1656 E StorageManagerService: 	at com.android.server.StorageManagerService$8.onVolumeChecking(StorageManagerService.java:2252)
01-12 11:08:32.816  1475  1656 E StorageManagerService: 	at android.os.IVoldMountCallback$Stub.onTransact(IVoldMountCallback.java:87)
01-12 11:08:32.816  1475  1656 E StorageManagerService: 	at android.os.Binder.execTransactInternal(Binder.java:1159)
01-12 11:08:32.816  1475  1656 E StorageManagerService: 	at android.os.Binder.execTransact(Binder.java:1123)
01-12 11:08:32.816  1475  1656 E StorageManagerService: 	at android.os.BinderProxy.transactNative(Native Method)
01-12 11:08:32.816  1475  1656 E StorageManagerService: 	at android.os.BinderProxy.transact(BinderProxy.java:540)
01-12 11:08:32.816  1475  1656 E StorageManagerService: 	at android.os.IVold$Stub$Proxy.mount(IVold.java:1790)
01-12 11:08:32.816  1475  1656 E StorageManagerService: 	at com.android.server.StorageManagerService.mount(StorageManagerService.java:2243)
01-12 11:08:32.816  1475  1656 E StorageManagerService: 	at com.android.server.StorageManagerService.access$1800(StorageManagerService.java:210)
01-12 11:08:32.816  1475  1656 E StorageManagerService: 	at com.android.server.StorageManagerService$StorageManagerServiceHandler.handleMessage(StorageManagerService.java:773)
01-12 11:08:32.816  1475  1656 E StorageManagerService: 	at android.os.Handler.dispatchMessage(Handler.java:106)
01-12 11:08:32.816  1475  1656 E StorageManagerService: 	at android.os.Looper.loop(Looper.java:223)
01-12 11:08:32.816  1475  1656 E StorageManagerService: 	at android.os.HandlerThread.run(HandlerThread.java:67)
01-12 11:08:32.816  1475  1656 I StorageManagerService: Scheduling reset in 10s


01-12 11:08:32.816   621   670 I vold    : fuse_unmounter scope_guard running
01-12 11:08:32.816   621   670 I vold    : Unmounting pass_through_path /mnt/pass_through/9876/emulated
01-12 11:08:32.816   621   670 I vold    : Unmounting fuse path /mnt/user/9876/emulated
01-12 11:08:32.819   621   670 I vold    : sdcardfs_unmounter scope_guard running

01-12 11:08:32.820  1475  1656 E StorageManagerService: android.os.ServiceSpecificException:  (code -5)
01-12 11:08:32.820  1475  1656 E StorageManagerService: 	at android.os.Parcel.createExceptionOrNull(Parcel.java:2387)
01-12 11:08:32.820  1475  1656 E StorageManagerService: 	at android.os.Parcel.createException(Parcel.java:2357)
01-12 11:08:32.820  1475  1656 E StorageManagerService: 	at android.os.Parcel.readException(Parcel.java:2340)
01-12 11:08:32.820  1475  1656 E StorageManagerService: 	at android.os.Parcel.readException(Parcel.java:2282)
01-12 11:08:32.820  1475  1656 E StorageManagerService: 	at android.os.IVold$Stub$Proxy.mount(IVold.java:1795)
01-12 11:08:32.820  1475  1656 E StorageManagerService: 	at com.android.server.StorageManagerService.mount(StorageManagerService.java:2243)
01-12 11:08:32.820  1475  1656 E StorageManagerService: 	at com.android.server.StorageManagerService.access$1800(StorageManagerService.java:210)
01-12 11:08:32.820  1475  1656 E StorageManagerService: 	at com.android.server.StorageManagerService$StorageManagerServiceHandler.handleMessage(StorageManagerService.java:773)
01-12 11:08:32.820  1475  1656 E StorageManagerService: 	at android.os.Handler.dispatchMessage(Handler.java:106)
01-12 11:08:32.820  1475  1656 E StorageManagerService: 	at android.os.Looper.loop(Looper.java:223)
01-12 11:08:32.820  1475  1656 E StorageManagerService: 	at android.os.HandlerThread.run(HandlerThread.java:67)
01-12 11:08:32.822  1475  1656 E StorageManagerService: Failed to notify volume state changed to the Storage Service
01-12 11:08:32.822  1475  1656 E StorageManagerService: com.android.server.storage.StorageSessionController$ExternalStorageServiceException: Failed to bind to the ExternalStorageService for user 9876
01-12 11:08:32.822  1475  1656 E StorageManagerService: 	at com.android.server.storage.StorageUserConnection$ActiveConnection.bind(StorageUserConnection.java:456)
01-12 11:08:32.822  1475  1656 E StorageManagerService: 	at com.android.server.storage.StorageUserConnection.prepareRemote(StorageUserConnection.java:208)
01-12 11:08:32.822  1475  1656 E StorageManagerService: 	at com.android.server.storage.StorageUserConnection.notifyVolumeStateChanged(StorageUserConnection.java:124)
01-12 11:08:32.822  1475  1656 E StorageManagerService: 	at com.android.server.storage.StorageSessionController.notifyVolumeStateChanged(StorageSessionController.java:131)
01-12 11:08:32.822  1475  1656 E StorageManagerService: 	at com.android.server.StorageManagerService.onVolumeStateChangedAsync(StorageManagerService.java:1646)
01-12 11:08:32.822  1475  1656 E StorageManagerService: 	at com.android.server.StorageManagerService.access$2400(StorageManagerService.java:210)
01-12 11:08:32.822  1475  1656 E StorageManagerService: 	at com.android.server.StorageManagerService$StorageManagerServiceHandler.handleMessage(StorageManagerService.java:831)
01-12 11:08:32.822  1475  1656 E StorageManagerService: 	at android.os.Handler.dispatchMessage(Handler.java:106)
01-12 11:08:32.822  1475  1656 E StorageManagerService: 	at android.os.Looper.loop(Looper.java:223)
01-12 11:08:32.822  1475  1656 E StorageManagerService: 	at android.os.HandlerThread.run(HandlerThread.java:67)
01-12 11:08:32.825  1475  1656 D StorageManagerService: Volume emulated;0 broadcasting mounted to UserHandle{0}
01-12 11:08:32.826  1475  1656 D StorageManagerService: Volume emulated;0 broadcasting mounted to UserHandle{0}
01-12 11:08:32.830  1475  1656 E StorageManagerService: Failed to notify volume state changed to the Storage Service
01-12 11:08:32.830  1475  1656 E StorageManagerService: com.android.server.storage.StorageSessionController$ExternalStorageServiceException: Failed to bind to the ExternalStorageService for user 9876
01-12 11:08:32.830  1475  1656 E StorageManagerService: 	at com.android.server.storage.StorageUserConnection$ActiveConnection.bind(StorageUserConnection.java:456)
01-12 11:08:32.830  1475  1656 E StorageManagerService: 	at com.android.server.storage.StorageUserConnection.prepareRemote(StorageUserConnection.java:208)
01-12 11:08:32.830  1475  1656 E StorageManagerService: 	at com.android.server.storage.StorageUserConnection.notifyVolumeStateChanged(StorageUserConnection.java:124)
01-12 11:08:32.830  1475  1656 E StorageManagerService: 	at com.android.server.storage.StorageSessionController.notifyVolumeStateChanged(StorageSessionController.java:131)
01-12 11:08:32.830  1475  1656 E StorageManagerService: 	at com.android.server.StorageManagerService.onVolumeStateChangedAsync(StorageManagerService.java:1646)
01-12 11:08:32.830  1475  1656 E StorageManagerService: 	at com.android.server.StorageManagerService.access$2400(StorageManagerService.java:210)
01-12 11:08:32.830  1475  1656 E StorageManagerService: 	at com.android.server.StorageManagerService$StorageManagerServiceHandler.handleMessage(StorageManagerService.java:831)
01-12 11:08:32.830  1475  1656 E StorageManagerService: 	at android.os.Handler.dispatchMessage(Handler.java:106)
01-12 11:08:32.830  1475  1656 E StorageManagerService: 	at android.os.Looper.loop(Looper.java:223)
01-12 11:08:32.830  1475  1656 E StorageManagerService: 	at android.os.HandlerThread.run(HandlerThread.java:67)
01-12 11:08:32.835  1475  1656 E StorageManagerService: Failed to notify volume state changed to the Storage Service
01-12 11:08:32.835  1475  1656 E StorageManagerService: com.android.server.storage.StorageSessionController$ExternalStorageServiceException: Failed to bind to the ExternalStorageService for user 9876
01-12 11:08:32.835  1475  1656 E StorageManagerService: 	at com.android.server.storage.StorageUserConnection$ActiveConnection.bind(StorageUserConnection.java:456)
01-12 11:08:32.835  1475  1656 E StorageManagerService: 	at com.android.server.storage.StorageUserConnection.prepareRemote(StorageUserConnection.java:208)
01-12 11:08:32.835  1475  1656 E StorageManagerService: 	at com.android.server.storage.StorageUserConnection.notifyVolumeStateChanged(StorageUserConnection.java:124)
01-12 11:08:32.835  1475  1656 E StorageManagerService: 	at com.android.server.storage.StorageSessionController.notifyVolumeStateChanged(StorageSessionController.java:131)
01-12 11:08:32.835  1475  1656 E StorageManagerService: 	at com.android.server.StorageManagerService.onVolumeStateChangedAsync(StorageManagerService.java:1646)
01-12 11:08:32.835  1475  1656 E StorageManagerService: 	at com.android.server.StorageManagerService.access$2400(StorageManagerService.java:210)
01-12 11:08:32.835  1475  1656 E StorageManagerService: 	at com.android.server.StorageManagerService$StorageManagerServiceHandler.handleMessage(StorageManagerService.java:831)
01-12 11:08:32.835  1475  1656 E StorageManagerService: 	at android.os.Handler.dispatchMessage(Handler.java:106)
01-12 11:08:32.835  1475  1656 E StorageManagerService: 	at android.os.Looper.loop(Looper.java:223)
01-12 11:08:32.835  1475  1656 E StorageManagerService: 	at android.os.HandlerThread.run(HandlerThread.java:67)
01-12 11:08:32.852  1475  1656 D StorageManagerService: Volume emulated;9876 broadcasting unmountable to UserHandle{9876}
01-12 11:08:32.857  1475  1656 D StorageManagerService: Volume emulated;9876 broadcasting unmountable to UserHandle{9876}
01-12 11:08:42.826  1475  1656 D StorageManagerService: Thinking about reset, mBootCompleted=true, mDaemonConnected=true
01-12 11:08:42.828   621   670 I vold    : Killing all processes referencing /storage/emulated/0
01-12 11:08:43.254   621   670 W vold    : Found symlink /proc/2962/fd/59 referencing /storage/emulated/0/Android/data/com.tencent.mobileqq/files/tencent/msflogs/com/tencent/mobileqq/com.tencent.mobileqq.21.01.12.11.log
01-12 11:08:43.304   621   670 W vold    : Sending Interrupt to 2962
01-12 11:08:48.572   621   670 W vold    : Found symlink /proc/3905/fd/59 referencing /storage/emulated/0/Android/data/com.tencent.mobileqq/files/tencent/msflogs/com/tencent/mobileqq/com.tencent.mobileqq.21.01.12.11.log
01-12 11:08:48.572   621   670 W vold    : Sending Terminated to 3905
01-12 11:08:53.841   621   670 I vold    : Unmounting /mnt/installer/0/emulated/0/Android/obb
01-12 11:08:53.841   621   670 I vold    : Unmounting /mnt/user/0/emulated/0/Android/data
01-12 11:08:53.841   621   670 I vold    : Unmounted /mnt/user/0/emulated/0/Android/data
01-12 11:08:53.841   621   670 I vold    : Unmounting /mnt/user/0/emulated/0/Android/obb
01-12 11:08:53.841   621   670 I vold    : Unmounted /mnt/user/0/emulated/0/Android/obb
01-12 11:08:53.841   621   670 I vold    : Unmounting pass_through_path /mnt/pass_through/0/emulated
01-12 11:08:53.841   621   670 I vold    : Unmounting fuse path /mnt/user/0/emulated
01-12 11:08:53.849  1475  1656 I StorageManagerService: Resetting vold...
01-12 11:08:53.849  1475  1656 I StorageManagerService: Reset vold
01-12 11:08:53.849   621   621 I vold    : onUserAdded: 0
01-12 11:08:53.849   621   621 I vold    : onUserAdded: 9876
01-12 11:08:53.849   621   621 I vold    : onUserStarted: 0
01-12 11:08:53.850  1475  1788 V StorageManagerService: Found primary storage at VolumeInfo{emulated;0}:
01-12 11:08:53.850  1475  1788 V StorageManagerService:     type=EMULATED diskId=null partGuid= mountFlags=0 mountUserId=0
01-12 11:08:53.850  1475  1788 V StorageManagerService:     state=UNMOUNTED
01-12 11:08:53.850  1475  1788 V StorageManagerService:     fsType=null fsUuid=null fsLabel=null
01-12 11:08:53.850  1475  1788 V StorageManagerService:     path=null internalPath=null
01-12 11:08:53.850   621   670 I vold    : onUserStarted: 9876
01-12 11:08:53.850  1475  3615 V StorageManagerService: Found primary storage at VolumeInfo{emulated;9876}:
01-12 11:08:53.850  1475  3615 V StorageManagerService:     type=EMULATED diskId=null partGuid= mountFlags=0 mountUserId=9876
01-12 11:08:53.850  1475  3615 V StorageManagerService:     state=UNMOUNTED
01-12 11:08:53.850  1475  3615 V StorageManagerService:     fsType=null fsUuid=null fsLabel=null
01-12 11:08:53.850  1475  3615 V StorageManagerService:     path=null internalPath=null
01-12 11:08:53.851  1475  1656 I StorageManagerService: Mounting volume VolumeInfo{emulated;0}:
01-12 11:08:53.851  1475  1656 I StorageManagerService:     type=EMULATED diskId=null partGuid= mountFlags=PRIMARY|VISIBLE
01-12 11:08:53.851  1475  1656 I StorageManagerService:     mountUserId=0 state=UNMOUNTED
01-12 11:08:53.851  1475  1656 I StorageManagerService:     fsType=null fsUuid=null fsLabel=null
01-12 11:08:53.851  1475  1656 I StorageManagerService:     path=null internalPath=null
01-12 11:08:53.851   621   621 I vold    : Executing sdcardfs
01-12 11:08:53.851   621   621 D vold    : Waiting for sdcardfs to spin up...
01-12 11:08:53.903   621   621 I vold    : Mounting emulated fuse volume
01-12 11:08:53.923   621   621 I vold    : Bind mounting /mnt/runtime/full/emulated to /mnt/pass_through/0/emulated
01-12 11:08:53.925  1475  1656 E StorageManagerService: hzy2 fd =java.io.FileDescriptor@db7c6cpath=/storage/emulated,vol.internalPath /data/media
01-12 11:08:54.941   621   621 I vold    : Bind mounting /mnt/runtime/default/emulated/0/Android/data on /mnt/user/0/emulated/0/Android/data
01-12 11:08:54.949   621   621 I vold    : Bind mounted /mnt/runtime/default/emulated/0/Android/data on /mnt/user/0/emulated/0/Android/data
01-12 11:08:54.949   621   621 I vold    : Bind mounting /mnt/runtime/default/emulated/0/Android/obb on /mnt/user/0/emulated/0/Android/obb
01-12 11:08:54.950   621   621 I vold    : Bind mounted /mnt/runtime/default/emulated/0/Android/obb on /mnt/user/0/emulated/0/Android/obb
01-12 11:08:54.950   621   621 I vold    : Bind mounting /mnt/runtime/write/emulated/0/Android/obb on /mnt/installer/0/emulated/0/Android/obb
01-12 11:08:54.951   621   621 I vold    : Bind mounted /mnt/runtime/write/emulated/0/Android/obb on /mnt/installer/0/emulated/0/Android/obb
01-12 11:08:54.951   621   621 I vold    : Configuring read_ahead of /mnt/user/0/emulated fuse filesystem to 256kb
01-12 11:08:54.953   621   621 I vold    : Writing 256 to /sys/class/bdi/0:68/read_ahead_kb
01-12 11:08:54.953   621   621 I vold    : Configuring max_ratio of /mnt/user/0/emulated fuse filesystem to 40
01-12 11:08:54.953   621   621 I vold    : Writing 40 to /sys/class/bdi/0:68/max_ratio
01-12 11:08:54.954  1475  1656 I StorageManagerService: Mounted volume VolumeInfo{emulated;0}:
01-12 11:08:54.954  1475  1656 I StorageManagerService:     type=EMULATED diskId=null partGuid= mountFlags=PRIMARY|VISIBLE
01-12 11:08:54.954  1475  1656 I StorageManagerService:     mountUserId=0 state=MOUNTED
01-12 11:08:54.954  1475  1656 I StorageManagerService:     fsType=null fsUuid=null fsLabel=null
01-12 11:08:54.954  1475  1656 I StorageManagerService:     path=/storage/emulated internalPath=/data/media
01-12 11:08:54.961  1475  1656 I StorageManagerService: Mounting volume VolumeInfo{emulated;9876}:
01-12 11:08:54.961  1475  1656 I StorageManagerService:     type=EMULATED diskId=null partGuid= mountFlags=PRIMARY|VISIBLE
01-12 11:08:54.961  1475  1656 I StorageManagerService:     mountUserId=9876 state=UNMOUNTED
01-12 11:08:54.961  1475  1656 I StorageManagerService:     fsType=null fsUuid=null fsLabel=null
01-12 11:08:54.961  1475  1656 I StorageManagerService:     path=null internalPath=null
01-12 11:08:54.961   621   621 I vold    : Mounting emulated fuse volume
01-12 11:08:54.966   621   621 I vold    : Bind mounting /mnt/runtime/full/emulated to /mnt/pass_through/9876/emulated
01-12 11:08:54.968  1475  1656 E StorageManagerService: hzy2 fd =java.io.FileDescriptor@c4252edpath=/storage/emulated,vol.internalPath /data/media
01-12 11:08:54.969  1475  1656 E StorageManagerService: Failed to mount volume VolumeInfo{emulated;9876}:
01-12 11:08:54.969  1475  1656 E StorageManagerService:     type=EMULATED diskId=null partGuid= mountFlags=PRIMARY|VISIBLE
01-12 11:08:54.969  1475  1656 E StorageManagerService:     mountUserId=9876 state=CHECKING
01-12 11:08:54.969  1475  1656 E StorageManagerService:     fsType=null fsUuid=null fsLabel=null
01-12 11:08:54.969  1475  1656 E StorageManagerService:     path=/storage/emulated internalPath=/data/media
01-12 11:08:54.969  1475  1656 E StorageManagerService:
01-12 11:08:54.969  1475  1656 E StorageManagerService: com.android.server.storage.StorageSessionController$ExternalStorageServiceException: Failed to bind to the ExternalStorageService for user 9876
01-12 11:08:54.969  1475  1656 E StorageManagerService: 	at com.android.server.storage.StorageUserConnection$ActiveConnection.bind(StorageUserConnection.java:456)
01-12 11:08:54.969  1475  1656 E StorageManagerService: 	at com.android.server.storage.StorageUserConnection.prepareRemote(StorageUserConnection.java:208)
01-12 11:08:54.969  1475  1656 E StorageManagerService: 	at com.android.server.storage.StorageUserConnection.startSession(StorageUserConnection.java:104)
01-12 11:08:54.969  1475  1656 E StorageManagerService: 	at com.android.server.storage.StorageSessionController.onVolumeMount(StorageSessionController.java:103)
01-12 11:08:54.969  1475  1656 E StorageManagerService: 	at com.android.server.StorageManagerService$8.onVolumeChecking(StorageManagerService.java:2252)
01-12 11:08:54.969  1475  1656 E StorageManagerService: 	at android.os.IVoldMountCallback$Stub.onTransact(IVoldMountCallback.java:87)
01-12 11:08:54.969  1475  1656 E StorageManagerService: 	at android.os.Binder.execTransactInternal(Binder.java:1159)
01-12 11:08:54.969  1475  1656 E StorageManagerService: 	at android.os.Binder.execTransact(Binder.java:1123)
01-12 11:08:54.969  1475  1656 E StorageManagerService: 	at android.os.BinderProxy.transactNative(Native Method)
01-12 11:08:54.969  1475  1656 E StorageManagerService: 	at android.os.BinderProxy.transact(BinderProxy.java:540)
01-12 11:08:54.969  1475  1656 E StorageManagerService: 	at android.os.IVold$Stub$Proxy.mount(IVold.java:1790)
01-12 11:08:54.969  1475  1656 E StorageManagerService: 	at com.android.server.StorageManagerService.mount(StorageManagerService.java:2243)
01-12 11:08:54.969  1475  1656 E StorageManagerService: 	at com.android.server.StorageManagerService.access$1800(StorageManagerService.java:210)
01-12 11:08:54.969  1475  1656 E StorageManagerService: 	at com.android.server.StorageManagerService$StorageManagerServiceHandler.handleMessage(StorageManagerService.java:773)
01-12 11:08:54.969  1475  1656 E StorageManagerService: 	at android.os.Handler.dispatchMessage(Handler.java:106)
01-12 11:08:54.969  1475  1656 E StorageManagerService: 	at android.os.Looper.loop(Looper.java:223)
01-12 11:08:54.969  1475  1656 E StorageManagerService: 	at android.os.HandlerThread.run(HandlerThread.java:67)
01-12 11:08:54.970  1475  1656 I StorageManagerService: Scheduling reset in 10s
01-12 11:08:54.970   621   621 I vold    : fuse_unmounter scope_guard running
01-12 11:08:54.970   621   621 I vold    : Unmounting pass_through_path /mnt/pass_through/9876/emulated
01-12 11:08:54.970   621   621 I vold    : Unmounting fuse path /mnt/user/9876/emulated
01-12 11:08:54.972   621   621 I vold    : sdcardfs_unmounter scope_guard running
01-12 11:08:54.973  1475  1656 E StorageManagerService: android.os.ServiceSpecificException:  (code -5)
01-12 11:08:54.973  1475  1656 E StorageManagerService: 	at android.os.Parcel.createExceptionOrNull(Parcel.java:2387)
01-12 11:08:54.973  1475  1656 E StorageManagerService: 	at android.os.Parcel.createException(Parcel.java:2357)
01-12 11:08:54.973  1475  1656 E StorageManagerService: 	at android.os.Parcel.readException(Parcel.java:2340)
01-12 11:08:54.973  1475  1656 E StorageManagerService: 	at android.os.Parcel.readException(Parcel.java:2282)
01-12 11:08:54.973  1475  1656 E StorageManagerService: 	at android.os.IVold$Stub$Proxy.mount(IVold.java:1795)
01-12 11:08:54.973  1475  1656 E StorageManagerService: 	at com.android.server.StorageManagerService.mount(StorageManagerService.java:2243)
01-12 11:08:54.973  1475  1656 E StorageManagerService: 	at com.android.server.StorageManagerService.access$1800(StorageManagerService.java:210)
01-12 11:08:54.973  1475  1656 E StorageManagerService: 	at com.android.server.StorageManagerService$StorageManagerServiceHandler.handleMessage(StorageManagerService.java:773)
01-12 11:08:54.973  1475  1656 E StorageManagerService: 	at android.os.Handler.dispatchMessage(Handler.java:106)
01-12 11:08:54.973  1475  1656 E StorageManagerService: 	at android.os.Looper.loop(Looper.java:223)
01-12 11:08:54.973  1475  1656 E StorageManagerService: 	at android.os.HandlerThread.run(HandlerThread.java:67)
01-12 11:08:54.974  1475  1656 E StorageManagerService: Failed to notify volume state changed to the Storage Service
01-12 11:08:54.974  1475  1656 E StorageManagerService: com.android.server.storage.StorageSessionController$ExternalStorageServiceException: Failed to bind to the ExternalStorageService for user 9876
01-12 11:08:54.974  1475  1656 E StorageManagerService: 	at com.android.server.storage.StorageUserConnection$ActiveConnection.bind(StorageUserConnection.java:456)
01-12 11:08:54.974  1475  1656 E StorageManagerService: 	at com.android.server.storage.StorageUserConnection.prepareRemote(StorageUserConnection.java:208)
01-12 11:08:54.974  1475  1656 E StorageManagerService: 	at com.android.server.storage.StorageUserConnection.notifyVolumeStateChanged(StorageUserConnection.java:124)
01-12 11:08:54.974  1475  1656 E StorageManagerService: 	at com.android.server.storage.StorageSessionController.notifyVolumeStateChanged(StorageSessionController.java:131)
01-12 11:08:54.974  1475  1656 E StorageManagerService: 	at com.android.server.StorageManagerService.onVolumeStateChangedAsync(StorageManagerService.java:1646)
01-12 11:08:54.974  1475  1656 E StorageManagerService: 	at com.android.server.StorageManagerService.access$2400(StorageManagerService.java:210)
01-12 11:08:54.974  1475  1656 E StorageManagerService: 	at com.android.server.StorageManagerService$StorageManagerServiceHandler.handleMessage(StorageManagerService.java:831)
01-12 11:08:54.974  1475  1656 E StorageManagerService: 	at android.os.Handler.dispatchMessage(Handler.java:106)
01-12 11:08:54.974  1475  1656 E StorageManagerService: 	at android.os.Looper.loop(Looper.java:223)
01-12 11:08:54.974  1475  1656 E StorageManagerService: 	at android.os.HandlerThread.run(HandlerThread.java:67)
01-12 11:08:54.991  1475  1656 E StorageManagerService: Failed to notify volume state changed to the Storage Service
01-12 11:08:54.991  1475  1656 E StorageManagerService: com.android.server.storage.StorageSessionController$ExternalStorageServiceException: Failed to bind to the ExternalStorageService for user 9876
01-12 11:08:54.991  1475  1656 E StorageManagerService: 	at com.android.server.storage.StorageUserConnection$ActiveConnection.bind(StorageUserConnection.java:456)
01-12 11:08:54.991  1475  1656 E StorageManagerService: 	at com.android.server.storage.StorageUserConnection.prepareRemote(StorageUserConnection.java:208)
01-12 11:08:54.991  1475  1656 E StorageManagerService: 	at com.android.server.storage.StorageUserConnection.notifyVolumeStateChanged(StorageUserConnection.java:124)
01-12 11:08:54.991  1475  1656 E StorageManagerService: 	at com.android.server.storage.StorageSessionController.notifyVolumeStateChanged(StorageSessionController.java:131)
01-12 11:08:54.991  1475  1656 E StorageManagerService: 	at com.android.server.StorageManagerService.onVolumeStateChangedAsync(StorageManagerService.java:1646)
01-12 11:08:54.991  1475  1656 E StorageManagerService: 	at com.android.server.StorageManagerService.access$2400(StorageManagerService.java:210)
01-12 11:08:54.991  1475  1656 E StorageManagerService: 	at com.android.server.StorageManagerService$StorageManagerServiceHandler.handleMessage(StorageManagerService.java:831)
01-12 11:08:54.991  1475  1656 E StorageManagerService: 	at android.os.Handler.dispatchMessage(Handler.java:106)
01-12 11:08:54.991  1475  1656 E StorageManagerService: 	at android.os.Looper.loop(Looper.java:223)
01-12 11:08:54.991  1475  1656 E StorageManagerService: 	at android.os.HandlerThread.run(HandlerThread.java:67)
