01-12 11:08:54.993  1475  1656 E StorageManagerService: Failed to notify volume state changed to the Storage Service
01-12 11:08:54.993  1475  1656 E StorageManagerService: com.android.server.storage.StorageSessionController$ExternalStorageServiceException: Failed to bind to the ExternalStorageService for user 9876
01-12 11:08:54.993  1475  1656 E StorageManagerService: 	at com.android.server.storage.StorageUserConnection$ActiveConnection.bind(StorageUserConnection.java:456)
01-12 11:08:54.993  1475  1656 E StorageManagerService: 	at com.android.server.storage.StorageUserConnection.prepareRemote(StorageUserConnection.java:208)
01-12 11:08:54.993  1475  1656 E StorageManagerService: 	at com.android.server.storage.StorageUserConnection.notifyVolumeStateChanged(StorageUserConnection.java:124)
01-12 11:08:54.993  1475  1656 E StorageManagerService: 	at com.android.server.storage.StorageSessionController.notifyVolumeStateChanged(StorageSessionController.java:131)
01-12 11:08:54.993  1475  1656 E StorageManagerService: 	at com.android.server.StorageManagerService.onVolumeStateChangedAsync(StorageManagerService.java:1646)
01-12 11:08:54.993  1475  1656 E StorageManagerService: 	at com.android.server.StorageManagerService.access$2400(StorageManagerService.java:210)
01-12 11:08:54.993  1475  1656 E StorageManagerService: 	at com.android.server.StorageManagerService$StorageManagerServiceHandler.handleMessage(StorageManagerService.java:831)
01-12 11:08:54.993  1475  1656 E StorageManagerService: 	at android.os.Handler.dispatchMessage(Handler.java:106)
01-12 11:08:54.993  1475  1656 E StorageManagerService: 	at android.os.Looper.loop(Looper.java:223)
01-12 11:08:54.993  1475  1656 E StorageManagerService: 	at android.os.HandlerThread.run(HandlerThread.java:67)
01-12 11:08:54.995  1475  1656 D StorageManagerService: Volume emulated;0 broadcasting mounted to UserHandle{0}
01-12 11:08:54.996  1475  1656 D StorageManagerService: Volume emulated;0 broadcasting mounted to UserHandle{0}
01-12 11:08:54.996  1475  1656 D StorageManagerService: Volume emulated;9876 broadcasting unmountable to UserHandle{9876}
01-12 11:08:54.997  1475  1656 D StorageManagerService: Volume emulated;9876 broadcasting unmountable to UserHandle{9876}
01-12 11:09:04.983  1475  1656 D StorageManagerService: Thinking about reset, mBootCompleted=true, mDaemonConnected=true
01-12 11:09:04.985   621   621 I vold    : Killing all processes referencing /storage/emulated/0
01-12 11:09:05.583   621   621 W vold    : Found symlink /proc/3946/fd/59 referencing /storage/emulated/0/Android/data/com.tencent.mobileqq/files/tencent/msflogs/com/tencent/mobileqq/com.tencent.mobileqq.21.01.12.11.log
01-12 11:09:05.583   621   621 W vold    : Sending Interrupt to 3946
01-12 11:09:10.839   621   621 I vold    : Unmounting /mnt/installer/0/emulated/0/Android/obb
01-12 11:09:10.839   621   621 I vold    : Unmounting /mnt/user/0/emulated/0/Android/data
01-12 11:09:10.839   621   621 I vold    : Unmounted /mnt/user/0/emulated/0/Android/data
01-12 11:09:10.839   621   621 I vold    : Unmounting /mnt/user/0/emulated/0/Android/obb
01-12 11:09:10.839   621   621 I vold    : Unmounted /mnt/user/0/emulated/0/Android/obb
01-12 11:09:10.839   621   621 I vold    : Unmounting pass_through_path /mnt/pass_through/0/emulated
01-12 11:09:10.839   621   621 I vold    : Unmounting fuse path /mnt/user/0/emulated
01-12 11:09:10.844  1475  1656 I StorageManagerService: Resetting vold...
01-12 11:09:10.845  1475  1656 I StorageManagerService: Reset vold
01-12 11:09:10.845   621   632 I vold    : onUserAdded: 0
01-12 11:09:10.845   621   632 I vold    : onUserAdded: 9876
01-12 11:09:10.845   621   632 I vold    : onUserStarted: 0
01-12 11:09:10.845  1475  2037 V StorageManagerService: Found primary storage at VolumeInfo{emulated;0}:
01-12 11:09:10.845  1475  2037 V StorageManagerService:     type=EMULATED diskId=null partGuid= mountFlags=0 mountUserId=0
01-12 11:09:10.845  1475  2037 V StorageManagerService:     state=UNMOUNTED
01-12 11:09:10.845  1475  2037 V StorageManagerService:     fsType=null fsUuid=null fsLabel=null
01-12 11:09:10.845  1475  2037 V StorageManagerService:     path=null internalPath=null
01-12 11:09:10.845   621   632 I vold    : onUserStarted: 9876
01-12 11:09:10.846  1475  2795 V StorageManagerService: Found primary storage at VolumeInfo{emulated;9876}:
01-12 11:09:10.846  1475  2795 V StorageManagerService:     type=EMULATED diskId=null partGuid= mountFlags=0 mountUserId=9876
01-12 11:09:10.846  1475  2795 V StorageManagerService:     state=UNMOUNTED
01-12 11:09:10.846  1475  2795 V StorageManagerService:     fsType=null fsUuid=null fsLabel=null
01-12 11:09:10.846  1475  2795 V StorageManagerService:     path=null internalPath=null
01-12 11:09:10.846  1475  1656 I StorageManagerService: Mounting volume VolumeInfo{emulated;0}:
01-12 11:09:10.846  1475  1656 I StorageManagerService:     type=EMULATED diskId=null partGuid= mountFlags=PRIMARY|VISIBLE
01-12 11:09:10.846  1475  1656 I StorageManagerService:     mountUserId=0 state=UNMOUNTED
01-12 11:09:10.846  1475  1656 I StorageManagerService:     fsType=null fsUuid=null fsLabel=null
01-12 11:09:10.846  1475  1656 I StorageManagerService:     path=null internalPath=null
01-12 11:09:10.846   621   632 I vold    : Executing sdcardfs
01-12 11:09:10.847   621   632 D vold    : Waiting for sdcardfs to spin up...
01-12 11:09:10.898   621   632 I vold    : Mounting emulated fuse volume
01-12 11:09:10.917   621   632 I vold    : Bind mounting /mnt/runtime/full/emulated to /mnt/pass_through/0/emulated
01-12 11:09:10.919  1475  1656 E StorageManagerService: hzy2 fd =java.io.FileDescriptor@6c36ea9path=/storage/emulated,vol.internalPath /data/media
01-12 11:09:11.929   621   632 I vold    : Bind mounting /mnt/runtime/default/emulated/0/Android/data on /mnt/user/0/emulated/0/Android/data
01-12 11:09:11.933   621   632 I vold    : Bind mounted /mnt/runtime/default/emulated/0/Android/data on /mnt/user/0/emulated/0/Android/data
01-12 11:09:11.933   621   632 I vold    : Bind mounting /mnt/runtime/default/emulated/0/Android/obb on /mnt/user/0/emulated/0/Android/obb
01-12 11:09:11.934   621   632 I vold    : Bind mounted /mnt/runtime/default/emulated/0/Android/obb on /mnt/user/0/emulated/0/Android/obb
01-12 11:09:11.934   621   632 I vold    : Bind mounting /mnt/runtime/write/emulated/0/Android/obb on /mnt/installer/0/emulated/0/Android/obb
01-12 11:09:11.935   621   632 I vold    : Bind mounted /mnt/runtime/write/emulated/0/Android/obb on /mnt/installer/0/emulated/0/Android/obb
01-12 11:09:11.935   621   632 I vold    : Configuring read_ahead of /mnt/user/0/emulated fuse filesystem to 256kb
01-12 11:09:11.936   621   632 I vold    : Writing 256 to /sys/class/bdi/0:68/read_ahead_kb
01-12 11:09:11.936   621   632 I vold    : Configuring max_ratio of /mnt/user/0/emulated fuse filesystem to 40
01-12 11:09:11.937   621   632 I vold    : Writing 40 to /sys/class/bdi/0:68/max_ratio
01-12 11:09:11.937  1475  1656 I StorageManagerService: Mounted volume VolumeInfo{emulated;0}:
01-12 11:09:11.937  1475  1656 I StorageManagerService:     type=EMULATED diskId=null partGuid= mountFlags=PRIMARY|VISIBLE
01-12 11:09:11.937  1475  1656 I StorageManagerService:     mountUserId=0 state=MOUNTED
01-12 11:09:11.937  1475  1656 I StorageManagerService:     fsType=null fsUuid=null fsLabel=null
01-12 11:09:11.937  1475  1656 I StorageManagerService:     path=/storage/emulated internalPath=/data/media
01-12 11:09:11.946  1475  1656 I StorageManagerService: Mounting volume VolumeInfo{emulated;9876}:
01-12 11:09:11.946  1475  1656 I StorageManagerService:     type=EMULATED diskId=null partGuid= mountFlags=PRIMARY|VISIBLE
01-12 11:09:11.946  1475  1656 I StorageManagerService:     mountUserId=9876 state=UNMOUNTED
01-12 11:09:11.946  1475  1656 I StorageManagerService:     fsType=null fsUuid=null fsLabel=null
01-12 11:09:11.946  1475  1656 I StorageManagerService:     path=null internalPath=null
01-12 11:09:11.947   621   632 I vold    : Mounting emulated fuse volume
01-12 11:09:11.957   621   632 I vold    : Bind mounting /mnt/runtime/full/emulated to /mnt/pass_through/9876/emulated
01-12 11:09:11.958  1475  1656 E StorageManagerService: hzy2 fd =java.io.FileDescriptor@2cd3306path=/storage/emulated,vol.internalPath /data/media
01-12 11:09:11.960  1475  1656 E StorageManagerService: Failed to mount volume VolumeInfo{emulated;9876}:
01-12 11:09:11.960  1475  1656 E StorageManagerService:     type=EMULATED diskId=null partGuid= mountFlags=PRIMARY|VISIBLE
01-12 11:09:11.960  1475  1656 E StorageManagerService:     mountUserId=9876 state=CHECKING
01-12 11:09:11.960  1475  1656 E StorageManagerService:     fsType=null fsUuid=null fsLabel=null
01-12 11:09:11.960  1475  1656 E StorageManagerService:     path=/storage/emulated internalPath=/data/media
01-12 11:09:11.960  1475  1656 E StorageManagerService:
01-12 11:09:11.960  1475  1656 E StorageManagerService: com.android.server.storage.StorageSessionController$ExternalStorageServiceException: Failed to bind to the ExternalStorageService for user 9876
01-12 11:09:11.960  1475  1656 E StorageManagerService: 	at com.android.server.storage.StorageUserConnection$ActiveConnection.bind(StorageUserConnection.java:456)
01-12 11:09:11.960  1475  1656 E StorageManagerService: 	at com.android.server.storage.StorageUserConnection.prepareRemote(StorageUserConnection.java:208)
01-12 11:09:11.960  1475  1656 E StorageManagerService: 	at com.android.server.storage.StorageUserConnection.startSession(StorageUserConnection.java:104)
01-12 11:09:11.960  1475  1656 E StorageManagerService: 	at com.android.server.storage.StorageSessionController.onVolumeMount(StorageSessionController.java:103)
01-12 11:09:11.960  1475  1656 E StorageManagerService: 	at com.android.server.StorageManagerService$8.onVolumeChecking(StorageManagerService.java:2252)
01-12 11:09:11.960  1475  1656 E StorageManagerService: 	at android.os.IVoldMountCallback$Stub.onTransact(IVoldMountCallback.java:87)
01-12 11:09:11.960  1475  1656 E StorageManagerService: 	at android.os.Binder.execTransactInternal(Binder.java:1159)
01-12 11:09:11.960  1475  1656 E StorageManagerService: 	at android.os.Binder.execTransact(Binder.java:1123)
01-12 11:09:11.960  1475  1656 E StorageManagerService: 	at android.os.BinderProxy.transactNative(Native Method)
01-12 11:09:11.960  1475  1656 E StorageManagerService: 	at android.os.BinderProxy.transact(BinderProxy.java:540)
01-12 11:09:11.960  1475  1656 E StorageManagerService: 	at android.os.IVold$Stub$Proxy.mount(IVold.java:1790)
01-12 11:09:11.960  1475  1656 E StorageManagerService: 	at com.android.server.StorageManagerService.mount(StorageManagerService.java:2243)
01-12 11:09:11.960  1475  1656 E StorageManagerService: 	at com.android.server.StorageManagerService.access$1800(StorageManagerService.java:210)
01-12 11:09:11.960  1475  1656 E StorageManagerService: 	at com.android.server.StorageManagerService$StorageManagerServiceHandler.handleMessage(StorageManagerService.java:773)
01-12 11:09:11.960  1475  1656 E StorageManagerService: 	at android.os.Handler.dispatchMessage(Handler.java:106)
01-12 11:09:11.960  1475  1656 E StorageManagerService: 	at android.os.Looper.loop(Looper.java:223)
01-12 11:09:11.960  1475  1656 E StorageManagerService: 	at android.os.HandlerThread.run(HandlerThread.java:67)
01-12 11:09:11.960  1475  1656 I StorageManagerService: Scheduling reset in 10s
01-12 11:09:11.960   621   632 I vold    : fuse_unmounter scope_guard running
01-12 11:09:11.960   621   632 I vold    : Unmounting pass_through_path /mnt/pass_through/9876/emulated
01-12 11:09:11.966   621   632 I vold    : Unmounting fuse path /mnt/user/9876/emulated
01-12 11:09:11.972   621   632 I vold    : sdcardfs_unmounter scope_guard running
01-12 11:09:11.972  1475  1656 E StorageManagerService: android.os.ServiceSpecificException:  (code -5)
01-12 11:09:11.972  1475  1656 E StorageManagerService: 	at android.os.Parcel.createExceptionOrNull(Parcel.java:2387)
01-12 11:09:11.972  1475  1656 E StorageManagerService: 	at android.os.Parcel.createException(Parcel.java:2357)
01-12 11:09:11.972  1475  1656 E StorageManagerService: 	at android.os.Parcel.readException(Parcel.java:2340)
01-12 11:09:11.972  1475  1656 E StorageManagerService: 	at android.os.Parcel.readException(Parcel.java:2282)
01-12 11:09:11.972  1475  1656 E StorageManagerService: 	at android.os.IVold$Stub$Proxy.mount(IVold.java:1795)
01-12 11:09:11.972  1475  1656 E StorageManagerService: 	at com.android.server.StorageManagerService.mount(StorageManagerService.java:2243)
01-12 11:09:11.972  1475  1656 E StorageManagerService: 	at com.android.server.StorageManagerService.access$1800(StorageManagerService.java:210)
01-12 11:09:11.972  1475  1656 E StorageManagerService: 	at com.android.server.StorageManagerService$StorageManagerServiceHandler.handleMessage(StorageManagerService.java:773)
01-12 11:09:11.972  1475  1656 E StorageManagerService: 	at android.os.Handler.dispatchMessage(Handler.java:106)
01-12 11:09:11.972  1475  1656 E StorageManagerService: 	at android.os.Looper.loop(Looper.java:223)
01-12 11:09:11.972  1475  1656 E StorageManagerService: 	at android.os.HandlerThread.run(HandlerThread.java:67)
01-12 11:09:11.974  1475  1656 E StorageManagerService: Failed to notify volume state changed to the Storage Service
01-12 11:09:11.974  1475  1656 E StorageManagerService: com.android.server.storage.StorageSessionController$ExternalStorageServiceException: Failed to bind to the ExternalStorageService for user 9876
01-12 11:09:11.974  1475  1656 E StorageManagerService: 	at com.android.server.storage.StorageUserConnection$ActiveConnection.bind(StorageUserConnection.java:456)
01-12 11:09:11.974  1475  1656 E StorageManagerService: 	at com.android.server.storage.StorageUserConnection.prepareRemote(StorageUserConnection.java:208)
01-12 11:09:11.974  1475  1656 E StorageManagerService: 	at com.android.server.storage.StorageUserConnection.notifyVolumeStateChanged(StorageUserConnection.java:124)
01-12 11:09:11.974  1475  1656 E StorageManagerService: 	at com.android.server.storage.StorageSessionController.notifyVolumeStateChanged(StorageSessionController.java:131)
01-12 11:09:11.974  1475  1656 E StorageManagerService: 	at com.android.server.StorageManagerService.onVolumeStateChangedAsync(StorageManagerService.java:1646)
01-12 11:09:11.974  1475  1656 E StorageManagerService: 	at com.android.server.StorageManagerService.access$2400(StorageManagerService.java:210)
01-12 11:09:11.974  1475  1656 E StorageManagerService: 	at com.android.server.StorageManagerService$StorageManagerServiceHandler.handleMessage(StorageManagerService.java:831)
01-12 11:09:11.974  1475  1656 E StorageManagerService: 	at android.os.Handler.dispatchMessage(Handler.java:106)
01-12 11:09:11.974  1475  1656 E StorageManagerService: 	at android.os.Looper.loop(Looper.java:223)
01-12 11:09:11.974  1475  1656 E StorageManagerService: 	at android.os.HandlerThread.run(HandlerThread.java:67)
01-12 11:09:11.998  1475  1656 E StorageManagerService: Failed to notify volume state changed to the Storage Service
01-12 11:09:11.998  1475  1656 E StorageManagerService: com.android.server.storage.StorageSessionController$ExternalStorageServiceException: Failed to bind to the ExternalStorageService for user 9876
01-12 11:09:11.998  1475  1656 E StorageManagerService: 	at com.android.server.storage.StorageUserConnection$ActiveConnection.bind(StorageUserConnection.java:456)
01-12 11:09:11.998  1475  1656 E StorageManagerService: 	at com.android.server.storage.StorageUserConnection.prepareRemote(StorageUserConnection.java:208)
01-12 11:09:11.998  1475  1656 E StorageManagerService: 	at com.android.server.storage.StorageUserConnection.notifyVolumeStateChanged(StorageUserConnection.java:124)
01-12 11:09:11.998  1475  1656 E StorageManagerService: 	at com.android.server.storage.StorageSessionController.notifyVolumeStateChanged(StorageSessionController.java:131)
01-12 11:09:11.998  1475  1656 E StorageManagerService: 	at com.android.server.StorageManagerService.onVolumeStateChangedAsync(StorageManagerService.java:1646)
01-12 11:09:11.998  1475  1656 E StorageManagerService: 	at com.android.server.StorageManagerService.access$2400(StorageManagerService.java:210)
01-12 11:09:11.998  1475  1656 E StorageManagerService: 	at com.android.server.StorageManagerService$StorageManagerServiceHandler.handleMessage(StorageManagerService.java:831)
01-12 11:09:11.998  1475  1656 E StorageManagerService: 	at android.os.Handler.dispatchMessage(Handler.java:106)
01-12 11:09:11.998  1475  1656 E StorageManagerService: 	at android.os.Looper.loop(Looper.java:223)
01-12 11:09:11.998  1475  1656 E StorageManagerService: 	at android.os.HandlerThread.run(HandlerThread.java:67)
01-12 11:09:12.002  1475  1656 E StorageManagerService: Failed to notify volume state changed to the Storage Service
01-12 11:09:12.002  1475  1656 E StorageManagerService: com.android.server.storage.StorageSessionController$ExternalStorageServiceException: Failed to bind to the ExternalStorageService for user 9876
01-12 11:09:12.002  1475  1656 E StorageManagerService: 	at com.android.server.storage.StorageUserConnection$ActiveConnection.bind(StorageUserConnection.java:456)
01-12 11:09:12.002  1475  1656 E StorageManagerService: 	at com.android.server.storage.StorageUserConnection.prepareRemote(StorageUserConnection.java:208)
01-12 11:09:12.002  1475  1656 E StorageManagerService: 	at com.android.server.storage.StorageUserConnection.notifyVolumeStateChanged(StorageUserConnection.java:124)
01-12 11:09:12.002  1475  1656 E StorageManagerService: 	at com.android.server.storage.StorageSessionController.notifyVolumeStateChanged(StorageSessionController.java:131)
01-12 11:09:12.002  1475  1656 E StorageManagerService: 	at com.android.server.StorageManagerService.onVolumeStateChangedAsync(StorageManagerService.java:1646)
01-12 11:09:12.002  1475  1656 E StorageManagerService: 	at com.android.server.StorageManagerService.access$2400(StorageManagerService.java:210)
01-12 11:09:12.002  1475  1656 E StorageManagerService: 	at com.android.server.StorageManagerService$StorageManagerServiceHandler.handleMessage(StorageManagerService.java:831)
01-12 11:09:12.002  1475  1656 E StorageManagerService: 	at android.os.Handler.dispatchMessage(Handler.java:106)
01-12 11:09:12.002  1475  1656 E StorageManagerService: 	at android.os.Looper.loop(Looper.java:223)
01-12 11:09:12.002  1475  1656 E StorageManagerService: 	at android.os.HandlerThread.run(HandlerThread.java:67)
01-12 11:09:12.004  1475  1656 D StorageManagerService: Volume emulated;0 broadcasting mounted to UserHandle{0}
01-12 11:09:12.005  1475  1656 D StorageManagerService: Volume emulated;0 broadcasting mounted to UserHandle{0}
01-12 11:09:12.006  1475  1656 D StorageManagerService: Volume emulated;9876 broadcasting unmountable to UserHandle{9876}
01-12 11:09:12.007  1475  1656 D StorageManagerService: Volume emulated;9876 broadcasting unmountable to UserHandle{9876}


pm uninstall --user 9876 com.android.dialer

pm uninstall --user 9876 com.android.documentsui

pm uninstall --user 9876 com.android.messaging

pm uninstall --user 9876 com.android.gallery3d
pm uninstall --user 9876 com.android.contacts
pm uninstall --user 9876 com.android.deskclock
pm uninstall --user 9876 com.android.camera2
pm uninstall --user 9876 com.android.calendar
